<html>
<body>
<pre>
<h1>µVision Build Log</h1>
<h2>Tool Versions:</h2>
IDE-Version: ¦ÌVision V5.36.0.0
Copyright (C) 2021 ARM Ltd and ARM Germany GmbH. All rights reserved.
License Information: Yu Eason, Huawei, LIC=14HV2-9GR1S-EVL1R-K0H31-YCSLG-LJJ7W
 
Tool Versions:
Toolchain:       MDK-ARM Plus  Version: 5.36.0.0
Toolchain Path:  E:\Keil_v5\ARM\ARMCC\Bin
C Compiler:      Armcc.exe V5.06 update 7 (build 960)
Assembler:       Armasm.exe V5.06 update 7 (build 960)
Linker/Locator:  ArmLink.exe V5.06 update 7 (build 960)
Library Manager: ArmAr.exe V5.06 update 7 (build 960)
Hex Converter:   FromElf.exe V5.06 update 7 (build 960)
CPU DLL:         SARMCM3.DLL V5.36.0.0
Dialog DLL:      DCM.DLL V1.17.3.0
Target DLL:      CMSIS_AGDI.dll V1.33.0.0
Dialog DLL:      TCM.DLL V1.53.0.0
 
<h2>Project:</h2>
G:\Robomaster\RoboMaster-C-Board-INS-Example-master\MDK-ARM\C_Board_Standard_Robot.uvprojx
Project File Date:  05/22/2023

<h2>Output:</h2>
*** Using Compiler 'V5.06 update 7 (build 960)', folder: 'E:\Keil_v5\ARM\ARMCC\Bin'
Build target 'C_Board_Standard_Robot'
assembling startup_stm32f407xx.s...
compiling can_Task.c...
compiling ros_Task.c...
compiling can.c...
compiling dma.c...
compiling bsp_can.c...
compiling spi.c...
compiling stm32f4xx_it.c...
compiling bsp_dwt.c...
compiling stm32f4xx_hal_timebase_tim.c...
compiling system_stm32f4xx.c...
compiling gpio.c...
compiling bsp_PWM.c...
compiling tim.c...
compiling stm32f4xx_hal_msp.c...
compiling usart.c...
compiling main.c...
compiling freertos.c...
compiling ins_task.c...
compiling kalman_filter.c...
compiling QuaternionEKF.c...
compiling bsp_chassis.c...
compiling CAN_receive.c...
..\Bsp\CAN_receive.c(43): warning:  #177-D: variable "gimbal_tx_message"  was declared but never referenced
  static CAN_TxHeaderTypeDef  gimbal_tx_message;
..\Bsp\CAN_receive.c(44): warning:  #177-D: variable "gimbal_can_send_data"  was declared but never referenced
  static uint8_t              gimbal_can_send_data[8];
..\Bsp\CAN_receive.c: 2 warnings, 0 errors
compiling stm32f4xx_hal_flash.c...
compiling bsp_ros.c...
compiling stm32f4xx_hal_flash_ex.c...
compiling BMI088driver.c...
compiling pid.c...
compiling stm32f4xx_hal_rcc_ex.c...
compiling BMI088Middleware.c...
compiling stm32f4xx_hal_can.c...
compiling stm32f4xx_hal_flash_ramfunc.c...
compiling stm32f4xx_hal_rcc.c...
compiling croutine.c...
compiling user_lib.c...
compiling event_groups.c...
compiling list.c...
compiling controller.c...
compiling queue.c...
compiling stream_buffer.c...
compiling timers.c...
compiling tasks.c...
compiling heap_4.c...
compiling cmsis_os.c...
compiling port.c...
compiling stm32f4xx_hal_gpio.c...
compiling stm32f4xx_hal_dma_ex.c...
compiling stm32f4xx_hal_dma.c...
compiling stm32f4xx_hal_cortex.c...
compiling stm32f4xx_hal_pwr.c...
compiling stm32f4xx_hal_pwr_ex.c...
compiling stm32f4xx_hal.c...
compiling stm32f4xx_hal_exti.c...
compiling stm32f4xx_hal_spi.c...
compiling stm32f4xx_hal_tim_ex.c...
compiling stm32f4xx_hal_uart.c...
compiling stm32f4xx_hal_tim.c...
linking...
Program Size: Code=48688 RO-data=2844 RW-data=1284 ZI-data=46140  
FromELF: creating hex file...
"C_Board_Standard_Robot\C_Board_Standard_Robot.axf" - 0 Error(s), 2 Warning(s).

<h2>Software Packages used:</h2>

Package Vendor: ARM
                http://www.keil.com/pack/ARM.CMSIS.5.9.0.pack
                ARM.CMSIS.5.9.0
                CMSIS (Common Microcontroller Software Interface Standard)
   * Component: CORE Version: 5.6.0

Package Vendor: Keil
                http://www.keil.com/pack/Keil.STM32F4xx_DFP.2.15.0.pack
                Keil.STM32F4xx_DFP.2.15.0
                STMicroelectronics STM32F4 Series Device Support, Drivers and Examples

<h2>Collection of Component include folders:</h2>
  .\RTE\_C_Board_Standard_Robot
  E:\Keil_v5\Packs\ARM\CMSIS\5.9.0\CMSIS\Core\Include
  E:\Keil_v5\Packs\Keil\STM32F4xx_DFP\2.15.0\Drivers\CMSIS\Device\ST\STM32F4xx\Include

<h2>Collection of Component Files used:</h2>

   * Component: ARM::CMSIS:CORE:5.6.0
Build Time Elapsed:  00:00:45
</pre>
</body>
</html>
