Component: ARM Compiler 5.06 update 7 (build 960) Tool: armlink [4d3601]

==============================================================================

Section Cross References

    startup_stm32f407xx.o(RESET) refers to startup_stm32f407xx.o(STACK) for __initial_sp
    startup_stm32f407xx.o(RESET) refers to startup_stm32f407xx.o(.text) for Reset_Handler
    startup_stm32f407xx.o(RESET) refers to stm32f4xx_it.o(i.NMI_Handler) for NMI_Handler
    startup_stm32f407xx.o(RESET) refers to stm32f4xx_it.o(i.HardFault_Handler) for HardFault_Handler
    startup_stm32f407xx.o(RESET) refers to stm32f4xx_it.o(i.MemManage_Handler) for MemManage_Handler
    startup_stm32f407xx.o(RESET) refers to stm32f4xx_it.o(i.BusFault_Handler) for BusFault_Handler
    startup_stm32f407xx.o(RESET) refers to stm32f4xx_it.o(i.UsageFault_Handler) for UsageFault_Handler
    startup_stm32f407xx.o(RESET) refers to port.o(.emb_text) for SVC_Handler
    startup_stm32f407xx.o(RESET) refers to stm32f4xx_it.o(i.DebugMon_Handler) for DebugMon_Handler
    startup_stm32f407xx.o(RESET) refers to port.o(i.SysTick_Handler) for SysTick_Handler
    startup_stm32f407xx.o(RESET) refers to stm32f4xx_it.o(i.EXTI3_IRQHandler) for EXTI3_IRQHandler
    startup_stm32f407xx.o(RESET) refers to stm32f4xx_it.o(i.EXTI4_IRQHandler) for EXTI4_IRQHandler
    startup_stm32f407xx.o(RESET) refers to stm32f4xx_it.o(i.CAN1_TX_IRQHandler) for CAN1_TX_IRQHandler
    startup_stm32f407xx.o(RESET) refers to stm32f4xx_it.o(i.CAN1_RX0_IRQHandler) for CAN1_RX0_IRQHandler
    startup_stm32f407xx.o(RESET) refers to stm32f4xx_it.o(i.EXTI9_5_IRQHandler) for EXTI9_5_IRQHandler
    startup_stm32f407xx.o(RESET) refers to stm32f4xx_it.o(i.TIM2_IRQHandler) for TIM2_IRQHandler
    startup_stm32f407xx.o(RESET) refers to stm32f4xx_it.o(i.USART1_IRQHandler) for USART1_IRQHandler
    startup_stm32f407xx.o(RESET) refers to stm32f4xx_it.o(i.USART6_IRQHandler) for USART6_IRQHandler
    startup_stm32f407xx.o(.text) refers to system_stm32f4xx.o(i.SystemInit) for SystemInit
    startup_stm32f407xx.o(.text) refers to entry.o(.ARM.Collect$$$$00000000) for __main
    main.o(i.HAL_TIM_PeriodElapsedCallback) refers to stm32f4xx_hal.o(i.HAL_IncTick) for HAL_IncTick
    main.o(i.SystemClock_Config) refers to memseta.o(.text) for __aeabi_memclr4
    main.o(i.SystemClock_Config) refers to stm32f4xx_hal_rcc.o(i.HAL_RCC_OscConfig) for HAL_RCC_OscConfig
    main.o(i.SystemClock_Config) refers to main.o(i.Error_Handler) for Error_Handler
    main.o(i.SystemClock_Config) refers to stm32f4xx_hal_rcc.o(i.HAL_RCC_ClockConfig) for HAL_RCC_ClockConfig
    main.o(i.main) refers to stm32f4xx_hal.o(i.HAL_Init) for HAL_Init
    main.o(i.main) refers to main.o(i.SystemClock_Config) for SystemClock_Config
    main.o(i.main) refers to gpio.o(i.MX_GPIO_Init) for MX_GPIO_Init
    main.o(i.main) refers to dma.o(i.MX_DMA_Init) for MX_DMA_Init
    main.o(i.main) refers to spi.o(i.MX_SPI1_Init) for MX_SPI1_Init
    main.o(i.main) refers to tim.o(i.MX_TIM10_Init) for MX_TIM10_Init
    main.o(i.main) refers to can.o(i.MX_CAN1_Init) for MX_CAN1_Init
    main.o(i.main) refers to usart.o(i.MX_USART1_UART_Init) for MX_USART1_UART_Init
    main.o(i.main) refers to usart.o(i.MX_USART6_UART_Init) for MX_USART6_UART_Init
    main.o(i.main) refers to tim.o(i.MX_TIM1_Init) for MX_TIM1_Init
    main.o(i.main) refers to bsp_can.o(i.can_filter_init) for can_filter_init
    main.o(i.main) refers to stm32f4xx_hal_uart.o(i.HAL_UART_Receive_IT) for HAL_UART_Receive_IT
    main.o(i.main) refers to bsp_dwt.o(i.DWT_Init) for DWT_Init
    main.o(i.main) refers to bmi088driver.o(i.BMI088_init) for BMI088_init
    main.o(i.main) refers to freertos.o(i.MX_FREERTOS_Init) for MX_FREERTOS_Init
    main.o(i.main) refers to cmsis_os.o(i.osKernelStart) for osKernelStart
    main.o(i.main) refers to usart.o(.bss) for RxBuffer
    main.o(i.main) refers to usart.o(.data) for pidRxBuffer
    main.o(i.main) refers to spi.o(.bss) for hspi1
    gpio.o(i.MX_GPIO_Init) refers to memseta.o(.text) for __aeabi_memclr4
    gpio.o(i.MX_GPIO_Init) refers to stm32f4xx_hal_gpio.o(i.HAL_GPIO_WritePin) for HAL_GPIO_WritePin
    gpio.o(i.MX_GPIO_Init) refers to stm32f4xx_hal_gpio.o(i.HAL_GPIO_Init) for HAL_GPIO_Init
    gpio.o(i.MX_GPIO_Init) refers to stm32f4xx_hal_cortex.o(i.HAL_NVIC_SetPriority) for HAL_NVIC_SetPriority
    gpio.o(i.MX_GPIO_Init) refers to stm32f4xx_hal_cortex.o(i.HAL_NVIC_EnableIRQ) for HAL_NVIC_EnableIRQ
    freertos.o(i.MX_FREERTOS_Init) refers to memcpya.o(.text) for __aeabi_memcpy4
    freertos.o(i.MX_FREERTOS_Init) refers to cmsis_os.o(i.osThreadCreate) for osThreadCreate
    freertos.o(i.MX_FREERTOS_Init) refers to freertos.o(.constdata) for .constdata
    freertos.o(i.MX_FREERTOS_Init) refers to freertos.o(.data) for INSTaskHandle
    freertos.o(i.StartCANTask) refers to tasks.o(i.vTaskDelay) for vTaskDelay
    freertos.o(i.StartCANTask) refers to detect_task.o(i.toe_is_error) for toe_is_error
[...]
    DMA2_Stream1_IRQHandler                  0x0800027b   Thumb Code     0  startup_stm32f407xx.o(.text)
    DMA2_Stream2_IRQHandler                  0x0800027b   Thumb Code     0  startup_stm32f407xx.o(.text)
    DMA2_Stream3_IRQHandler                  0x0800027b   Thumb Code     0  startup_stm32f407xx.o(.text)
    DMA2_Stream4_IRQHandler                  0x0800027b   Thumb Code     0  startup_stm32f407xx.o(.text)
    DMA2_Stream5_IRQHandler                  0x0800027b   Thumb Code     0  startup_stm32f407xx.o(.text)
    DMA2_Stream6_IRQHandler                  0x0800027b   Thumb Code     0  startup_stm32f407xx.o(.text)
    DMA2_Stream7_IRQHandler                  0x0800027b   Thumb Code     0  startup_stm32f407xx.o(.text)
    ETH_IRQHandler                           0x0800027b   Thumb Code     0  startup_stm32f407xx.o(.text)
    ETH_WKUP_IRQHandler                      0x0800027b   Thumb Code     0  startup_stm32f407xx.o(.text)
    EXTI0_IRQHandler                         0x0800027b   Thumb Code     0  startup_stm32f407xx.o(.text)
    EXTI15_10_IRQHandler                     0x0800027b   Thumb Code     0  startup_stm32f407xx.o(.text)
    EXTI1_IRQHandler                         0x0800027b   Thumb Code     0  startup_stm32f407xx.o(.text)
    EXTI2_IRQHandler                         0x0800027b   Thumb Code     0  startup_stm32f407xx.o(.text)
    FLASH_IRQHandler                         0x0800027b   Thumb Code     0  startup_stm32f407xx.o(.text)
    FMC_IRQHandler                           0x0800027b   Thumb Code     0  startup_stm32f407xx.o(.text)
    FPU_IRQHandler                           0x0800027b   Thumb Code     0  startup_stm32f407xx.o(.text)
    HASH_RNG_IRQHandler                      0x0800027b   Thumb Code     0  startup_stm32f407xx.o(.text)
    I2C1_ER_IRQHandler                       0x0800027b   Thumb Code     0  startup_stm32f407xx.o(.text)
    I2C1_EV_IRQHandler                       0x0800027b   Thumb Code     0  startup_stm32f407xx.o(.text)
    I2C2_ER_IRQHandler                       0x0800027b   Thumb Code     0  startup_stm32f407xx.o(.text)
    I2C2_EV_IRQHandler                       0x0800027b   Thumb Code     0  startup_stm32f407xx.o(.text)
    I2C3_ER_IRQHandler                       0x0800027b   Thumb Code     0  startup_stm32f407xx.o(.text)
    I2C3_EV_IRQHandler                       0x0800027b   Thumb Code     0  startup_stm32f407xx.o(.text)
    OTG_FS_IRQHandler                        0x0800027b   Thumb Code     0  startup_stm32f407xx.o(.text)
    OTG_FS_WKUP_IRQHandler                   0x0800027b   Thumb Code     0  startup_stm32f407xx.o(.text)
    OTG_HS_EP1_IN_IRQHandler                 0x0800027b   Thumb Code     0  startup_stm32f407xx.o(.text)
    OTG_HS_EP1_OUT_IRQHandler                0x0800027b   Thumb Code     0  startup_stm32f407xx.o(.text)
    OTG_HS_IRQHandler                        0x0800027b   Thumb Code     0  startup_stm32f407xx.o(.text)
    OTG_HS_WKUP_IRQHandler                   0x0800027b   Thumb Code     0  startup_stm32f407xx.o(.text)
    PVD_IRQHandler                           0x0800027b   Thumb Code     0  startup_stm32f407xx.o(.text)
    RCC_IRQHandler                           0x0800027b   Thumb Code     0  startup_stm32f407xx.o(.text)
    RTC_Alarm_IRQHandler                     0x0800027b   Thumb Code     0  startup_stm32f407xx.o(.text)
    RTC_WKUP_IRQHandler                      0x0800027b   Thumb Code     0  startup_stm32f407xx.o(.text)
    SDIO_IRQHandler                          0x0800027b   Thumb Code     0  startup_stm32f407xx.o(.text)
    SPI1_IRQHandler                          0x0800027b   Thumb Code     0  startup_stm32f407xx.o(.text)
    SPI2_IRQHandler                          0x0800027b   Thumb Code     0  startup_stm32f407xx.o(.text)
    SPI3_IRQHandler                          0x0800027b   Thumb Code     0  startup_stm32f407xx.o(.text)
    TAMP_STAMP_IRQHandler                    0x0800027b   Thumb Code     0  startup_stm32f407xx.o(.text)
    TIM1_BRK_TIM9_IRQHandler                 0x0800027b   Thumb Code     0  startup_stm32f407xx.o(.text)
    TIM1_CC_IRQHandler                       0x0800027b   Thumb Code     0  startup_stm32f407xx.o(.text)
    TIM1_TRG_COM_TIM11_IRQHandler            0x0800027b   Thumb Code     0  startup_stm32f407xx.o(.text)
    TIM1_UP_TIM10_IRQHandler                 0x0800027b   Thumb Code     0  startup_stm32f407xx.o(.text)
    TIM3_IRQHandler                          0x0800027b   Thumb Code     0  startup_stm32f407xx.o(.text)
    TIM4_IRQHandler                          0x0800027b   Thumb Code     0  startup_stm32f407xx.o(.text)
    TIM5_IRQHandler                          0x0800027b   Thumb Code     0  startup_stm32f407xx.o(.text)
    TIM6_DAC_IRQHandler                      0x0800027b   Thumb Code     0  startup_stm32f407xx.o(.text)
    TIM7_IRQHandler                          0x0800027b   Thumb Code     0  startup_stm32f407xx.o(.text)
    TIM8_BRK_TIM12_IRQHandler                0x0800027b   Thumb Code     0  startup_stm32f407xx.o(.text)
    TIM8_CC_IRQHandler                       0x0800027b   Thumb Code     0  startup_stm32f407xx.o(.text)
    TIM8_TRG_COM_TIM14_IRQHandler            0x0800027b   Thumb Code     0  startup_stm32f407xx.o(.text)
    TIM8_UP_TIM13_IRQHandler                 0x0800027b   Thumb Code     0  startup_stm32f407xx.o(.text)
    UART4_IRQHandler                         0x0800027b   Thumb Code     0  startup_stm32f407xx.o(.text)
    UART5_IRQHandler                         0x0800027b   Thumb Code     0  startup_stm32f407xx.o(.text)
    USART2_IRQHandler                        0x0800027b   Thumb Code     0  startup_stm32f407xx.o(.text)
    USART3_IRQHandler                        0x0800027b   Thumb Code     0  startup_stm32f407xx.o(.text)
    WWDG_IRQHandler                          0x0800027b   Thumb Code     0  startup_stm32f407xx.o(.text)
    arm_cos_f32                              0x08000285   Thumb Code   108  arm_cos_f32.o(.text)
    arm_sin_f32                              0x080002fd   Thumb Code   130  arm_sin_f32.o(.text)
    arm_mat_add_f32                          0x08000391   Thumb Code   264  arm_mat_add_f32.o(.text)
    arm_mat_init_f32                         0x08000499   Thumb Code     8  arm_mat_init_f32.o(.text)
    arm_mat_inverse_f32                      0x080004a1   Thumb Code  1328  arm_mat_inverse_f32.o(.text)
    arm_mat_mult_f32                         0x080009d1   Thumb Code   312  arm_mat_mult_f32.o(.text)
    arm_mat_sub_f32                          0x08000b0d   Thumb Code   264  arm_mat_sub_f32.o(.text)
    arm_mat_trans_f32                        0x08000c15   Thumb Code   276  arm_mat_trans_f32.o(.text)
    __aeabi_uldivmod                         0x08000d29   Thumb Code    98  uldiv.o(.text)
    __aeabi_memcpy                           0x08000d8b   Thumb Code    36  memcpya.o(.text)
    __aeabi_memcpy4                          0x08000d8b   Thumb Code     0  memcpya.o(.text)
    __aeabi_memcpy8                          0x08000d8b   Thumb Code     0  memcpya.o(.text)
    __aeabi_memset                           0x08000daf   Thumb Code    14  memseta.o(.text)
    __aeabi_memset4                          0x08000daf   Thumb Code     0  memseta.o(.text)
    __aeabi_memset8                          0x08000daf   Thumb Code     0  memseta.o(.text)
    __aeabi_memclr                           0x08000dbd   Thumb Code     4  memseta.o(.text)
    __aeabi_memclr4                          0x08000dbd   Thumb Code     0  memseta.o(.text)
    __aeabi_memclr8                          0x08000dbd   Thumb Code     0  memseta.o(.text)
    memset                                   0x08000dc1   Thumb Code    18  memseta.o(.text)
    __aeabi_dmul                             0x08000dd3   Thumb Code   228  dmul.o(.text)
    __aeabi_f2d                              0x08000eb7   Thumb Code    38  f2d.o(.text)
    __aeabi_d2f                              0x08000edd   Thumb Code    56  d2f.o(.text)
    __aeabi_llsl                             0x08000f15   Thumb Code    30  llshl.o(.text)
    _ll_shift_l                              0x08000f15   Thumb Code     0  llshl.o(.text)
    __aeabi_llsr                             0x08000f33   Thumb Code    32  llushr.o(.text)
    _ll_ushift_r                             0x08000f33   Thumb Code     0  llushr.o(.text)
    __I$use$fp                               0x08000f53   Thumb Code     0  iusefp.o(.text)
    _float_round                             0x08000f53   Thumb Code    18  fepilogue.o(.text)
    _float_epilogue                          0x08000f65   Thumb Code    92  fepilogue.o(.text)
    _double_round                            0x08000fc1   Thumb Code    30  depilogue.o(.text)
    _double_epilogue                         0x08000fdf   Thumb Code   156  depilogue.o(.text)
    __scatterload                            0x0800107d   Thumb Code    28  init.o(.text)
    __scatterload_rt2                        0x0800107d   Thumb Code     0  init.o(.text)
    __decompress                             0x080010a1   Thumb Code     0  __dczerorl2.o(.text)
    __decompress1                            0x080010a1   Thumb Code    86  __dczerorl2.o(.text)
    BMI088_ACCEL_NS_H                        0x080010f9   Thumb Code    14  bmi088middleware.o(i.BMI088_ACCEL_NS_H)
    BMI088_ACCEL_NS_L                        0x0800110d   Thumb Code    14  bmi088middleware.o(i.BMI088_ACCEL_NS_L)
    BMI088_GYRO_NS_H                         0x08001121   Thumb Code    14  bmi088middleware.o(i.BMI088_GYRO_NS_H)
    BMI088_GYRO_NS_L                         0x08001135   Thumb Code    14  bmi088middleware.o(i.BMI088_GYRO_NS_L)
    BMI088_Read                              0x08001149   Thumb Code   614  bmi088driver.o(i.BMI088_Read)
    BMI088_init                              0x080013c5   Thumb Code   118  bmi088driver.o(i.BMI088_init)
    BMI088_read_write_byte                   0x0800149d   Thumb Code    30  bmi088middleware.o(i.BMI088_read_write_byte)
    BodyFrameToEarthFrame                    0x080014d5   Thumb Code   346  ins_task.o(i.BodyFrameToEarthFrame)
    BusFault_Handler                         0x0800162f   Thumb Code     4  stm32f4xx_it.o(i.BusFault_Handler)
    CAN1_RX0_IRQHandler                      0x08001635   Thumb Code    10  stm32f4xx_it.o(i.CAN1_RX0_IRQHandler)
    CAN1_TX_IRQHandler                       0x08001645   Thumb Code    10  stm32f4xx_it.o(i.CAN1_TX_IRQHandler)
    CAN_cmd_chassis                          0x08001655   Thumb Code    68  can_receive.o(i.CAN_cmd_chassis)
    Chassis_init                             0x08001be5   Thumb Code    26  bsp_chassis.o(i.Chassis_init)
    DWT_Delay                                0x08001d11   Thumb Code    50  bsp_dwt.o(i.DWT_Delay)
    DWT_GetDeltaT                            0x08001d4d   Thumb Code    68  bsp_dwt.o(i.DWT_GetDeltaT)
    DWT_GetTimeline_s                        0x08001d99   Thumb Code    72  bsp_dwt.o(i.DWT_GetTimeline_s)
    DWT_Init                                 0x08001ded   Thumb Code    74  bsp_dwt.o(i.DWT_Init)
    DWT_SysTimeUpdate                        0x08001e55   Thumb Code   168  bsp_dwt.o(i.DWT_SysTimeUpdate)
    DebugMon_Handler                         0x08001f25   Thumb Code     2  stm32f4xx_it.o(i.DebugMon_Handler)
    DetectHook                               0x08001f29   Thumb Code   110  detect_task.o(i.DetectHook)
    DetectInit                               0x08001f9d   Thumb Code   214  detect_task.o(i.DetectInit)
    DetectTask                               0x0800207d   Thumb Code   312  detect_task.o(i.DetectTask)
    EXTI3_IRQHandler                         0x080021c1   Thumb Code    10  stm32f4xx_it.o(i.EXTI3_IRQHandler)
    EXTI4_IRQHandler                         0x080021cb   Thumb Code    10  stm32f4xx_it.o(i.EXTI4_IRQHandler)
    EXTI9_5_IRQHandler                       0x080021d5   Thumb Code    22  stm32f4xx_it.o(i.EXTI9_5_IRQHandler)
    EarthFrameToBodyFrame                    0x080021eb   Thumb Code   346  ins_task.o(i.EarthFrameToBodyFrame)
    Error_Handler                            0x08002345   Thumb Code     2  main.o(i.Error_Handler)
    Get_Data                                 0x08002349   Thumb Code   344  usart.o(i.Get_Data)
    HAL_CAN_ActivateNotification             0x080024b1   Thumb Code    42  stm32f4xx_hal_can.o(i.HAL_CAN_ActivateNotification)
    HAL_CAN_AddTxMessage                     0x080024db   Thumb Code   342  stm32f4xx_hal_can.o(i.HAL_CAN_AddTxMessage)
    HAL_CAN_ConfigFilter                     0x08002631   Thumb Code   286  stm32f4xx_hal_can.o(i.HAL_CAN_ConfigFilter)
    HAL_CAN_ErrorCallback                    0x08002755   Thumb Code     2  stm32f4xx_hal_can.o(i.HAL_CAN_ErrorCallback)
    HAL_CAN_GetRxMessage                     0x08002757   Thumb Code   378  stm32f4xx_hal_can.o(i.HAL_CAN_GetRxMessage)
    HAL_CAN_IRQHandler                       0x080028d1   Thumb Code   590  stm32f4xx_hal_can.o(i.HAL_CAN_IRQHandler)
    HAL_CAN_Init                             0x08002b1f   Thumb Code   372  stm32f4xx_hal_can.o(i.HAL_CAN_Init)
    HAL_CAN_MspInit                          0x08002c95   Thumb Code   154  can.o(i.HAL_CAN_MspInit)
    HAL_CAN_RxFifo0FullCallback              0x08002d3d   Thumb Code     2  stm32f4xx_hal_can.o(i.HAL_CAN_RxFifo0FullCallback)
    HAL_CAN_RxFifo0MsgPendingCallback        0x08002d41   Thumb Code   200  can_receive.o(i.HAL_CAN_RxFifo0MsgPendingCallback)
    HAL_CAN_RxFifo1FullCallback              0x08002e11   Thumb Code     2  stm32f4xx_hal_can.o(i.HAL_CAN_RxFifo1FullCallback)
    HAL_CAN_RxFifo1MsgPendingCallback        0x08002e13   Thumb Code     2  stm32f4xx_hal_can.o(i.HAL_CAN_RxFifo1MsgPendingCallback)
    HAL_CAN_SleepCallback                    0x08002e15   Thumb Code     2  stm32f4xx_hal_can.o(i.HAL_CAN_SleepCallback)
    HAL_CAN_Start                            0x08002e17   Thumb Code    94  stm32f4xx_hal_can.o(i.HAL_CAN_Start)
    HAL_CAN_TxMailbox0AbortCallback          0x08002e75   Thumb Code     2  stm32f4xx_hal_can.o(i.HAL_CAN_TxMailbox0AbortCallback)
    HAL_CAN_TxMailbox0CompleteCallback       0x08002e77   Thumb Code     2  stm32f4xx_hal_can.o(i.HAL_CAN_TxMailbox0CompleteCallback)
    HAL_CAN_TxMailbox1AbortCallback          0x08002e79   Thumb Code     2  stm32f4xx_hal_can.o(i.HAL_CAN_TxMailbox1AbortCallback)
    HAL_CAN_TxMailbox1CompleteCallback       0x08002e7b   Thumb Code     2  stm32f4xx_hal_can.o(i.HAL_CAN_TxMailbox1CompleteCallback)
    HAL_CAN_TxMailbox2AbortCallback          0x08002e7d   Thumb Code     2  stm32f4xx_hal_can.o(i.HAL_CAN_TxMailbox2AbortCallback)
    HAL_CAN_TxMailbox2CompleteCallback       0x08002e7f   Thumb Code     2  stm32f4xx_hal_can.o(i.HAL_CAN_TxMailbox2CompleteCallback)
    HAL_CAN_WakeUpFromRxMsgCallback          0x08002e81   Thumb Code     2  stm32f4xx_hal_can.o(i.HAL_CAN_WakeUpFromRxMsgCallback)
    HAL_DMA_Abort                            0x08002e83   Thumb Code   172  stm32f4xx_hal_dma.o(i.HAL_DMA_Abort)
    HAL_DMA_Abort_IT                         0x08002f2f   Thumb Code    40  stm32f4xx_hal_dma.o(i.HAL_DMA_Abort_IT)
    HAL_DMA_Init                             0x08002f59   Thumb Code   232  stm32f4xx_hal_dma.o(i.HAL_DMA_Init)
    HAL_Delay                                0x08003045   Thumb Code    36  stm32f4xx_hal.o(i.HAL_Delay)
    HAL_GPIO_EXTI_Callback                   0x0800306d   Thumb Code     2  stm32f4xx_hal_gpio.o(i.HAL_GPIO_EXTI_Callback)
    HAL_GPIO_EXTI_IRQHandler                 0x08003071   Thumb Code    24  stm32f4xx_hal_gpio.o(i.HAL_GPIO_EXTI_IRQHandler)
    HAL_GPIO_Init                            0x0800308d   Thumb Code   452  stm32f4xx_hal_gpio.o(i.HAL_GPIO_Init)
    HAL_GPIO_WritePin                        0x0800327d   Thumb Code    12  stm32f4xx_hal_gpio.o(i.HAL_GPIO_WritePin)
    HAL_GetTick                              0x08003289   Thumb Code     6  stm32f4xx_hal.o(i.HAL_GetTick)
    HAL_IncTick                              0x08003295   Thumb Code    16  stm32f4xx_hal.o(i.HAL_IncTick)
    HAL_Init                                 0x080032ad   Thumb Code    54  stm32f4xx_hal.o(i.HAL_Init)
    HAL_InitTick                             0x080032e9   Thumb Code   124  stm32f4xx_hal_timebase_tim.o(i.HAL_InitTick)
    HAL_MspInit                              0x08003371   Thumb Code    78  stm32f4xx_hal_msp.o(i.HAL_MspInit)
    HAL_NVIC_EnableIRQ                       0x080033c5   Thumb Code    32  stm32f4xx_hal_cortex.o(i.HAL_NVIC_EnableIRQ)
    HAL_NVIC_SetPriority                     0x080033e5   Thumb Code   124  stm32f4xx_hal_cortex.o(i.HAL_NVIC_SetPriority)
    HAL_NVIC_SetPriorityGrouping             0x08003461   Thumb Code    32  stm32f4xx_hal_cortex.o(i.HAL_NVIC_SetPriorityGrouping)
    HAL_RCC_ClockConfig                      0x08003489   Thumb Code   368  stm32f4xx_hal_rcc.o(i.HAL_RCC_ClockConfig)
    HAL_RCC_GetClockConfig                   0x0800360d   Thumb Code    58  stm32f4xx_hal_rcc.o(i.HAL_RCC_GetClockConfig)
    HAL_RCC_GetHCLKFreq                      0x08003651   Thumb Code     6  stm32f4xx_hal_rcc.o(i.HAL_RCC_GetHCLKFreq)
    HAL_RCC_GetPCLK1Freq                     0x0800365d   Thumb Code    22  stm32f4xx_hal_rcc.o(i.HAL_RCC_GetPCLK1Freq)
    HAL_RCC_GetPCLK2Freq                     0x0800367d   Thumb Code    22  stm32f4xx_hal_rcc.o(i.HAL_RCC_GetPCLK2Freq)
    HAL_RCC_GetSysClockFreq                  0x0800369d   Thumb Code   162  stm32f4xx_hal_rcc.o(i.HAL_RCC_GetSysClockFreq)
    HAL_RCC_OscConfig                        0x0800374d   Thumb Code  1172  stm32f4xx_hal_rcc.o(i.HAL_RCC_OscConfig)
    HAL_SPI_Init                             0x08003be9   Thumb Code   200  stm32f4xx_hal_spi.o(i.HAL_SPI_Init)
    HAL_SPI_MspInit                          0x08003cb1   Thumb Code   316  spi.o(i.HAL_SPI_MspInit)
    HAL_SPI_TransmitReceive                  0x08003e09   Thumb Code   554  stm32f4xx_hal_spi.o(i.HAL_SPI_TransmitReceive)
    HAL_TIMEx_BreakCallback                  0x08004033   Thumb Code     2  stm32f4xx_hal_tim_ex.o(i.HAL_TIMEx_BreakCallback)
    HAL_TIMEx_CommutCallback                 0x08004035   Thumb Code     2  stm32f4xx_hal_tim_ex.o(i.HAL_TIMEx_CommutCallback)
    HAL_TIMEx_ConfigBreakDeadTime            0x08004037   Thumb Code   116  stm32f4xx_hal_tim_ex.o(i.HAL_TIMEx_ConfigBreakDeadTime)
    HAL_TIMEx_MasterConfigSynchronization    0x080040ad   Thumb Code   150  stm32f4xx_hal_tim_ex.o(i.HAL_TIMEx_MasterConfigSynchronization)
    HAL_TIM_Base_Init                        0x08004161   Thumb Code   102  stm32f4xx_hal_tim.o(i.HAL_TIM_Base_Init)
    HAL_TIM_Base_MspInit                     0x080041c9   Thumb Code    84  tim.o(i.HAL_TIM_Base_MspInit)
    HAL_TIM_Base_Start_IT                    0x08004229   Thumb Code   138  stm32f4xx_hal_tim.o(i.HAL_TIM_Base_Start_IT)
    HAL_TIM_ConfigClockSource                0x080042d1   Thumb Code   268  stm32f4xx_hal_tim.o(i.HAL_TIM_ConfigClockSource)
    HAL_TIM_IC_CaptureCallback               0x080043dd   Thumb Code     2  stm32f4xx_hal_tim.o(i.HAL_TIM_IC_CaptureCallback)
    HAL_TIM_IRQHandler                       0x080043df   Thumb Code   406  stm32f4xx_hal_tim.o(i.HAL_TIM_IRQHandler)
    HAL_TIM_MspPostInit                      0x08004575   Thumb Code   212  tim.o(i.HAL_TIM_MspPostInit)
    HAL_TIM_OC_DelayElapsedCallback          0x08004661   Thumb Code     2  stm32f4xx_hal_tim.o(i.HAL_TIM_OC_DelayElapsedCallback)
    HAL_TIM_PWM_ConfigChannel                0x08004663   Thumb Code   260  stm32f4xx_hal_tim.o(i.HAL_TIM_PWM_ConfigChannel)
    HAL_TIM_PWM_Init                         0x08004767   Thumb Code   102  stm32f4xx_hal_tim.o(i.HAL_TIM_PWM_Init)
    HAL_TIM_PWM_MspInit                      0x080047cd   Thumb Code     2  stm32f4xx_hal_tim.o(i.HAL_TIM_PWM_MspInit)
    HAL_TIM_PWM_PulseFinishedCallback        0x080047cf   Thumb Code     2  stm32f4xx_hal_tim.o(i.HAL_TIM_PWM_PulseFinishedCallback)
    HAL_TIM_PWM_Start                        0x080047d1   Thumb Code   238  stm32f4xx_hal_tim.o(i.HAL_TIM_PWM_Start)
    HAL_TIM_PeriodElapsedCallback            0x080048dd   Thumb Code    18  main.o(i.HAL_TIM_PeriodElapsedCallback)
    HAL_TIM_TriggerCallback                  0x080048ef   Thumb Code     2  stm32f4xx_hal_tim.o(i.HAL_TIM_TriggerCallback)
    HAL_UARTEx_RxEventCallback               0x080048f1   Thumb Code     2  stm32f4xx_hal_uart.o(i.HAL_UARTEx_RxEventCallback)
    HAL_UART_ErrorCallback                   0x080048f3   Thumb Code     2  stm32f4xx_hal_uart.o(i.HAL_UART_ErrorCallback)
    HAL_UART_IRQHandler                      0x080048f5   Thumb Code   732  stm32f4xx_hal_uart.o(i.HAL_UART_IRQHandler)
    HAL_UART_Init                            0x08004bd5   Thumb Code   114  stm32f4xx_hal_uart.o(i.HAL_UART_Init)
    HAL_UART_MspInit                         0x08004c49   Thumb Code   322  usart.o(i.HAL_UART_MspInit)
    HAL_UART_Receive_IT                      0x08004da5   Thumb Code    66  stm32f4xx_hal_uart.o(i.HAL_UART_Receive_IT)
    HAL_UART_RxCpltCallback                  0x08004de9   Thumb Code   154  usart.o(i.HAL_UART_RxCpltCallback)
    HAL_UART_Transmit                        0x08004ead   Thumb Code   210  stm32f4xx_hal_uart.o(i.HAL_UART_Transmit)
    HAL_UART_TxCpltCallback                  0x08004f7f   Thumb Code     2  stm32f4xx_hal_uart.o(i.HAL_UART_TxCpltCallback)
    HardFault_Handler                        0x080050b1   Thumb Code     4  stm32f4xx_it.o(i.HardFault_Handler)
    IMU_QuaternionEKF_Init                   0x08005661   Thumb Code   264  quaternionekf.o(i.IMU_QuaternionEKF_Init)
    IMU_QuaternionEKF_Update                 0x080058ed   Thumb Code  1566  quaternionekf.o(i.IMU_QuaternionEKF_Update)
    IMU_Temperature_Ctrl                     0x08006429   Thumb Code    90  ins_task.o(i.IMU_Temperature_Ctrl)
    INS_Init                                 0x0800649d   Thumb Code   152  ins_task.o(i.INS_Init)
    INS_Task                                 0x08006561   Thumb Code   622  ins_task.o(i.INS_Task)
    Kalman_Filter_Init                       0x08006815   Thumb Code  1800  kalman_filter.o(i.Kalman_Filter_Init)
    Kalman_Filter_Measure                    0x08006f21   Thumb Code    74  kalman_filter.o(i.Kalman_Filter_Measure)
    Kalman_Filter_P_Update                   0x08006f71   Thumb Code   104  kalman_filter.o(i.Kalman_Filter_P_Update)
    Kalman_Filter_PminusUpdate               0x08006fd9   Thumb Code   104  kalman_filter.o(i.Kalman_Filter_PminusUpdate)
    Kalman_Filter_SetK                       0x08007041   Thumb Code   210  kalman_filter.o(i.Kalman_Filter_SetK)
    Kalman_Filter_Update                     0x08007115   Thumb Code   292  kalman_filter.o(i.Kalman_Filter_Update)
    Kalman_Filter_xhatMinusUpdate            0x0800723d   Thumb Code   124  kalman_filter.o(i.Kalman_Filter_xhatMinusUpdate)
    Kalman_Filter_xhatUpdate                 0x080072b9   Thumb Code   134  kalman_filter.o(i.Kalman_Filter_xhatUpdate)
    MX_CAN1_Init                             0x08007341   Thumb Code    58  can.o(i.MX_CAN1_Init)
    MX_DMA_Init                              0x08007385   Thumb Code    68  dma.o(i.MX_DMA_Init)
    MX_FREERTOS_Init                         0x080073cd   Thumb Code   102  freertos.o(i.MX_FREERTOS_Init)
    MX_GPIO_Init                             0x08007449   Thumb Code   630  gpio.o(i.MX_GPIO_Init)
    MX_SPI1_Init                             0x080076d9   Thumb Code    62  spi.o(i.MX_SPI1_Init)
    MX_TIM10_Init                            0x08007721   Thumb Code   100  tim.o(i.MX_TIM10_Init)
    MX_TIM1_Init                             0x0800778d   Thumb Code   222  tim.o(i.MX_TIM1_Init)
    MX_USART1_UART_Init                      0x08007875   Thumb Code    72  usart.o(i.MX_USART1_UART_Init)
    MX_USART6_UART_Init                      0x080078c9   Thumb Code    46  usart.o(i.MX_USART6_UART_Init)
    MemManage_Handler                        0x08007901   Thumb Code     4  stm32f4xx_it.o(i.MemManage_Handler)
    Message_Init                             0x08007905   Thumb Code    46  bsp_ros.o(i.Message_Init)
    NMI_Handler                              0x0800793d   Thumb Code     2  stm32f4xx_it.o(i.NMI_Handler)
    OLS_Derivative                           0x08007941   Thumb Code   578  user_lib.o(i.OLS_Derivative)
    OLS_Init                                 0x08007b8d   Thumb Code    82  user_lib.o(i.OLS_Init)
    PID_Calculate                            0x08007be5   Thumb Code   720  controller.o(i.PID_Calculate)
    PID_Init                                 0x08007eb5   Thumb Code   184  controller.o(i.PID_Init)
    PID_calc                                 0x08007f71   Thumb Code   492  pid.o(i.PID_calc)
    PID_init                                 0x08008161   Thumb Code    92  pid.o(i.PID_init)
    ROS_DMA_TX                               0x080081c1   Thumb Code    52  bsp_ros.o(i.ROS_DMA_TX)
    Ros_Recv                                 0x08008201   Thumb Code    52  bsp_ros.o(i.Ros_Recv)
    Ros_Transmit                             0x08008239   Thumb Code    22  bsp_ros.o(i.Ros_Transmit)
    Ros_Upload                               0x0800825d   Thumb Code    64  bsp_ros.o(i.Ros_Upload)
    StartCANTask                             0x080083e9   Thumb Code    36  freertos.o(i.StartCANTask)
    StartDetectTask                          0x0800840d   Thumb Code    24  freertos.o(i.StartDetectTask)
    StartINSTask                             0x08008429   Thumb Code    18  freertos.o(i.StartINSTask)
    StartROSTask                             0x0800843b   Thumb Code    22  freertos.o(i.StartROSTask)
    SysTick_Handler                          0x08008451   Thumb Code    46  port.o(i.SysTick_Handler)
    SystemClock_Config                       0x08008485   Thumb Code   170  main.o(i.SystemClock_Config)
    SystemInit                               0x08008539   Thumb Code    24  system_stm32f4xx.o(i.SystemInit)
    TIM2_IRQHandler                          0x08008555   Thumb Code    10  stm32f4xx_it.o(i.TIM2_IRQHandler)
    TIM_Base_SetConfig                       0x08008565   Thumb Code   170  stm32f4xx_hal_tim.o(i.TIM_Base_SetConfig)
    TIM_CCxChannelCmd                        0x0800863d   Thumb Code    34  stm32f4xx_hal_tim.o(i.TIM_CCxChannelCmd)
    TIM_ETR_SetConfig                        0x0800865f   Thumb Code    22  stm32f4xx_hal_tim.o(i.TIM_ETR_SetConfig)
    TIM_OC2_SetConfig                        0x080086f9   Thumb Code   114  stm32f4xx_hal_tim.o(i.TIM_OC2_SetConfig)
    TIM_Set_PWM                              0x08008841   Thumb Code    58  bsp_pwm.o(i.TIM_Set_PWM)
    UART_Start_Receive_IT                    0x08008c8d   Thumb Code    70  stm32f4xx_hal_uart.o(i.UART_Start_Receive_IT)
    USART1_IRQHandler                        0x08008dc5   Thumb Code    10  stm32f4xx_it.o(i.USART1_IRQHandler)
    USART6_IRQHandler                        0x08008dd5   Thumb Code    10  stm32f4xx_it.o(i.USART6_IRQHandler)
    USART_PID_Adjust                         0x08008de5   Thumb Code   196  usart.o(i.USART_PID_Adjust)
    UsageFault_Handler                       0x08008ead   Thumb Code     4  stm32f4xx_it.o(i.UsageFault_Handler)
    __ARM_fpclassifyf                        0x08008eb1   Thumb Code    38  fpclassifyf.o(i.__ARM_fpclassifyf)
    __hardfp_acosf                           0x08008f11   Thumb Code   234  acosf.o(i.__hardfp_acosf)
    __hardfp_asinf                           0x08009029   Thumb Code   258  asinf.o(i.__hardfp_asinf)
    __hardfp_atan2f                          0x08009155   Thumb Code   594  atan2f.o(i.__hardfp_atan2f)
    __hardfp_sqrtf                           0x08009401   Thumb Code    58  sqrtf_full.o(i.__hardfp_sqrtf)
    __mathlib_flt_infnan                     0x0800943b   Thumb Code     6  funder.o(i.__mathlib_flt_infnan)
    __mathlib_flt_infnan2                    0x08009441   Thumb Code     6  funder.o(i.__mathlib_flt_infnan2)
    __mathlib_flt_invalid                    0x08009449   Thumb Code    10  funder.o(i.__mathlib_flt_invalid)
    __mathlib_flt_underflow                  0x08009459   Thumb Code    10  funder.o(i.__mathlib_flt_underflow)
    __scatterload_copy                       0x08009469   Thumb Code    14  handlers.o(i.__scatterload_copy)
    __scatterload_null                       0x08009477   Thumb Code     2  handlers.o(i.__scatterload_null)
    __scatterload_zeroinit                   0x08009479   Thumb Code    14  handlers.o(i.__scatterload_zeroinit)
    __set_errno                              0x08009489   Thumb Code     6  errno.o(i.__set_errno)
    bmi088_accel_init                        0x08009495   Thumb Code   348  bmi088driver.o(i.bmi088_accel_init)
    bmi088_gyro_init                         0x08009601   Thumb Code   284  bmi088driver.o(i.bmi088_gyro_init)
    can_filter_init                          0x08009731   Thumb Code    62  bsp_can.o(i.can_filter_init)
    chassis_ctrl                             0x08009861   Thumb Code    54  bsp_chassis.o(i.chassis_ctrl)
    float_constrain                          0x0800a157   Thumb Code    42  user_lib.o(i.float_constrain)
    float_rounding                           0x0800a181   Thumb Code    62  user_lib.o(i.float_rounding)
    get_Error_Angle                          0x0800a1c9   Thumb Code    70  bsp_chassis.o(i.get_Error_Angle)
    get_Recv_Data_Point                      0x0800a219   Thumb Code     4  bsp_ros.o(i.get_Recv_Data_Point)
    get_chassisMove_point                    0x0800a221   Thumb Code     4  bsp_chassis.o(i.get_chassisMove_point)
    get_chassis_motor_measure_point          0x0800a229   Thumb Code    18  can_receive.o(i.get_chassis_motor_measure_point)
    main                                     0x0800a27d   Thumb Code    96  main.o(i.main)
    malloc                                   0x0800a301   Thumb Code    92  malloc.o(i.malloc)
    osDelay                                  0x0800a36d   Thumb Code    24  cmsis_os.o(i.osDelay)
    osKernelStart                            0x0800a385   Thumb Code    10  cmsis_os.o(i.osKernelStart)
    osThreadCreate                           0x0800a38f   Thumb Code    94  cmsis_os.o(i.osThreadCreate)
    pvPortMalloc                             0x0800ae35   Thumb Code   306  heap_4.o(i.pvPortMalloc)
    pxPortInitialiseStack                    0x0800af81   Thumb Code    38  port.o(i.pxPortInitialiseStack)
    sqrtf                                    0x0800afad   Thumb Code    62  sqrtf_full.o(i.sqrtf)
    toe_is_error                             0x0800afed   Thumb Code    20  detect_task.o(i.toe_is_error)
    uxListRemove                             0x0800b005   Thumb Code    40  list.o(i.uxListRemove)
    vApplicationGetIdleTaskMemory            0x0800b02d   Thumb Code    14  freertos.o(i.vApplicationGetIdleTaskMemory)
    vApplicationGetTimerTaskMemory           0x0800b045   Thumb Code    16  freertos.o(i.vApplicationGetTimerTaskMemory)
    vListInitialise                          0x0800b05d   Thumb Code    26  list.o(i.vListInitialise)
    vListInitialiseItem                      0x0800b077   Thumb Code     6  list.o(i.vListInitialiseItem)
    vListInsert                              0x0800b07d   Thumb Code    52  list.o(i.vListInsert)
    vListInsertEnd                           0x0800b0b1   Thumb Code    24  list.o(i.vListInsertEnd)
    vPortEnterCritical                       0x0800b0c9   Thumb Code    76  port.o(i.vPortEnterCritical)
    vPortExitCritical                        0x0800b11d   Thumb Code    56  port.o(i.vPortExitCritical)
    vPortFree                                0x0800b159   Thumb Code   150  heap_4.o(i.vPortFree)
    vPortSetupTimerInterrupt                 0x0800b1fd   Thumb Code    36  port.o(i.vPortSetupTimerInterrupt)
    vPortValidateInterruptPriority           0x0800b225   Thumb Code   106  port.o(i.vPortValidateInterruptPriority)
    vQueueAddToRegistry                      0x0800b29d   Thumb Code    38  queue.o(i.vQueueAddToRegistry)
    vQueueWaitForMessageRestricted           0x0800b2c9   Thumb Code    74  queue.o(i.vQueueWaitForMessageRestricted)
    vTaskDelay                               0x0800b315   Thumb Code    82  tasks.o(i.vTaskDelay)
    vTaskInternalSetTimeOutState             0x0800b371   Thumb Code    14  tasks.o(i.vTaskInternalSetTimeOutState)
    vTaskMissedYield                         0x0800b389   Thumb Code     8  tasks.o(i.vTaskMissedYield)
    vTaskPlaceOnEventList                    0x0800b395   Thumb Code    52  tasks.o(i.vTaskPlaceOnEventList)
    vTaskPlaceOnEventListRestricted          0x0800b3cd   Thumb Code    60  tasks.o(i.vTaskPlaceOnEventListRestricted)
    vTaskStartScheduler                      0x0800b40d   Thumb Code   156  tasks.o(i.vTaskStartScheduler)
    vTaskSuspendAll                          0x0800b4c5   Thumb Code    12  tasks.o(i.vTaskSuspendAll)
    vTaskSwitchContext                       0x0800b4d5   Thumb Code   118  tasks.o(i.vTaskSwitchContext)
    xPortStartScheduler                      0x0800b561   Thumb Code   330  port.o(i.xPortStartScheduler)
    xQueueGenericCreateStatic                0x0800b6c9   Thumb Code   224  queue.o(i.xQueueGenericCreateStatic)
    xQueueGenericReset                       0x0800b7a9   Thumb Code   146  queue.o(i.xQueueGenericReset)
    xQueueGenericSend                        0x0800b841   Thumb Code   420  queue.o(i.xQueueGenericSend)
    xQueueGenericSendFromISR                 0x0800b9e9   Thumb Code   252  queue.o(i.xQueueGenericSendFromISR)
    xQueueReceive                            0x0800bae5   Thumb Code   356  queue.o(i.xQueueReceive)
    xTaskCheckForTimeOut                     0x0800bc4d   Thumb Code   156  tasks.o(i.xTaskCheckForTimeOut)
    xTaskCreate                              0x0800bcf5   Thumb Code   100  tasks.o(i.xTaskCreate)
    xTaskCreateStatic                        0x0800bd59   Thumb Code   186  tasks.o(i.xTaskCreateStatic)
    xTaskGetSchedulerState                   0x0800be15   Thumb Code    24  tasks.o(i.xTaskGetSchedulerState)
    xTaskGetTickCount                        0x0800be35   Thumb Code     6  tasks.o(i.xTaskGetTickCount)
    xTaskIncrementTick                       0x0800be41   Thumb Code   282  tasks.o(i.xTaskIncrementTick)
    xTaskPriorityDisinherit                  0x0800bf89   Thumb Code   188  tasks.o(i.xTaskPriorityDisinherit)
    xTaskRemoveFromEventList                 0x0800c051   Thumb Code   128  tasks.o(i.xTaskRemoveFromEventList)
    xTaskResumeAll                           0x0800c0e9   Thumb Code   224  tasks.o(i.xTaskResumeAll)
    xTimerCreateTimerTask                    0x0800c1ed   Thumb Code   100  timers.o(i.xTimerCreateTimerTask)
    xTimerGenericCommand                     0x0800c265   Thumb Code   128  timers.o(i.xTimerGenericCommand)
    AHBPrescTable                            0x0800c358   Data          16  system_stm32f4xx.o(.constdata)
    APBPrescTable                            0x0800c368   Data           8  system_stm32f4xx.o(.constdata)
    xb                                       0x0800c370   Data          12  ins_task.o(.constdata)
    yb                                       0x0800c37c   Data          12  ins_task.o(.constdata)
    zb                                       0x0800c388   Data          12  ins_task.o(.constdata)
    IMU_QuaternionEKF_F                      0x0800c3e8   Data         144  quaternionekf.o(.constdata)
    sinTable_f32                             0x0800c480   Data        2052  arm_common_tables.o(.constdata)
    Region$$Table$$Base                      0x0800cca8   Number         0  anon$$obj.o(Region$$Table)
    Region$$Table$$Limit                     0x0800ccc8   Number         0  anon$$obj.o(Region$$Table)
    INSTaskHandle                            0x20000000   Data           4  freertos.o(.data)
    ROSTaskHandle                            0x20000004   Data           4  freertos.o(.data)
    CANTaskHandle                            0x20000008   Data           4  freertos.o(.data)
    DetectTaskHandle                         0x2000000c   Data           4  freertos.o(.data)
    aRxBuffer                                0x20000014   Data           1  usart.o(.data)
    pidRxBuffer                              0x20000015   Data           1  usart.o(.data)
    Rxline1                                  0x20000016   Data           2  usart.o(.data)
    RxLine                                   0x20000018   Data           2  usart.o(.data)
    __stdout                                 0x2000001a   Data           4  usart.o(.data)
    SystemCoreClock                          0x20000020   Data           4  system_stm32f4xx.o(.data)
    INS_DWT_Count                            0x20000024   Data           4  ins_task.o(.data)
    ins_debug_mode                           0x20000030   Data           1  ins_task.o(.data)
    RefTemp                                  0x20000034   Data           4  ins_task.o(.data)
    SysTime                                  0x20000078   Data           8  bsp_dwt.o(.data)
    CYCCNT64                                 0x20000098   Data           8  bsp_dwt.o(.data)
    Tx_flag                                  0x200000b8   Data           1  bsp_ros.o(.data)
    BMI088_ACCEL_SEN                         0x200000cc   Data           4  bmi088driver.o(.data)
    BMI088_GYRO_SEN                          0x200000d0   Data           4  bmi088driver.o(.data)
    gNormDiff                                0x200000d8   Data           4  bmi088driver.o(.data)
    caliOffset                               0x200000dc   Data           1  bmi088driver.o(.data)
    caliCount                                0x200000de   Data           2  bmi088driver.o(.data)
    BMI088_SPI                               0x20000114   Data           4  bmi088middleware.o(.data)
    sizeof_float                             0x20000118   Data           2  kalman_filter.o(.data)
    sizeof_double                            0x2000011a   Data           2  kalman_filter.o(.data)
    GlobalDebugMode                          0x2000011c   Data           1  user_lib.o(.data)
    IMU_QuaternionEKF_P                      0x200003a4   Data         144  quaternionekf.o(.data)
    uwTick                                   0x20000478   Data           4  stm32f4xx_hal.o(.data)
    uwTickPrio                               0x2000047c   Data           4  stm32f4xx_hal.o(.data)
    uwTickFreq                               0x20000480   Data           1  stm32f4xx_hal.o(.data)
    pxCurrentTCB                             0x20000484   Data           4  tasks.o(.data)
    __microlib_freelist                      0x20000500   Data           4  mvars.o(.data)
    __microlib_freelist_initialised          0x20000504   Data           4  mvars.o(.data)
    hcan1                                    0x20000bb4   Data          40  can.o(.bss)
    hspi1                                    0x20000bdc   Data          88  spi.o(.bss)
    hdma_spi1_rx                             0x20000c34   Data          96  spi.o(.bss)
    hdma_spi1_tx                             0x20000c94   Data          96  spi.o(.bss)
    htim1                                    0x20000cf4   Data          72  tim.o(.bss)
    htim10                                   0x20000d3c   Data          72  tim.o(.bss)
    RxBuffer                                 0x20000d84   Data          15  usart.o(.bss)
    TxBuffer                                 0x20000d93   Data          15  usart.o(.bss)
    DataBuff                                 0x20000da2   Data         100  usart.o(.bss)
    huart1                                   0x20000e08   Data          68  usart.o(.bss)
    huart6                                   0x20000e4c   Data          68  usart.o(.bss)
    htim2                                    0x20000e90   Data          72  stm32f4xx_hal_timebase_tim.o(.bss)
    INS                                      0x20000ed8   Data         132  ins_task.o(.bss)
    IMU_Param                                0x20000f5c   Data          28  ins_task.o(.bss)
    TempCtrl                                 0x20000f78   Data         170  ins_task.o(.bss)
    chassis_move                             0x2000109c   Data         772  bsp_chassis.o(.bss)
    RecvTopic                                0x200013a0   Data          12  bsp_ros.o(.bss)
    TxdTopic                                 0x200013ac   Data          15  bsp_ros.o(.bss)
    Recv_Data                                0x200013bb   Data          14  bsp_ros.o(.bss)
    rx1_buf                                  0x200013cc   Data          76  bsp_ros.o(.bss)
    rx2_buf                                  0x20001418   Data          76  bsp_ros.o(.bss)
    gyroDiff                                 0x200014dc   Data          12  bmi088driver.o(.bss)
    BMI088                                   0x200014e8   Data          52  bmi088driver.o(.bss)
    QEKF_INS                                 0x20001520   Data         480  quaternionekf.o(.bss)
    IMU_QuaternionEKF_K                      0x20001700   Data          72  quaternionekf.o(.bss)
    IMU_QuaternionEKF_H                      0x20001748   Data          72  quaternionekf.o(.bss)
    xQueueRegistry                           0x20001790   Data          64  queue.o(.bss)
    __heap_base                              0x200079d0   Data           0  startup_stm32f407xx.o(HEAP)
    __heap_limit                             0x200099d0   Data           0  startup_stm32f407xx.o(HEAP)
    __initial_sp                             0x2000b9d0   Data           0  startup_stm32f407xx.o(STACK)



==============================================================================

Memory Map of the image

  Image Entry point : 0x08000189

  Load Region LR_IROM1 (Base: 0x08000000, Size: 0x0000d1d4, Max: 0x00100000, ABSOLUTE, COMPRESSED[0x0000cd84])

    Execution Region ER_IROM1 (Exec base: 0x08000000, Load base: 0x08000000, Size: 0x0000ccc8, Max: 0x00100000, ABSOLUTE)

    Exec Addr    Load Addr    Size         Type   Attr      Idx    E Section Name        Object

    0x08000000   0x08000000   0x00000188   Data   RO            3    RESET               startup_stm32f407xx.o
    0x08000188   0x08000188   0x00000000   Code   RO         6923  * .ARM.Collect$$$$00000000  mc_w.l(entry.o)
    0x08000188   0x08000188   0x00000004   Code   RO         6992    .ARM.Collect$$$$00000001  mc_w.l(entry2.o)
    0x0800018c   0x0800018c   0x00000004   Code   RO         6995    .ARM.Collect$$$$00000004  mc_w.l(entry5.o)
    0x08000190   0x08000190   0x00000000   Code   RO         6997    .ARM.Collect$$$$00000008  mc_w.l(entry7b.o)
    0x08000190   0x08000190   0x00000000   Code   RO         6999    .ARM.Collect$$$$0000000A  mc_w.l(entry8b.o)
    0x08000190   0x08000190   0x00000008   Code   RO         7000    .ARM.Collect$$$$0000000B  mc_w.l(entry9a.o)
    0x08000198   0x08000198   0x00000004   Code   RO         7007    .ARM.Collect$$$$0000000E  mc_w.l(entry12b.o)
    0x0800019c   0x0800019c   0x00000000   Code   RO         7002    .ARM.Collect$$$$0000000F  mc_w.l(entry10a.o)
    0x0800019c   0x0800019c   0x00000000   Code   RO         7004    .ARM.Collect$$$$00000011  mc_w.l(entry11a.o)
    0x0800019c   0x0800019c   0x00000004   Code   RO         6993    .ARM.Collect$$$$00002712  mc_w.l(entry2.o)
    0x080001a0   0x080001a0   0x000000be   Code   RO         6486    .emb_text           port.o
    0x0800025e   0x0800025e   0x00000002   PAD
    0x08000260   0x08000260   0x00000024   Code   RO            4    .text               startup_stm32f407xx.o
    0x08000284   0x08000284   0x00000078   Code   RO         6566    .text               arm_cortexM4lf_math.lib(arm_cos_f32.o)
    0x080002fc   0x080002fc   0x00000094   Code   RO         6616    .text               arm_cortexM4lf_math.lib(arm_sin_f32.o)
    0x08000390   0x08000390   0x00000108   Code   RO         6640    .text               arm_cortexM4lf_math.lib(arm_mat_add_f32.o)
    0x08000498   0x08000498   0x00000008   Code   RO         6664    .text               arm_cortexM4lf_math.lib(arm_mat_init_f32.o)
    0x080004a0   0x080004a0   0x00000530   Code   RO         6688    .text               arm_cortexM4lf_math.lib(arm_mat_inverse_f32.o)
    0x080009d0   0x080009d0   0x0000013c   Code   RO         6712    .text               arm_cortexM4lf_math.lib(arm_mat_mult_f32.o)
    0x08000b0c   0x08000b0c   0x00000108   Code   RO         6736    .text               arm_cortexM4lf_math.lib(arm_mat_sub_f32.o)
    0x08000c14   0x08000c14   0x00000114   Code   RO         6760    .text               arm_cortexM4lf_math.lib(arm_mat_trans_f32.o)
    0x08000d28   0x08000d28   0x00000062   Code   RO         6926    .text               mc_w.l(uldiv.o)
    0x08000d8a   0x08000d8a   0x00000024   Code   RO         6928    .text               mc_w.l(memcpya.o)
    0x08000dae   0x08000dae   0x00000024   Code   RO         6932    .text               mc_w.l(memseta.o)
    0x08000dd2   0x08000dd2   0x000000e4   Code   RO         6966    .text               mf_w.l(dmul.o)
    0x08000eb6   0x08000eb6   0x00000026   Code   RO         6972    .text               mf_w.l(f2d.o)
    0x08000edc   0x08000edc   0x00000038   Code   RO         6974    .text               mf_w.l(d2f.o)
    0x08000f14   0x08000f14   0x0000001e   Code   RO         7008    .text               mc_w.l(llshl.o)
    0x08000f32   0x08000f32   0x00000020   Code   RO         7010    .text               mc_w.l(llushr.o)
    0x08000f52   0x08000f52   0x00000000   Code   RO         7021    .text               mc_w.l(iusefp.o)
    0x08000f52   0x08000f52   0x0000006e   Code   RO         7022    .text               mf_w.l(fepilogue.o)
    0x08000fc0   0x08000fc0   0x000000ba   Code   RO         7024    .text               mf_w.l(depilogue.o)
    0x0800107a   0x0800107a   0x00000002   PAD
    0x0800107c   0x0800107c   0x00000024   Code   RO         7030    .text               mc_w.l(init.o)
    0x080010a0   0x080010a0   0x00000056   Code   RO         7040    .text               mc_w.l(__dczerorl2.o)
    0x080010f6   0x080010f6   0x00000002   PAD
    0x080010f8   0x080010f8   0x00000014   Code   RO         1469    i.BMI088_ACCEL_NS_H  bmi088middleware.o
    0x0800110c   0x0800110c   0x00000014   Code   RO         1470    i.BMI088_ACCEL_NS_L  bmi088middleware.o
    0x08001120   0x08001120   0x00000014   Code   RO         1471    i.BMI088_GYRO_NS_H  bmi088middleware.o
    0x08001134   0x08001134   0x00000014   Code   RO         1472    i.BMI088_GYRO_NS_L  bmi088middleware.o
    0x08001148   0x08001148   0x0000027c   Code   RO         1388    i.BMI088_Read       bmi088driver.o
    0x080013c4   0x080013c4   0x00000098   Code   RO         1389    i.BMI088_init       bmi088driver.o
    0x0800145c   0x0800145c   0x00000026   Code   RO         1390    i.BMI088_read_muli_reg  bmi088driver.o
    0x08001482   0x08001482   0x00000018   Code   RO         1391    i.BMI088_read_single_reg  bmi088driver.o
    0x0800149a   0x0800149a   0x00000002   PAD
    0x0800149c   0x0800149c   0x00000024   Code   RO         1473    i.BMI088_read_write_byte  bmi088middleware.o
    0x080014c0   0x080014c0   0x00000014   Code   RO         1392    i.BMI088_write_single_reg  bmi088driver.o
    0x080014d4   0x080014d4   0x0000015a   Code   RO          832    i.BodyFrameToEarthFrame  ins_task.o
    0x0800162e   0x0800162e   0x00000004   Code   RO          626    i.BusFault_Handler  stm32f4xx_it.o
    0x08001632   0x08001632   0x00000002   PAD
    0x08001634   0x08001634   0x00000010   Code   RO          627    i.CAN1_RX0_IRQHandler  stm32f4xx_it.o
    0x08001644   0x08001644   0x00000010   Code   RO          628    i.CAN1_TX_IRQHandler  stm32f4xx_it.o
    0x08001654   0x08001654   0x00000050   Code   RO         1281    i.CAN_cmd_chassis   can_receive.o
    0x080016a4   0x080016a4   0x00000540   Code   RO         1393    i.Calibrate_MPU_Offset  bmi088driver.o
    0x08001be4   0x08001be4   0x0000001a   Code   RO         1114    i.Chassis_init      bsp_chassis.o
    0x08001bfe   0x08001bfe   0x00000002   PAD
    0x08001c00   0x08001c00   0x00000034   Code   RO         2693    i.DMA_CalcBaseAndBitshift  stm32f4xx_hal_dma.o
    0x08001c34   0x08001c34   0x000000aa   Code   RO         2694    i.DMA_CheckFifoParam  stm32f4xx_hal_dma.o
    0x08001cde   0x08001cde   0x00000002   PAD
    0x08001ce0   0x08001ce0   0x00000030   Code   RO          988    i.DWT_CNT_Update    bsp_dwt.o
    0x08001d10   0x08001d10   0x0000003c   Code   RO          989    i.DWT_Delay         bsp_dwt.o
    0x08001d4c   0x08001d4c   0x0000004c   Code   RO          990    i.DWT_GetDeltaT     bsp_dwt.o
    0x08001d98   0x08001d98   0x00000054   Code   RO          993    i.DWT_GetTimeline_s  bsp_dwt.o
    0x08001dec   0x08001dec   0x00000068   Code   RO          995    i.DWT_Init          bsp_dwt.o
    0x08001e54   0x08001e54   0x000000d0   Code   RO          996    i.DWT_SysTimeUpdate  bsp_dwt.o
    0x08001f24   0x08001f24   0x00000002   Code   RO          629    i.DebugMon_Handler  stm32f4xx_it.o
    0x08001f26   0x08001f26   0x00000002   PAD
    0x08001f28   0x08001f28   0x00000074   Code   RO          942    i.DetectHook        detect_task.o
    0x08001f9c   0x08001f9c   0x000000e0   Code   RO          943    i.DetectInit        detect_task.o
    0x0800207c   0x0800207c   0x00000144   Code   RO          944    i.DetectTask        detect_task.o
    0x080021c0   0x080021c0   0x0000000a   Code   RO          630    i.EXTI3_IRQHandler  stm32f4xx_it.o
    0x080021ca   0x080021ca   0x0000000a   Code   RO          631    i.EXTI4_IRQHandler  stm32f4xx_it.o
    0x080021d4   0x080021d4   0x00000016   Code   RO          632    i.EXTI9_5_IRQHandler  stm32f4xx_it.o
    0x080021ea   0x080021ea   0x0000015a   Code   RO          833    i.EarthFrameToBodyFrame  ins_task.o
    0x08002344   0x08002344   0x00000002   Code   RO           13    i.Error_Handler     main.o
    0x08002346   0x08002346   0x00000002   PAD
    0x08002348   0x08002348   0x00000168   Code   RO          542    i.Get_Data          usart.o
    0x080024b0   0x080024b0   0x0000002a   Code   RO         1956    i.HAL_CAN_ActivateNotification  stm32f4xx_hal_can.o
    0x080024da   0x080024da   0x00000156   Code   RO         1957    i.HAL_CAN_AddTxMessage  stm32f4xx_hal_can.o
    0x08002630   0x08002630   0x00000124   Code   RO         1958    i.HAL_CAN_ConfigFilter  stm32f4xx_hal_can.o
    0x08002754   0x08002754   0x00000002   Code   RO         1961    i.HAL_CAN_ErrorCallback  stm32f4xx_hal_can.o
    0x08002756   0x08002756   0x0000017a   Code   RO         1964    i.HAL_CAN_GetRxMessage  stm32f4xx_hal_can.o
    0x080028d0   0x080028d0   0x0000024e   Code   RO         1968    i.HAL_CAN_IRQHandler  stm32f4xx_hal_can.o
    0x08002b1e   0x08002b1e   0x00000174   Code   RO         1969    i.HAL_CAN_Init      stm32f4xx_hal_can.o
    0x08002c92   0x08002c92   0x00000002   PAD
    0x08002c94   0x08002c94   0x000000a8   Code   RO          381    i.HAL_CAN_MspInit   can.o
    0x08002d3c   0x08002d3c   0x00000002   Code   RO         1976    i.HAL_CAN_RxFifo0FullCallback  stm32f4xx_hal_can.o
    0x08002d3e   0x08002d3e   0x00000002   PAD
    0x08002d40   0x08002d40   0x000000d0   Code   RO         1284    i.HAL_CAN_RxFifo0MsgPendingCallback  can_receive.o
    0x08002e10   0x08002e10   0x00000002   Code   RO         1978    i.HAL_CAN_RxFifo1FullCallback  stm32f4xx_hal_can.o
    0x08002e12   0x08002e12   0x00000002   Code   RO         1979    i.HAL_CAN_RxFifo1MsgPendingCallback  stm32f4xx_hal_can.o
    0x08002e14   0x08002e14   0x00000002   Code   RO         1980    i.HAL_CAN_SleepCallback  stm32f4xx_hal_can.o
    0x08002e16   0x08002e16   0x0000005e   Code   RO         1981    i.HAL_CAN_Start     stm32f4xx_hal_can.o
    0x08002e74   0x08002e74   0x00000002   Code   RO         1983    i.HAL_CAN_TxMailbox0AbortCallback  stm32f4xx_hal_can.o
    0x08002e76   0x08002e76   0x00000002   Code   RO         1984    i.HAL_CAN_TxMailbox0CompleteCallback  stm32f4xx_hal_can.o
    0x08002e78   0x08002e78   0x00000002   Code   RO         1985    i.HAL_CAN_TxMailbox1AbortCallback  stm32f4xx_hal_can.o
    0x08002e7a   0x08002e7a   0x00000002   Code   RO         1986    i.HAL_CAN_TxMailbox1CompleteCallback  stm32f4xx_hal_can.o
    0x08002e7c   0x08002e7c   0x00000002   Code   RO         1987    i.HAL_CAN_TxMailbox2AbortCallback  stm32f4xx_hal_can.o
    0x08002e7e   0x08002e7e   0x00000002   Code   RO         1988    i.HAL_CAN_TxMailbox2CompleteCallback  stm32f4xx_hal_can.o
    0x08002e80   0x08002e80   0x00000002   Code   RO         1990    i.HAL_CAN_WakeUpFromRxMsgCallback  stm32f4xx_hal_can.o
    0x08002e82   0x08002e82   0x000000ac   Code   RO         2696    i.HAL_DMA_Abort     stm32f4xx_hal_dma.o
    0x08002f2e   0x08002f2e   0x00000028   Code   RO         2697    i.HAL_DMA_Abort_IT  stm32f4xx_hal_dma.o
    0x08002f56   0x08002f56   0x00000002   PAD
    0x08002f58   0x08002f58   0x000000ec   Code   RO         2702    i.HAL_DMA_Init      stm32f4xx_hal_dma.o
    0x08003044   0x08003044   0x00000028   Code   RO         3120    i.HAL_Delay         stm32f4xx_hal.o
    0x0800306c   0x0800306c   0x00000002   Code   RO         2587    i.HAL_GPIO_EXTI_Callback  stm32f4xx_hal_gpio.o
    0x0800306e   0x0800306e   0x00000002   PAD
    0x08003070   0x08003070   0x0000001c   Code   RO         2588    i.HAL_GPIO_EXTI_IRQHandler  stm32f4xx_hal_gpio.o
    0x0800308c   0x0800308c   0x000001f0   Code   RO         2589    i.HAL_GPIO_Init     stm32f4xx_hal_gpio.o
    0x0800327c   0x0800327c   0x0000000c   Code   RO         2593    i.HAL_GPIO_WritePin  stm32f4xx_hal_gpio.o
    0x08003288   0x08003288   0x0000000c   Code   RO         3126    i.HAL_GetTick       stm32f4xx_hal.o
    0x08003294   0x08003294   0x00000018   Code   RO         3132    i.HAL_IncTick       stm32f4xx_hal.o
    0x080032ac   0x080032ac   0x0000003c   Code   RO         3133    i.HAL_Init          stm32f4xx_hal.o
    0x080032e8   0x080032e8   0x00000088   Code   RO          756    i.HAL_InitTick      stm32f4xx_hal_timebase_tim.o
    0x08003370   0x08003370   0x00000054   Code   RO          732    i.HAL_MspInit       stm32f4xx_hal_msp.o
    0x080033c4   0x080033c4   0x00000020   Code   RO         2978    i.HAL_NVIC_EnableIRQ  stm32f4xx_hal_cortex.o
    0x080033e4   0x080033e4   0x0000007c   Code   RO         2984    i.HAL_NVIC_SetPriority  stm32f4xx_hal_cortex.o
    0x08003460   0x08003460   0x00000028   Code   RO         2985    i.HAL_NVIC_SetPriorityGrouping  stm32f4xx_hal_cortex.o
    0x08003488   0x08003488   0x00000184   Code   RO         2190    i.HAL_RCC_ClockConfig  stm32f4xx_hal_rcc.o
    0x0800360c   0x0800360c   0x00000044   Code   RO         2194    i.HAL_RCC_GetClockConfig  stm32f4xx_hal_rcc.o
    0x08003650   0x08003650   0x0000000c   Code   RO         2195    i.HAL_RCC_GetHCLKFreq  stm32f4xx_hal_rcc.o
    0x0800365c   0x0800365c   0x00000020   Code   RO         2197    i.HAL_RCC_GetPCLK1Freq  stm32f4xx_hal_rcc.o
    0x0800367c   0x0800367c   0x00000020   Code   RO         2198    i.HAL_RCC_GetPCLK2Freq  stm32f4xx_hal_rcc.o
    0x0800369c   0x0800369c   0x000000b0   Code   RO         2199    i.HAL_RCC_GetSysClockFreq  stm32f4xx_hal_rcc.o
    0x0800374c   0x0800374c   0x0000049c   Code   RO         2202    i.HAL_RCC_OscConfig  stm32f4xx_hal_rcc.o
    0x08003be8   0x08003be8   0x000000c8   Code   RO         3382    i.HAL_SPI_Init      stm32f4xx_hal_spi.o
    0x08003cb0   0x08003cb0   0x00000158   Code   RO          447    i.HAL_SPI_MspInit   spi.o
    0x08003e08   0x08003e08   0x0000022a   Code   RO         3391    i.HAL_SPI_TransmitReceive  stm32f4xx_hal_spi.o
    0x08004032   0x08004032   0x00000002   Code   RO         4410    i.HAL_TIMEx_BreakCallback  stm32f4xx_hal_tim_ex.o
    0x08004034   0x08004034   0x00000002   Code   RO         4411    i.HAL_TIMEx_CommutCallback  stm32f4xx_hal_tim_ex.o
    0x08004036   0x08004036   0x00000074   Code   RO         4413    i.HAL_TIMEx_ConfigBreakDeadTime  stm32f4xx_hal_tim_ex.o
    0x080040aa   0x080040aa   0x00000002   PAD
    0x080040ac   0x080040ac   0x000000b4   Code   RO         4429    i.HAL_TIMEx_MasterConfigSynchronization  stm32f4xx_hal_tim_ex.o
    0x08004160   0x08004160   0x00000066   Code   RO         3695    i.HAL_TIM_Base_Init  stm32f4xx_hal_tim.o
    0x080041c6   0x080041c6   0x00000002   PAD
    0x080041c8   0x080041c8   0x00000060   Code   RO          489    i.HAL_TIM_Base_MspInit  tim.o
    0x08004228   0x08004228   0x000000a8   Code   RO         3700    i.HAL_TIM_Base_Start_IT  stm32f4xx_hal_tim.o
    0x080042d0   0x080042d0   0x0000010c   Code   RO         3704    i.HAL_TIM_ConfigClockSource  stm32f4xx_hal_tim.o
    0x080043dc   0x080043dc   0x00000002   Code   RO         3729    i.HAL_TIM_IC_CaptureCallback  stm32f4xx_hal_tim.o
    0x080043de   0x080043de   0x00000196   Code   RO         3743    i.HAL_TIM_IRQHandler  stm32f4xx_hal_tim.o
    0x08004574   0x08004574   0x000000ec   Code   RO          490    i.HAL_TIM_MspPostInit  tim.o
    0x08004660   0x08004660   0x00000002   Code   RO         3746    i.HAL_TIM_OC_DelayElapsedCallback  stm32f4xx_hal_tim.o
    0x08004662   0x08004662   0x00000104   Code   RO         3767    i.HAL_TIM_PWM_ConfigChannel  stm32f4xx_hal_tim.o
    0x08004766   0x08004766   0x00000066   Code   RO         3770    i.HAL_TIM_PWM_Init  stm32f4xx_hal_tim.o
    0x080047cc   0x080047cc   0x00000002   Code   RO         3772    i.HAL_TIM_PWM_MspInit  stm32f4xx_hal_tim.o
    0x080047ce   0x080047ce   0x00000002   Code   RO         3773    i.HAL_TIM_PWM_PulseFinishedCallback  stm32f4xx_hal_tim.o
    0x080047d0   0x080047d0   0x0000010c   Code   RO         3775    i.HAL_TIM_PWM_Start  stm32f4xx_hal_tim.o
    0x080048dc   0x080048dc   0x00000012   Code   RO           14    i.HAL_TIM_PeriodElapsedCallback  main.o
    0x080048ee   0x080048ee   0x00000002   Code   RO         3786    i.HAL_TIM_TriggerCallback  stm32f4xx_hal_tim.o
    0x080048f0   0x080048f0   0x00000002   Code   RO         4688    i.HAL_UARTEx_RxEventCallback  stm32f4xx_hal_uart.o
    0x080048f2   0x080048f2   0x00000002   Code   RO         4702    i.HAL_UART_ErrorCallback  stm32f4xx_hal_uart.o
    0x080048f4   0x080048f4   0x000002e0   Code   RO         4705    i.HAL_UART_IRQHandler  stm32f4xx_hal_uart.o
    0x08004bd4   0x08004bd4   0x00000072   Code   RO         4706    i.HAL_UART_Init     stm32f4xx_hal_uart.o
    0x08004c46   0x08004c46   0x00000002   PAD
    0x08004c48   0x08004c48   0x0000015c   Code   RO          544    i.HAL_UART_MspInit  usart.o
    0x08004da4   0x08004da4   0x00000042   Code   RO         4711    i.HAL_UART_Receive_IT  stm32f4xx_hal_uart.o
    0x08004de6   0x08004de6   0x00000002   PAD
    0x08004de8   0x08004de8   0x000000c4   Code   RO          545    i.HAL_UART_RxCpltCallback  usart.o
    0x08004eac   0x08004eac   0x000000d2   Code   RO         4714    i.HAL_UART_Transmit  stm32f4xx_hal_uart.o
    0x08004f7e   0x08004f7e   0x00000002   Code   RO         4717    i.HAL_UART_TxCpltCallback  stm32f4xx_hal_uart.o
    0x08004f80   0x08004f80   0x00000130   Code   RO         1523    i.H_K_R_Adjustment  kalman_filter.o
    0x080050b0   0x080050b0   0x00000004   Code   RO          633    i.HardFault_Handler  stm32f4xx_it.o
    0x080050b4   0x080050b4   0x00000374   Code   RO          835    i.IMU_Param_Correction  ins_task.o
    0x08005428   0x08005428   0x00000238   Code   RO         1891    i.IMU_QuaternionEKF_F_Linearization_P_Fading  quaternionekf.o
    0x08005660   0x08005660   0x00000130   Code   RO         1892    i.IMU_QuaternionEKF_Init  quaternionekf.o
    0x08005790   0x08005790   0x00000034   Code   RO         1893    i.IMU_QuaternionEKF_Observe  quaternionekf.o
    0x080057c4   0x080057c4   0x00000128   Code   RO         1894    i.IMU_QuaternionEKF_SetH  quaternionekf.o
    0x080058ec   0x080058ec   0x00000634   Code   RO         1895    i.IMU_QuaternionEKF_Update  quaternionekf.o
    0x08005f20   0x08005f20   0x00000508   Code   RO         1896    i.IMU_QuaternionEKF_xhatUpdate  quaternionekf.o
    0x08006428   0x08006428   0x00000074   Code   RO          836    i.IMU_Temperature_Ctrl  ins_task.o
    0x0800649c   0x0800649c   0x000000c4   Code   RO          837    i.INS_Init          ins_task.o
    0x08006560   0x08006560   0x000002b4   Code   RO          838    i.INS_Task          ins_task.o
    0x08006814   0x08006814   0x0000070c   Code   RO         1524    i.Kalman_Filter_Init  kalman_filter.o
    0x08006f20   0x08006f20   0x00000050   Code   RO         1525    i.Kalman_Filter_Measure  kalman_filter.o
    0x08006f70   0x08006f70   0x00000068   Code   RO         1526    i.Kalman_Filter_P_Update  kalman_filter.o
    0x08006fd8   0x08006fd8   0x00000068   Code   RO         1527    i.Kalman_Filter_PminusUpdate  kalman_filter.o
    0x08007040   0x08007040   0x000000d2   Code   RO         1528    i.Kalman_Filter_SetK  kalman_filter.o
    0x08007112   0x08007112   0x00000002   PAD
    0x08007114   0x08007114   0x00000128   Code   RO         1529    i.Kalman_Filter_Update  kalman_filter.o
    0x0800723c   0x0800723c   0x0000007c   Code   RO         1530    i.Kalman_Filter_xhatMinusUpdate  kalman_filter.o
    0x080072b8   0x080072b8   0x00000086   Code   RO         1531    i.Kalman_Filter_xhatUpdate  kalman_filter.o
    0x0800733e   0x0800733e   0x00000002   PAD
    0x08007340   0x08007340   0x00000044   Code   RO          382    i.MX_CAN1_Init      can.o
    0x08007384   0x08007384   0x00000048   Code   RO          422    i.MX_DMA_Init       dma.o
    0x080073cc   0x080073cc   0x0000007c   Code   RO          273    i.MX_FREERTOS_Init  freertos.o
    0x08007448   0x08007448   0x00000290   Code   RO          249    i.MX_GPIO_Init      gpio.o
    0x080076d8   0x080076d8   0x00000048   Code   RO          448    i.MX_SPI1_Init      spi.o
    0x08007720   0x08007720   0x0000006c   Code   RO          491    i.MX_TIM10_Init     tim.o
    0x0800778c   0x0800778c   0x000000e8   Code   RO          492    i.MX_TIM1_Init      tim.o
    0x08007874   0x08007874   0x00000054   Code   RO          546    i.MX_USART1_UART_Init  usart.o
    0x080078c8   0x080078c8   0x00000038   Code   RO          547    i.MX_USART6_UART_Init  usart.o
    0x08007900   0x08007900   0x00000004   Code   RO          634    i.MemManage_Handler  stm32f4xx_it.o
    0x08007904   0x08007904   0x00000038   Code   RO         1210    i.Message_Init      bsp_ros.o
    0x0800793c   0x0800793c   0x00000002   Code   RO          635    i.NMI_Handler       stm32f4xx_it.o
    0x0800793e   0x0800793e   0x00000002   PAD
    0x08007940   0x08007940   0x0000024c   Code   RO         1608    i.OLS_Derivative    user_lib.o
    0x08007b8c   0x08007b8c   0x00000058   Code   RO         1609    i.OLS_Init          user_lib.o
    0x08007be4   0x08007be4   0x000002d0   Code   RO         1762    i.PID_Calculate     controller.o
    0x08007eb4   0x08007eb4   0x000000bc   Code   RO         1763    i.PID_Init          controller.o
    0x08007f70   0x08007f70   0x000001f0   Code   RO         1351    i.PID_calc          pid.o
    0x08008160   0x08008160   0x00000060   Code   RO         1353    i.PID_init          pid.o
    0x080081c0   0x080081c0   0x00000040   Code   RO         1211    i.ROS_DMA_TX        bsp_ros.o
    0x08008200   0x08008200   0x00000038   Code   RO         1213    i.Ros_Recv          bsp_ros.o
    0x08008238   0x08008238   0x00000024   Code   RO         1214    i.Ros_Transmit      bsp_ros.o
    0x0800825c   0x0800825c   0x00000048   Code   RO         1215    i.Ros_Upload        bsp_ros.o
    0x080082a4   0x080082a4   0x0000006c   Code   RO         3420    i.SPI_EndRxTxTransaction  stm32f4xx_hal_spi.o
    0x08008310   0x08008310   0x000000d8   Code   RO         3425    i.SPI_WaitFlagStateUntilTimeout  stm32f4xx_hal_spi.o
    0x080083e8   0x080083e8   0x00000024   Code   RO          274    i.StartCANTask      freertos.o
    0x0800840c   0x0800840c   0x0000001c   Code   RO          275    i.StartDetectTask   freertos.o
    0x08008428   0x08008428   0x00000012   Code   RO          276    i.StartINSTask      freertos.o
    0x0800843a   0x0800843a   0x00000016   Code   RO          277    i.StartROSTask      freertos.o
    0x08008450   0x08008450   0x00000034   Code   RO         6487    i.SysTick_Handler   port.o
    0x08008484   0x08008484   0x000000b4   Code   RO           15    i.SystemClock_Config  main.o
    0x08008538   0x08008538   0x0000001c   Code   RO          796    i.SystemInit        system_stm32f4xx.o
    0x08008554   0x08008554   0x00000010   Code   RO          636    i.TIM2_IRQHandler   stm32f4xx_it.o
    0x08008564   0x08008564   0x000000d8   Code   RO         3788    i.TIM_Base_SetConfig  stm32f4xx_hal_tim.o
    0x0800863c   0x0800863c   0x00000022   Code   RO         3789    i.TIM_CCxChannelCmd  stm32f4xx_hal_tim.o
    0x0800865e   0x0800865e   0x00000016   Code   RO         3799    i.TIM_ETR_SetConfig  stm32f4xx_hal_tim.o
    0x08008674   0x08008674   0x00000012   Code   RO         3800    i.TIM_ITRx_SetConfig  stm32f4xx_hal_tim.o
    0x08008686   0x08008686   0x00000002   PAD
    0x08008688   0x08008688   0x00000070   Code   RO         3801    i.TIM_OC1_SetConfig  stm32f4xx_hal_tim.o
    0x080086f8   0x080086f8   0x0000007c   Code   RO         3802    i.TIM_OC2_SetConfig  stm32f4xx_hal_tim.o
    0x08008774   0x08008774   0x00000078   Code   RO         3803    i.TIM_OC3_SetConfig  stm32f4xx_hal_tim.o
    0x080087ec   0x080087ec   0x00000054   Code   RO         3804    i.TIM_OC4_SetConfig  stm32f4xx_hal_tim.o
    0x08008840   0x08008840   0x0000003a   Code   RO         1065    i.TIM_Set_PWM       bsp_pwm.o
    0x0800887a   0x0800887a   0x00000026   Code   RO         3806    i.TIM_TI1_ConfigInputStage  stm32f4xx_hal_tim.o
    0x080088a0   0x080088a0   0x00000028   Code   RO         3808    i.TIM_TI2_ConfigInputStage  stm32f4xx_hal_tim.o
    0x080088c8   0x080088c8   0x00000014   Code   RO         4719    i.UART_DMAAbortOnError  stm32f4xx_hal_uart.o
    0x080088dc   0x080088dc   0x0000006c   Code   RO         4729    i.UART_EndRxTransfer  stm32f4xx_hal_uart.o
    0x08008948   0x08008948   0x00000020   Code   RO         4730    i.UART_EndTransmit_IT  stm32f4xx_hal_uart.o
    0x08008968   0x08008968   0x000000f8   Code   RO         4732    i.UART_Receive_IT   stm32f4xx_hal_uart.o
    0x08008a60   0x08008a60   0x0000022c   Code   RO         4733    i.UART_SetConfig    stm32f4xx_hal_uart.o
    0x08008c8c   0x08008c8c   0x00000046   Code   RO         4735    i.UART_Start_Receive_IT  stm32f4xx_hal_uart.o
    0x08008cd2   0x08008cd2   0x00000060   Code   RO         4736    i.UART_Transmit_IT  stm32f4xx_hal_uart.o
    0x08008d32   0x08008d32   0x00000092   Code   RO         4737    i.UART_WaitOnFlagUntilTimeout  stm32f4xx_hal_uart.o
    0x08008dc4   0x08008dc4   0x00000010   Code   RO          637    i.USART1_IRQHandler  stm32f4xx_it.o
    0x08008dd4   0x08008dd4   0x00000010   Code   RO          638    i.USART6_IRQHandler  stm32f4xx_it.o
    0x08008de4   0x08008de4   0x000000c8   Code   RO          548    i.USART_PID_Adjust  usart.o
    0x08008eac   0x08008eac   0x00000004   Code   RO          639    i.UsageFault_Handler  stm32f4xx_it.o
    0x08008eb0   0x08008eb0   0x00000026   Code   RO         6976    i.__ARM_fpclassifyf  m_wm.l(fpclassifyf.o)
    0x08008ed6   0x08008ed6   0x00000002   PAD
    0x08008ed8   0x08008ed8   0x00000010   Code   RO         2991    i.__NVIC_GetPriorityGrouping  stm32f4xx_hal_cortex.o
    0x08008ee8   0x08008ee8   0x00000028   Code   RO         2992    i.__NVIC_SetPriority  stm32f4xx_hal_cortex.o
    0x08008f10   0x08008f10   0x00000118   Code   RO         6863    i.__hardfp_acosf    m_wm.l(acosf.o)
    0x08009028   0x08009028   0x0000012c   Code   RO         6875    i.__hardfp_asinf    m_wm.l(asinf.o)
    0x08009154   0x08009154   0x000002ac   Code   RO         6887    i.__hardfp_atan2f   m_wm.l(atan2f.o)
    0x08009400   0x08009400   0x0000003a   Code   RO         6905    i.__hardfp_sqrtf    m_wm.l(sqrtf_full.o)
    0x0800943a   0x0800943a   0x00000006   Code   RO         6979    i.__mathlib_flt_infnan  m_wm.l(funder.o)
    0x08009440   0x08009440   0x00000006   Code   RO         6980    i.__mathlib_flt_infnan2  m_wm.l(funder.o)
    0x08009446   0x08009446   0x00000002   PAD
    0x08009448   0x08009448   0x00000010   Code   RO         6981    i.__mathlib_flt_invalid  m_wm.l(funder.o)
    0x08009458   0x08009458   0x00000010   Code   RO         6984    i.__mathlib_flt_underflow  m_wm.l(funder.o)
    0x08009468   0x08009468   0x0000000e   Code   RO         7034    i.__scatterload_copy  mc_w.l(handlers.o)
    0x08009476   0x08009476   0x00000002   Code   RO         7035    i.__scatterload_null  mc_w.l(handlers.o)
    0x08009478   0x08009478   0x0000000e   Code   RO         7036    i.__scatterload_zeroinit  mc_w.l(handlers.o)
    0x08009486   0x08009486   0x00000002   PAD
    0x08009488   0x08009488   0x0000000c   Code   RO         7016    i.__set_errno       mc_w.l(errno.o)
    0x08009494   0x08009494   0x0000016c   Code   RO         1394    i.bmi088_accel_init  bmi088driver.o
    0x08009600   0x08009600   0x00000130   Code   RO         1395    i.bmi088_gyro_init  bmi088driver.o
    0x08009730   0x08009730   0x00000044   Code   RO         1089    i.can_filter_init   bsp_can.o
    0x08009774   0x08009774   0x000000ec   Code   RO         1115    i.chassis_control_loop  bsp_chassis.o
    0x08009860   0x08009860   0x0000003c   Code   RO         1116    i.chassis_ctrl      bsp_chassis.o
    0x0800989c   0x0800989c   0x0000013c   Code   RO         1117    i.chassis_feedback_update  bsp_chassis.o
    0x080099d8   0x080099d8   0x00000034   Code   RO         1118    i.chassis_get_data_init  bsp_chassis.o
    0x08009a0c   0x08009a0c   0x00000084   Code   RO         1119    i.chassis_pid_init  bsp_chassis.o
    0x08009a90   0x08009a90   0x00000074   Code   RO         1120    i.chassis_set_contorl  bsp_chassis.o
    0x08009b04   0x08009b04   0x000000c0   Code   RO         1121    i.chassis_speed_control  bsp_chassis.o
    0x08009bc4   0x08009bc4   0x00000050   Code   RO         1122    i.chassis_vector_to_mecanum_wheel_speed  bsp_chassis.o
    0x08009c14   0x08009c14   0x000000f0   Code   RO         1766    i.f_Changing_Integration_Rate  controller.o
    0x08009d04   0x08009d04   0x00000056   Code   RO         1767    i.f_Derivative_Filter  controller.o
    0x08009d5a   0x08009d5a   0x000000f4   Code   RO         1768    i.f_Derivative_On_Measurement  controller.o
    0x08009e4e   0x08009e4e   0x00000002   PAD
    0x08009e50   0x08009e50   0x000000f0   Code   RO         1769    i.f_Integral_Limit  controller.o
    0x08009f40   0x08009f40   0x00000056   Code   RO         1770    i.f_Output_Filter   controller.o
    0x08009f96   0x08009f96   0x00000046   Code   RO         1771    i.f_Output_Limit    controller.o
    0x08009fdc   0x08009fdc   0x000000b4   Code   RO         1772    i.f_PID_ErrorHandle  controller.o
    0x0800a090   0x0800a090   0x00000046   Code   RO         1773    i.f_Proportion_Limit  controller.o
    0x0800a0d6   0x0800a0d6   0x00000080   Code   RO         1774    i.f_Trapezoid_Intergral  controller.o
    0x0800a156   0x0800a156   0x0000002a   Code   RO         1614    i.float_constrain   user_lib.o
    0x0800a180   0x0800a180   0x00000048   Code   RO         1616    i.float_rounding    user_lib.o
    0x0800a1c8   0x0800a1c8   0x00000050   Code   RO         1123    i.get_Error_Angle   bsp_chassis.o
    0x0800a218   0x0800a218   0x00000008   Code   RO         1216    i.get_Recv_Data_Point  bsp_ros.o
    0x0800a220   0x0800a220   0x00000008   Code   RO         1124    i.get_chassisMove_point  bsp_chassis.o
    0x0800a228   0x0800a228   0x00000018   Code   RO         1285    i.get_chassis_motor_measure_point  can_receive.o
    0x0800a240   0x0800a240   0x0000003c   Code   RO         1897    i.invSqrt           quaternionekf.o
    0x0800a27c   0x0800a27c   0x00000074   Code   RO           16    i.main              main.o
    0x0800a2f0   0x0800a2f0   0x0000000e   Code   RO         6052    i.makeFreeRtosPriority  cmsis_os.o
    0x0800a2fe   0x0800a2fe   0x00000002   PAD
    0x0800a300   0x0800a300   0x0000006c   Code   RO         6939    i.malloc            mc_w.l(malloc.o)
    0x0800a36c   0x0800a36c   0x00000018   Code   RO         6054    i.osDelay           cmsis_os.o
    0x0800a384   0x0800a384   0x0000000a   Code   RO         6057    i.osKernelStart     cmsis_os.o
    0x0800a38e   0x0800a38e   0x0000005e   Code   RO         6091    i.osThreadCreate    cmsis_os.o
    0x0800a3ec   0x0800a3ec   0x000000a4   Code   RO         5520    i.prvAddCurrentTaskToDelayedList  tasks.o
    0x0800a490   0x0800a490   0x000000b4   Code   RO         5521    i.prvAddNewTaskToReadyList  tasks.o
    0x0800a544   0x0800a544   0x00000074   Code   RO         5884    i.prvCheckForValidListAndQueue  timers.o
    0x0800a5b8   0x0800a5b8   0x00000048   Code   RO         5522    i.prvCheckTasksWaitingTermination  tasks.o
    0x0800a600   0x0800a600   0x0000002a   Code   RO         5173    i.prvCopyDataFromQueue  queue.o
    0x0800a62a   0x0800a62a   0x0000007e   Code   RO         5174    i.prvCopyDataToQueue  queue.o
    0x0800a6a8   0x0800a6a8   0x00000050   Code   RO         5523    i.prvDeleteTCB      tasks.o
    0x0800a6f8   0x0800a6f8   0x00000028   Code   RO         5885    i.prvGetNextExpireTime  timers.o
    0x0800a720   0x0800a720   0x0000007c   Code   RO         6431    i.prvHeapInit       heap_4.o
    0x0800a79c   0x0800a79c   0x00000028   Code   RO         5524    i.prvIdleTask       tasks.o
    0x0800a7c4   0x0800a7c4   0x00000026   Code   RO         5177    i.prvInitialiseNewQueue  queue.o
    0x0800a7ea   0x0800a7ea   0x000000c2   Code   RO         5525    i.prvInitialiseNewTask  tasks.o
    0x0800a8ac   0x0800a8ac   0x00000068   Code   RO         5526    i.prvInitialiseTaskLists  tasks.o
    0x0800a914   0x0800a914   0x00000068   Code   RO         6432    i.prvInsertBlockIntoFreeList  heap_4.o
    0x0800a97c   0x0800a97c   0x00000058   Code   RO         5887    i.prvInsertTimerInActiveList  timers.o
    0x0800a9d4   0x0800a9d4   0x0000001a   Code   RO         5178    i.prvIsQueueEmpty   queue.o
    0x0800a9ee   0x0800a9ee   0x0000001e   Code   RO         5179    i.prvIsQueueFull    queue.o
    0x0800aa0c   0x0800aa0c   0x00000074   Code   RO         5888    i.prvProcessExpiredTimer  timers.o
    0x0800aa80   0x0800aa80   0x00000164   Code   RO         5889    i.prvProcessReceivedCommands  timers.o
    0x0800abe4   0x0800abe4   0x00000074   Code   RO         5890    i.prvProcessTimerOrBlockTask  timers.o
    0x0800ac58   0x0800ac58   0x00000034   Code   RO         5527    i.prvResetNextTaskUnblockTime  tasks.o
    0x0800ac8c   0x0800ac8c   0x0000002c   Code   RO         5891    i.prvSampleTimeNow  timers.o
    0x0800acb8   0x0800acb8   0x000000a4   Code   RO         5892    i.prvSwitchTimerLists  timers.o
    0x0800ad5c   0x0800ad5c   0x00000040   Code   RO         6488    i.prvTaskExitError  port.o
    0x0800ad9c   0x0800ad9c   0x0000001a   Code   RO         5893    i.prvTimerTask      timers.o
    0x0800adb6   0x0800adb6   0x0000007e   Code   RO         5180    i.prvUnlockQueue    queue.o
    0x0800ae34   0x0800ae34   0x0000014c   Code   RO         6433    i.pvPortMalloc      heap_4.o
    0x0800af80   0x0800af80   0x0000002c   Code   RO         6489    i.pxPortInitialiseStack  port.o
    0x0800afac   0x0800afac   0x0000003e   Code   RO         6907    i.sqrtf             m_wm.l(sqrtf_full.o)
    0x0800afea   0x0800afea   0x00000002   PAD
    0x0800afec   0x0800afec   0x00000018   Code   RO          945    i.toe_is_error      detect_task.o
    0x0800b004   0x0800b004   0x00000028   Code   RO         5136    i.uxListRemove      list.o
    0x0800b02c   0x0800b02c   0x00000018   Code   RO          278    i.vApplicationGetIdleTaskMemory  freertos.o
    0x0800b044   0x0800b044   0x00000018   Code   RO          279    i.vApplicationGetTimerTaskMemory  freertos.o
    0x0800b05c   0x0800b05c   0x0000001a   Code   RO         5137    i.vListInitialise   list.o
    0x0800b076   0x0800b076   0x00000006   Code   RO         5138    i.vListInitialiseItem  list.o
    0x0800b07c   0x0800b07c   0x00000034   Code   RO         5139    i.vListInsert       list.o
    0x0800b0b0   0x0800b0b0   0x00000018   Code   RO         5140    i.vListInsertEnd    list.o
    0x0800b0c8   0x0800b0c8   0x00000054   Code   RO         6491    i.vPortEnterCritical  port.o
    0x0800b11c   0x0800b11c   0x0000003c   Code   RO         6492    i.vPortExitCritical  port.o
    0x0800b158   0x0800b158   0x000000a4   Code   RO         6434    i.vPortFree         heap_4.o
    0x0800b1fc   0x0800b1fc   0x00000028   Code   RO         6493    i.vPortSetupTimerInterrupt  port.o
    0x0800b224   0x0800b224   0x00000078   Code   RO         6494    i.vPortValidateInterruptPriority  port.o
    0x0800b29c   0x0800b29c   0x0000002c   Code   RO         5184    i.vQueueAddToRegistry  queue.o
    0x0800b2c8   0x0800b2c8   0x0000004a   Code   RO         5187    i.vQueueWaitForMessageRestricted  queue.o
    0x0800b312   0x0800b312   0x00000002   PAD
    0x0800b314   0x0800b314   0x0000005c   Code   RO         5539    i.vTaskDelay        tasks.o
    0x0800b370   0x0800b370   0x00000018   Code   RO         5543    i.vTaskInternalSetTimeOutState  tasks.o
    0x0800b388   0x0800b388   0x0000000c   Code   RO         5544    i.vTaskMissedYield  tasks.o
    0x0800b394   0x0800b394   0x00000038   Code   RO         5546    i.vTaskPlaceOnEventList  tasks.o
    0x0800b3cc   0x0800b3cc   0x00000040   Code   RO         5547    i.vTaskPlaceOnEventListRestricted  tasks.o
    0x0800b40c   0x0800b40c   0x000000b8   Code   RO         5554    i.vTaskStartScheduler  tasks.o
    0x0800b4c4   0x0800b4c4   0x00000010   Code   RO         5556    i.vTaskSuspendAll   tasks.o
    0x0800b4d4   0x0800b4d4   0x0000008c   Code   RO         5557    i.vTaskSwitchContext  tasks.o
    0x0800b560   0x0800b560   0x00000168   Code   RO         6495    i.xPortStartScheduler  port.o
    0x0800b6c8   0x0800b6c8   0x000000e0   Code   RO         5191    i.xQueueGenericCreateStatic  queue.o
    0x0800b7a8   0x0800b7a8   0x00000098   Code   RO         5192    i.xQueueGenericReset  queue.o
    0x0800b840   0x0800b840   0x000001a8   Code   RO         5193    i.xQueueGenericSend  queue.o
    0x0800b9e8   0x0800b9e8   0x000000fc   Code   RO         5194    i.xQueueGenericSendFromISR  queue.o
    0x0800bae4   0x0800bae4   0x00000168   Code   RO         5202    i.xQueueReceive     queue.o
    0x0800bc4c   0x0800bc4c   0x000000a8   Code   RO         5560    i.xTaskCheckForTimeOut  tasks.o
    0x0800bcf4   0x0800bcf4   0x00000064   Code   RO         5561    i.xTaskCreate       tasks.o
    0x0800bd58   0x0800bd58   0x000000ba   Code   RO         5562    i.xTaskCreateStatic  tasks.o
    0x0800be12   0x0800be12   0x00000002   PAD
    0x0800be14   0x0800be14   0x00000020   Code   RO         5567    i.xTaskGetSchedulerState  tasks.o
    0x0800be34   0x0800be34   0x0000000c   Code   RO         5568    i.xTaskGetTickCount  tasks.o
    0x0800be40   0x0800be40   0x00000148   Code   RO         5570    i.xTaskIncrementTick  tasks.o
    0x0800bf88   0x0800bf88   0x000000c8   Code   RO         5573    i.xTaskPriorityDisinherit  tasks.o
    0x0800c050   0x0800c050   0x00000098   Code   RO         5575    i.xTaskRemoveFromEventList  tasks.o
    0x0800c0e8   0x0800c0e8   0x00000104   Code   RO         5576    i.xTaskResumeAll    tasks.o
    0x0800c1ec   0x0800c1ec   0x00000078   Code   RO         5900    i.xTimerCreateTimerTask  timers.o
    0x0800c264   0x0800c264   0x00000084   Code   RO         5901    i.xTimerGenericCommand  timers.o
    0x0800c2e8   0x0800c2e8   0x00000070   Data   RO          281    .constdata          freertos.o
    0x0800c358   0x0800c358   0x00000018   Data   RO          797    .constdata          system_stm32f4xx.o
    0x0800c370   0x0800c370   0x00000030   Data   RO          842    .constdata          ins_task.o
    0x0800c3a0   0x0800c3a0   0x00000024   Data   RO          947    .constdata          detect_task.o
    0x0800c3c4   0x0800c3c4   0x00000024   Data   RO         1126    .constdata          bsp_chassis.o
    0x0800c3e8   0x0800c3e8   0x00000090   Data   RO         1899    .constdata          quaternionekf.o
    0x0800c478   0x0800c478   0x00000008   Data   RO         2708    .constdata          stm32f4xx_hal_dma.o
    0x0800c480   0x0800c480   0x00000804   Data   RO         6840    .constdata          arm_cortexM4lf_math.lib(arm_common_tables.o)
    0x0800cc84   0x0800cc84   0x00000023   Data   RO          282    .conststring        freertos.o
    0x0800cca7   0x0800cca7   0x00000001   PAD
    0x0800cca8   0x0800cca8   0x00000020   Data   RO         7032    Region$$Table       anon$$obj.o


    Execution Region RW_IRAM2 (Exec base: 0x10000000, Load base: 0x0800cd84, Size: 0x00000000, Max: 0x00010000, ABSOLUTE)

    **** No section assigned to this execution region ****


    Execution Region RW_IRAM1 (Exec base: 0x20000000, Load base: 0x0800ccc8, Size: 0x0000b9d0, Max: 0x00020000, ABSOLUTE, COMPRESSED[0x000000bc])

    Exec Addr    Load Addr    Size         Type   Attr      Idx    E Section Name        Object

    0x20000000   COMPRESSED   0x00000014   Data   RW          283    .data               freertos.o
    0x20000014   COMPRESSED   0x0000000a   Data   RW          552    .data               usart.o
    0x2000001e   COMPRESSED   0x00000002   PAD
    0x20000020   COMPRESSED   0x00000004   Data   RW          798    .data               system_stm32f4xx.o
    0x20000024   COMPRESSED   0x00000048   Data   RW          843    .data               ins_task.o
    0x2000006c   COMPRESSED   0x00000008   Data   RW          948    .data               detect_task.o
    0x20000074   COMPRESSED   0x00000004   PAD
    0x20000078   COMPRESSED   0x00000040   Data   RW          997    .data               bsp_dwt.o
    0x200000b8   COMPRESSED   0x00000001   Data   RW         1218    .data               bsp_ros.o
    0x200000b9   COMPRESSED   0x00000011   Data   RW         1290    .data               can_receive.o
    0x200000ca   COMPRESSED   0x00000002   PAD
    0x200000cc   COMPRESSED   0x00000048   Data   RW         1397    .data               bmi088driver.o
    0x20000114   COMPRESSED   0x00000004   Data   RW         1474    .data               bmi088middleware.o
    0x20000118   COMPRESSED   0x00000004   Data   RW         1532    .data               kalman_filter.o
    0x2000011c   COMPRESSED   0x00000018   Data   RW         1624    .data               user_lib.o
    0x20000134   COMPRESSED   0x00000270   Data   RW         1775    .data               controller.o
    0x200003a4   COMPRESSED   0x000000d4   Data   RW         1900    .data               quaternionekf.o
    0x20000478   COMPRESSED   0x00000009   Data   RW         3140    .data               stm32f4xx_hal.o
    0x20000481   COMPRESSED   0x00000003   PAD
    0x20000484   COMPRESSED   0x0000003c   Data   RW         5579    .data               tasks.o
    0x200004c0   COMPRESSED   0x00000014   Data   RW         5909    .data               timers.o
    0x200004d4   COMPRESSED   0x00000020   Data   RW         6440    .data               heap_4.o
    0x200004f4   COMPRESSED   0x0000000c   Data   RW         6496    .data               port.o
    0x20000500   COMPRESSED   0x00000004   Data   RW         7012    .data               mc_w.l(mvars.o)
    0x20000504   COMPRESSED   0x00000004   Data   RW         7013    .data               mc_w.l(mvars.o)
    0x20000508   COMPRESSED   0x00000004   Data   RW         7017    .data               mc_w.l(errno.o)
    0x2000050c        -       0x000006a8   Zero   RW          280    .bss                freertos.o
    0x20000bb4        -       0x00000028   Zero   RW          383    .bss                can.o
    0x20000bdc        -       0x00000118   Zero   RW          449    .bss                spi.o
    0x20000cf4        -       0x00000090   Zero   RW          493    .bss                tim.o
    0x20000d84        -       0x0000010c   Zero   RW          551    .bss                usart.o
    0x20000e90        -       0x00000048   Zero   RW          759    .bss                stm32f4xx_hal_timebase_tim.o
    0x20000ed8        -       0x0000014a   Zero   RW          841    .bss                ins_task.o
    0x20001022        -       0x00000078   Zero   RW          946    .bss                detect_task.o
    0x2000109a   COMPRESSED   0x00000002   PAD
    0x2000109c        -       0x00000304   Zero   RW         1125    .bss                bsp_chassis.o
    0x200013a0        -       0x000000c4   Zero   RW         1217    .bss                bsp_ros.o
    0x20001464        -       0x00000078   Zero   RW         1289    .bss                can_receive.o
    0x200014dc        -       0x00000040   Zero   RW         1396    .bss                bmi088driver.o
    0x2000151c   COMPRESSED   0x00000004   PAD
    0x20001520        -       0x00000270   Zero   RW         1898    .bss                quaternionekf.o
    0x20001790        -       0x00000040   Zero   RW         5205    .bss                queue.o
    0x200017d0        -       0x000000f0   Zero   RW         5578    .bss                tasks.o
    0x200018c0        -       0x00000110   Zero   RW         5908    .bss                timers.o
    0x200019d0        -       0x00006000   Zero   RW         6439    .bss                heap_4.o
    0x200079d0        -       0x00002000   Zero   RW            2    HEAP                startup_stm32f407xx.o
    0x200099d0        -       0x00002000   Zero   RW            1    STACK               startup_stm32f407xx.o


==============================================================================

Image component sizes


      Code (inc. data)   RO Data    RW Data    ZI Data      Debug   Object Name

      2882        174          0         72         64      10337   bmi088driver.o
       116         30          0          4          0       3384   bmi088middleware.o
        68          6          0          0          0        574   bsp_can.o
      1298        124         36          0        772       7143   bsp_chassis.o
       580        112          0         64          0       4506   bsp_dwt.o
        58          0          0          0          0        882   bsp_pwm.o
       292         52          0          1        196       4952   bsp_ros.o
       236         24          0          0         40       1701   can.o
       312         34          0         17        120       3032   can_receive.o
       142          0          0          0          0      22975   cmsis_os.o
      2252         38          0        624          0      12872   controller.o
       688         32         36          8        120       3090   detect_task.o
        72          4          0          0          0        778   dma.o
         0          0          0          0          0      17288   event_groups.o
       276         44        147         20       1704      19272   freertos.o
       656         26          0          0          0       1387   gpio.o
       724         74          0         32      24576       4955   heap_4.o
      2580        198         48         72        330      12687   ins_task.o
      3160         26          0          4          0       9367   kalman_filter.o
       148          0          0          0          0       3654   list.o
       316         30          0          0          0     747380   main.o
       592          8          0          0          0       1826   pid.o
      1014         92          0         12          0      12617   port.o
      4156        234        144        212        624       8438   quaternionekf.o
      1918         20          0          0         64      17580   queue.o
       416         38          0          0        280       1955   spi.o
        36          8        392          0      16384        852   startup_stm32f407xx.o
       136         24          0          9          0       8814   stm32f4xx_hal.o
      2134          6          0          0          0      14603   stm32f4xx_hal_can.o
       252         22          0          0          0      33762   stm32f4xx_hal_cortex.o
       670         10          8          0          0       4334   stm32f4xx_hal_dma.o
       538         48          0          0          0       3396   stm32f4xx_hal_gpio.o
        84          6          0          0          0        862   stm32f4xx_hal_msp.o
      1888         94          0          0          0       6385   stm32f4xx_hal_rcc.o
      1078         14          0          0          0       4737   stm32f4xx_hal_spi.o
      2392        142          0          0          0      16736   stm32f4xx_hal_tim.o
       300         30          0          0          0       3389   stm32f4xx_hal_tim_ex.o
       136         12          0          0         72       1491   stm32f4xx_hal_timebase_tim.o
      2408         14          0          0          0      12772   stm32f4xx_hal_uart.o
       142         30          0          0          0       6845   stm32f4xx_it.o
        28          4         24          4          0       1175   system_stm32f4xx.o
      2912        354          0         60        240      27854   tasks.o
       672         54          0          0        144       3319   tim.o
      1318        124          0         20        272      30827   timers.o
      1244        110          0         10        268       6467   usart.o
       790         26          0         24          0       9159   user_lib.o

    ----------------------------------------------------------------------
     44156       2552        868       1280      46276    1132411   Object Totals
         0          0         32          0          0          0   (incl. Generated)
        46          0          1         11          6          0   (incl. Padding)

    ----------------------------------------------------------------------

      Code (inc. data)   RO Data    RW Data    ZI Data      Debug   Library Member Name

         0          0       2052          0          0       4704   arm_common_tables.o
       120         12          0          0          0      17170   arm_cos_f32.o
       264          0          0          0          0       1826   arm_mat_add_f32.o
         8          0          0          0          0        999   arm_mat_init_f32.o
      1328          4          0          0          0       4782   arm_mat_inverse_f32.o
       316          4          0          0          0       2375   arm_mat_mult_f32.o
       264          0          0          0          0       1826   arm_mat_sub_f32.o
       276          0          0          0          0       2240   arm_mat_trans_f32.o
       148         18          0          0          0        814   arm_sin_f32.o
       280         46          0          0          0        176   acosf.o
       300         42          0          0          0        176   asinf.o
       684         90          0          0          0        208   atan2f.o
        38          0          0          0          0        116   fpclassifyf.o
        44         12          0          0          0        464   funder.o
       120          0          0          0          0        272   sqrtf_full.o
        86          0          0          0          0          0   __dczerorl2.o
         0          0          0          0          0          0   entry.o
         0          0          0          0          0          0   entry10a.o
         0          0          0          0          0          0   entry11a.o
         4          0          0          0          0          0   entry12b.o
         8          4          0          0          0          0   entry2.o
         4          0          0          0          0          0   entry5.o
         0          0          0          0          0          0   entry7b.o
         0          0          0          0          0          0   entry8b.o
         8          4          0          0          0          0   entry9a.o
        12          6          0          4          0         68   errno.o
        30          0          0          0          0          0   handlers.o
        36          8          0          0          0         68   init.o
         0          0          0          0          0          0   iusefp.o
        30          0          0          0          0         68   llshl.o
        32          0          0          0          0         68   llushr.o
       108         16          0          0          0         84   malloc.o
        36          0          0          0          0         68   memcpya.o
        36          0          0          0          0        108   memseta.o
         0          0          0          8          0          0   mvars.o
        98          0          0          0          0         92   uldiv.o
        56          0          0          0          0         88   d2f.o
       186          0          0          0          0        176   depilogue.o
       228          0          0          0          0         96   dmul.o
        38          0          0          0          0         68   f2d.o
       110          0          0          0          0        168   fepilogue.o

    ----------------------------------------------------------------------
      5348        266       2052         12          0      39368   Library Totals
        12          0          0          0          0          0   (incl. Padding)

    ----------------------------------------------------------------------

      Code (inc. data)   RO Data    RW Data    ZI Data      Debug   Library Name

      2724         38       2052          0          0      36736   arm_cortexM4lf_math.lib
      1466        190          0          0          0       1412   m_wm.l
       528         38          0         12          0        624   mc_w.l
       618          0          0          0          0        596   mf_w.l

    ----------------------------------------------------------------------
      5348        266       2052         12          0      39368   Library Totals

    ----------------------------------------------------------------------

==============================================================================


      Code (inc. data)   RO Data    RW Data    ZI Data      Debug   

     49504       2818       2920       1292      46276    1142443   Grand Totals
     49504       2818       2920        188      46276    1142443   ELF Image Totals (compressed)
     49504       2818       2920        188          0          0   ROM Totals

==============================================================================

    Total RO  Size (Code + RO Data)                52424 (  51.20kB)
    Total RW  Size (RW Data + ZI Data)             47568 (  46.45kB)
    Total ROM Size (Code + RO Data + RW Data)      52612 (  51.38kB)

==============================================================================

