Component: ARM Compiler 5.06 update 7 (build 960) Tool: armlink [4d3601]

==============================================================================

Section Cross References

    startup_stm32f407xx.o(RESET) refers to startup_stm32f407xx.o(STACK) for __initial_sp
    startup_stm32f407xx.o(RESET) refers to startup_stm32f407xx.o(.text) for Reset_Handler
    startup_stm32f407xx.o(RESET) refers to stm32f4xx_it.o(i.NMI_Handler) for NMI_Handler
    startup_stm32f407xx.o(RESET) refers to stm32f4xx_it.o(i.HardFault_Handler) for HardFault_Handler
    startup_stm32f407xx.o(RESET) refers to stm32f4xx_it.o(i.MemManage_Handler) for MemManage_Handler
    startup_stm32f407xx.o(RESET) refers to stm32f4xx_it.o(i.BusFault_Handler) for BusFault_Handler
    startup_stm32f407xx.o(RESET) refers to stm32f4xx_it.o(i.UsageFault_Handler) for UsageFault_Handler
    startup_stm32f407xx.o(RESET) refers to port.o(.emb_text) for SVC_Handler
    startup_stm32f407xx.o(RESET) refers to stm32f4xx_it.o(i.DebugMon_Handler) for DebugMon_Handler
    startup_stm32f407xx.o(RESET) refers to port.o(i.SysTick_Handler) for SysTick_Handler
    startup_stm32f407xx.o(RESET) refers to stm32f4xx_it.o(i.EXTI3_IRQHandler) for EXTI3_IRQHandler
    startup_stm32f407xx.o(RESET) refers to stm32f4xx_it.o(i.EXTI4_IRQHandler) for EXTI4_IRQHandler
    startup_stm32f407xx.o(RESET) refers to stm32f4xx_it.o(i.CAN1_TX_IRQHandler) for CAN1_TX_IRQHandler
    startup_stm32f407xx.o(RESET) refers to stm32f4xx_it.o(i.CAN1_RX0_IRQHandler) for CAN1_RX0_IRQHandler
    startup_stm32f407xx.o(RESET) refers to stm32f4xx_it.o(i.EXTI9_5_IRQHandler) for EXTI9_5_IRQHandler
    startup_stm32f407xx.o(RESET) refers to stm32f4xx_it.o(i.TIM2_IRQHandler) for TIM2_IRQHandler
    startup_stm32f407xx.o(RESET) refers to stm32f4xx_it.o(i.USART1_IRQHandler) for USART1_IRQHandler
    startup_stm32f407xx.o(RESET) refers to stm32f4xx_it.o(i.USART6_IRQHandler) for USART6_IRQHandler
    startup_stm32f407xx.o(.text) refers to system_stm32f4xx.o(i.SystemInit) for SystemInit
    startup_stm32f407xx.o(.text) refers to entry.o(.ARM.Collect$$$$00000000) for __main
    main.o(i.HAL_TIM_PeriodElapsedCallback) refers to stm32f4xx_hal.o(i.HAL_IncTick) for HAL_IncTick
    main.o(i.SystemClock_Config) refers to memseta.o(.text) for __aeabi_memclr4
    main.o(i.SystemClock_Config) refers to stm32f4xx_hal_rcc.o(i.HAL_RCC_OscConfig) for HAL_RCC_OscConfig
    main.o(i.SystemClock_Config) refers to main.o(i.Error_Handler) for Error_Handler
    main.o(i.SystemClock_Config) refers to stm32f4xx_hal_rcc.o(i.HAL_RCC_ClockConfig) for HAL_RCC_ClockConfig
    main.o(i.main) refers to stm32f4xx_hal.o(i.HAL_Init) for HAL_Init
    main.o(i.main) refers to main.o(i.SystemClock_Config) for SystemClock_Config
    main.o(i.main) refers to gpio.o(i.MX_GPIO_Init) for MX_GPIO_Init
    main.o(i.main) refers to dma.o(i.MX_DMA_Init) for MX_DMA_Init
    main.o(i.main) refers to spi.o(i.MX_SPI1_Init) for MX_SPI1_Init
    main.o(i.main) refers to tim.o(i.MX_TIM10_Init) for MX_TIM10_Init
    main.o(i.main) refers to can.o(i.MX_CAN1_Init) for MX_CAN1_Init
    main.o(i.main) refers to usart.o(i.MX_USART1_UART_Init) for MX_USART1_UART_Init
    main.o(i.main) refers to usart.o(i.MX_USART6_UART_Init) for MX_USART6_UART_Init
    main.o(i.main) refers to tim.o(i.MX_TIM1_Init) for MX_TIM1_Init
    main.o(i.main) refers to bsp_can.o(i.can_filter_init) for can_filter_init
    main.o(i.main) refers to stm32f4xx_hal_uart.o(i.HAL_UART_Receive_IT) for HAL_UART_Receive_IT
    main.o(i.main) refers to bsp_dwt.o(i.DWT_Init) for DWT_Init
    main.o(i.main) refers to bmi088driver.o(i.BMI088_init) for BMI088_init
    main.o(i.main) refers to freertos.o(i.MX_FREERTOS_Init) for MX_FREERTOS_Init
    main.o(i.main) refers to cmsis_os.o(i.osKernelStart) for osKernelStart
    main.o(i.main) refers to usart.o(.data) for RxBuffer
    main.o(i.main) refers to usart.o(.bss) for huart1
    main.o(i.main) refers to spi.o(.bss) for hspi1
    gpio.o(i.MX_GPIO_Init) refers to memseta.o(.text) for __aeabi_memclr4
    gpio.o(i.MX_GPIO_Init) refers to stm32f4xx_hal_gpio.o(i.HAL_GPIO_WritePin) for HAL_GPIO_WritePin
    gpio.o(i.MX_GPIO_Init) refers to stm32f4xx_hal_gpio.o(i.HAL_GPIO_Init) for HAL_GPIO_Init
    gpio.o(i.MX_GPIO_Init) refers to stm32f4xx_hal_cortex.o(i.HAL_NVIC_SetPriority) for HAL_NVIC_SetPriority
    gpio.o(i.MX_GPIO_Init) refers to stm32f4xx_hal_cortex.o(i.HAL_NVIC_EnableIRQ) for HAL_NVIC_EnableIRQ
    freertos.o(i.MX_FREERTOS_Init) refers to memcpya.o(.text) for __aeabi_memcpy4
    freertos.o(i.MX_FREERTOS_Init) refers to cmsis_os.o(i.osThreadCreate) for osThreadCreate
    freertos.o(i.MX_FREERTOS_Init) refers to freertos.o(.constdata) for .constdata
    freertos.o(i.MX_FREERTOS_Init) refers to freertos.o(.data) for INSTaskHandle
    freertos.o(i.StartCANTask) refers to bsp_chassis.o(i.Chassis_init) for Chassis_init
    freertos.o(i.StartCANTask) refers to bsp_chassis.o(i.chassis_ctrl) for chassis_ctrl
[...]
    _main_stk                                0x08000189   Thumb Code     0  entry2.o(.ARM.Collect$$$$00000001)
    _main_scatterload                        0x0800018d   Thumb Code     0  entry5.o(.ARM.Collect$$$$00000004)
    __main_after_scatterload                 0x08000191   Thumb Code     0  entry5.o(.ARM.Collect$$$$00000004)
    _main_clock                              0x08000191   Thumb Code     0  entry7b.o(.ARM.Collect$$$$00000008)
    _main_cpp_init                           0x08000191   Thumb Code     0  entry8b.o(.ARM.Collect$$$$0000000A)
    _main_init                               0x08000191   Thumb Code     0  entry9a.o(.ARM.Collect$$$$0000000B)
    __rt_lib_shutdown_fini                   0x08000199   Thumb Code     0  entry12b.o(.ARM.Collect$$$$0000000E)
    __rt_final_cpp                           0x0800019d   Thumb Code     0  entry10a.o(.ARM.Collect$$$$0000000F)
    __rt_final_exit                          0x0800019d   Thumb Code     0  entry11a.o(.ARM.Collect$$$$00000011)
    SVC_Handler                              0x080001a1   Thumb Code    28  port.o(.emb_text)
    __asm___6_port_c_39a90d8d__prvStartFirstTask 0x080001c1   Thumb Code    36  port.o(.emb_text)
    __asm___6_port_c_39a90d8d__prvEnableVFP  0x080001e9   Thumb Code    16  port.o(.emb_text)
    PendSV_Handler                           0x080001fd   Thumb Code    88  port.o(.emb_text)
    vPortGetIPSR                             0x08000259   Thumb Code     6  port.o(.emb_text)
    Reset_Handler                            0x08000261   Thumb Code     8  startup_stm32f407xx.o(.text)
    ADC_IRQHandler                           0x0800027b   Thumb Code     0  startup_stm32f407xx.o(.text)
    CAN1_RX1_IRQHandler                      0x0800027b   Thumb Code     0  startup_stm32f407xx.o(.text)
    CAN1_SCE_IRQHandler                      0x0800027b   Thumb Code     0  startup_stm32f407xx.o(.text)
    CAN2_RX0_IRQHandler                      0x0800027b   Thumb Code     0  startup_stm32f407xx.o(.text)
    CAN2_RX1_IRQHandler                      0x0800027b   Thumb Code     0  startup_stm32f407xx.o(.text)
    CAN2_SCE_IRQHandler                      0x0800027b   Thumb Code     0  startup_stm32f407xx.o(.text)
    CAN2_TX_IRQHandler                       0x0800027b   Thumb Code     0  startup_stm32f407xx.o(.text)
    DCMI_IRQHandler                          0x0800027b   Thumb Code     0  startup_stm32f407xx.o(.text)
    DMA1_Stream0_IRQHandler                  0x0800027b   Thumb Code     0  startup_stm32f407xx.o(.text)
    DMA1_Stream1_IRQHandler                  0x0800027b   Thumb Code     0  startup_stm32f407xx.o(.text)
    DMA1_Stream2_IRQHandler                  0x0800027b   Thumb Code     0  startup_stm32f407xx.o(.text)
    DMA1_Stream3_IRQHandler                  0x0800027b   Thumb Code     0  startup_stm32f407xx.o(.text)
    DMA1_Stream4_IRQHandler                  0x0800027b   Thumb Code     0  startup_stm32f407xx.o(.text)
    DMA1_Stream5_IRQHandler                  0x0800027b   Thumb Code     0  startup_stm32f407xx.o(.text)
    DMA1_Stream6_IRQHandler                  0x0800027b   Thumb Code     0  startup_stm32f407xx.o(.text)
    DMA1_Stream7_IRQHandler                  0x0800027b   Thumb Code     0  startup_stm32f407xx.o(.text)
    DMA2_Stream0_IRQHandler                  0x0800027b   Thumb Code     0  startup_stm32f407xx.o(.text)
    DMA2_Stream1_IRQHandler                  0x0800027b   Thumb Code     0  startup_stm32f407xx.o(.text)
    DMA2_Stream2_IRQHandler                  0x0800027b   Thumb Code     0  startup_stm32f407xx.o(.text)
    DMA2_Stream3_IRQHandler                  0x0800027b   Thumb Code     0  startup_stm32f407xx.o(.text)
    DMA2_Stream4_IRQHandler                  0x0800027b   Thumb Code     0  startup_stm32f407xx.o(.text)
    DMA2_Stream5_IRQHandler                  0x0800027b   Thumb Code     0  startup_stm32f407xx.o(.text)
    DMA2_Stream6_IRQHandler                  0x0800027b   Thumb Code     0  startup_stm32f407xx.o(.text)
    DMA2_Stream7_IRQHandler                  0x0800027b   Thumb Code     0  startup_stm32f407xx.o(.text)
    ETH_IRQHandler                           0x0800027b   Thumb Code     0  startup_stm32f407xx.o(.text)
    ETH_WKUP_IRQHandler                      0x0800027b   Thumb Code     0  startup_stm32f407xx.o(.text)
    EXTI0_IRQHandler                         0x0800027b   Thumb Code     0  startup_stm32f407xx.o(.text)
    EXTI15_10_IRQHandler                     0x0800027b   Thumb Code     0  startup_stm32f407xx.o(.text)
    EXTI1_IRQHandler                         0x0800027b   Thumb Code     0  startup_stm32f407xx.o(.text)
    EXTI2_IRQHandler                         0x0800027b   Thumb Code     0  startup_stm32f407xx.o(.text)
    FLASH_IRQHandler                         0x0800027b   Thumb Code     0  startup_stm32f407xx.o(.text)
    FMC_IRQHandler                           0x0800027b   Thumb Code     0  startup_stm32f407xx.o(.text)
    FPU_IRQHandler                           0x0800027b   Thumb Code     0  startup_stm32f407xx.o(.text)
    HASH_RNG_IRQHandler                      0x0800027b   Thumb Code     0  startup_stm32f407xx.o(.text)
    I2C1_ER_IRQHandler                       0x0800027b   Thumb Code     0  startup_stm32f407xx.o(.text)
    I2C1_EV_IRQHandler                       0x0800027b   Thumb Code     0  startup_stm32f407xx.o(.text)
    I2C2_ER_IRQHandler                       0x0800027b   Thumb Code     0  startup_stm32f407xx.o(.text)
    I2C2_EV_IRQHandler                       0x0800027b   Thumb Code     0  startup_stm32f407xx.o(.text)
    I2C3_ER_IRQHandler                       0x0800027b   Thumb Code     0  startup_stm32f407xx.o(.text)
    I2C3_EV_IRQHandler                       0x0800027b   Thumb Code     0  startup_stm32f407xx.o(.text)
    OTG_FS_IRQHandler                        0x0800027b   Thumb Code     0  startup_stm32f407xx.o(.text)
    OTG_FS_WKUP_IRQHandler                   0x0800027b   Thumb Code     0  startup_stm32f407xx.o(.text)
    OTG_HS_EP1_IN_IRQHandler                 0x0800027b   Thumb Code     0  startup_stm32f407xx.o(.text)
    OTG_HS_EP1_OUT_IRQHandler                0x0800027b   Thumb Code     0  startup_stm32f407xx.o(.text)
    OTG_HS_IRQHandler                        0x0800027b   Thumb Code     0  startup_stm32f407xx.o(.text)
    OTG_HS_WKUP_IRQHandler                   0x0800027b   Thumb Code     0  startup_stm32f407xx.o(.text)
    PVD_IRQHandler                           0x0800027b   Thumb Code     0  startup_stm32f407xx.o(.text)
    RCC_IRQHandler                           0x0800027b   Thumb Code     0  startup_stm32f407xx.o(.text)
    RTC_Alarm_IRQHandler                     0x0800027b   Thumb Code     0  startup_stm32f407xx.o(.text)
    RTC_WKUP_IRQHandler                      0x0800027b   Thumb Code     0  startup_stm32f407xx.o(.text)
    SDIO_IRQHandler                          0x0800027b   Thumb Code     0  startup_stm32f407xx.o(.text)
    SPI1_IRQHandler                          0x0800027b   Thumb Code     0  startup_stm32f407xx.o(.text)
    SPI2_IRQHandler                          0x0800027b   Thumb Code     0  startup_stm32f407xx.o(.text)
    SPI3_IRQHandler                          0x0800027b   Thumb Code     0  startup_stm32f407xx.o(.text)
    TAMP_STAMP_IRQHandler                    0x0800027b   Thumb Code     0  startup_stm32f407xx.o(.text)
    TIM1_BRK_TIM9_IRQHandler                 0x0800027b   Thumb Code     0  startup_stm32f407xx.o(.text)
    TIM1_CC_IRQHandler                       0x0800027b   Thumb Code     0  startup_stm32f407xx.o(.text)
    TIM1_TRG_COM_TIM11_IRQHandler            0x0800027b   Thumb Code     0  startup_stm32f407xx.o(.text)
    TIM1_UP_TIM10_IRQHandler                 0x0800027b   Thumb Code     0  startup_stm32f407xx.o(.text)
    TIM3_IRQHandler                          0x0800027b   Thumb Code     0  startup_stm32f407xx.o(.text)
    TIM4_IRQHandler                          0x0800027b   Thumb Code     0  startup_stm32f407xx.o(.text)
    TIM5_IRQHandler                          0x0800027b   Thumb Code     0  startup_stm32f407xx.o(.text)
    TIM6_DAC_IRQHandler                      0x0800027b   Thumb Code     0  startup_stm32f407xx.o(.text)
    TIM7_IRQHandler                          0x0800027b   Thumb Code     0  startup_stm32f407xx.o(.text)
    TIM8_BRK_TIM12_IRQHandler                0x0800027b   Thumb Code     0  startup_stm32f407xx.o(.text)
    TIM8_CC_IRQHandler                       0x0800027b   Thumb Code     0  startup_stm32f407xx.o(.text)
    TIM8_TRG_COM_TIM14_IRQHandler            0x0800027b   Thumb Code     0  startup_stm32f407xx.o(.text)
    TIM8_UP_TIM13_IRQHandler                 0x0800027b   Thumb Code     0  startup_stm32f407xx.o(.text)
    UART4_IRQHandler                         0x0800027b   Thumb Code     0  startup_stm32f407xx.o(.text)
    UART5_IRQHandler                         0x0800027b   Thumb Code     0  startup_stm32f407xx.o(.text)
    USART2_IRQHandler                        0x0800027b   Thumb Code     0  startup_stm32f407xx.o(.text)
    USART3_IRQHandler                        0x0800027b   Thumb Code     0  startup_stm32f407xx.o(.text)
    WWDG_IRQHandler                          0x0800027b   Thumb Code     0  startup_stm32f407xx.o(.text)
    arm_cos_f32                              0x08000285   Thumb Code   108  arm_cos_f32.o(.text)
    arm_sin_f32                              0x080002fd   Thumb Code   130  arm_sin_f32.o(.text)
    arm_mat_add_f32                          0x08000391   Thumb Code   264  arm_mat_add_f32.o(.text)
    arm_mat_init_f32                         0x08000499   Thumb Code     8  arm_mat_init_f32.o(.text)
    arm_mat_inverse_f32                      0x080004a1   Thumb Code  1328  arm_mat_inverse_f32.o(.text)
    arm_mat_mult_f32                         0x080009d1   Thumb Code   312  arm_mat_mult_f32.o(.text)
    arm_mat_sub_f32                          0x08000b0d   Thumb Code   264  arm_mat_sub_f32.o(.text)
    arm_mat_trans_f32                        0x08000c15   Thumb Code   276  arm_mat_trans_f32.o(.text)
    __aeabi_uldivmod                         0x08000d29   Thumb Code    98  uldiv.o(.text)
    __aeabi_memcpy                           0x08000d8b   Thumb Code    36  memcpya.o(.text)
    __aeabi_memcpy4                          0x08000d8b   Thumb Code     0  memcpya.o(.text)
    __aeabi_memcpy8                          0x08000d8b   Thumb Code     0  memcpya.o(.text)
    __aeabi_memset                           0x08000daf   Thumb Code    14  memseta.o(.text)
    __aeabi_memset4                          0x08000daf   Thumb Code     0  memseta.o(.text)
    __aeabi_memset8                          0x08000daf   Thumb Code     0  memseta.o(.text)
    __aeabi_memclr                           0x08000dbd   Thumb Code     4  memseta.o(.text)
    __aeabi_memclr4                          0x08000dbd   Thumb Code     0  memseta.o(.text)
    __aeabi_memclr8                          0x08000dbd   Thumb Code     0  memseta.o(.text)
    memset                                   0x08000dc1   Thumb Code    18  memseta.o(.text)
    __aeabi_llsl                             0x08000dd3   Thumb Code    30  llshl.o(.text)
    _ll_shift_l                              0x08000dd3   Thumb Code     0  llshl.o(.text)
    __aeabi_llsr                             0x08000df1   Thumb Code    32  llushr.o(.text)
    _ll_ushift_r                             0x08000df1   Thumb Code     0  llushr.o(.text)
    __I$use$fp                               0x08000e11   Thumb Code     0  iusefp.o(.text)
    __scatterload                            0x08000e11   Thumb Code    28  init.o(.text)
    __scatterload_rt2                        0x08000e11   Thumb Code     0  init.o(.text)
    __decompress                             0x08000e35   Thumb Code     0  __dczerorl2.o(.text)
    __decompress1                            0x08000e35   Thumb Code    86  __dczerorl2.o(.text)
    BMI088_ACCEL_NS_H                        0x08000e8d   Thumb Code    14  bmi088middleware.o(i.BMI088_ACCEL_NS_H)
    BMI088_ACCEL_NS_L                        0x08000ea1   Thumb Code    14  bmi088middleware.o(i.BMI088_ACCEL_NS_L)
    BMI088_GYRO_NS_H                         0x08000eb5   Thumb Code    14  bmi088middleware.o(i.BMI088_GYRO_NS_H)
    BMI088_GYRO_NS_L                         0x08000ec9   Thumb Code    14  bmi088middleware.o(i.BMI088_GYRO_NS_L)
    BMI088_Read                              0x08000edd   Thumb Code   614  bmi088driver.o(i.BMI088_Read)
    BMI088_init                              0x08001159   Thumb Code   118  bmi088driver.o(i.BMI088_init)
    BMI088_read_write_byte                   0x08001231   Thumb Code    30  bmi088middleware.o(i.BMI088_read_write_byte)
    BodyFrameToEarthFrame                    0x08001269   Thumb Code   346  ins_task.o(i.BodyFrameToEarthFrame)
    BusFault_Handler                         0x080013c3   Thumb Code     4  stm32f4xx_it.o(i.BusFault_Handler)
    CAN1_RX0_IRQHandler                      0x080013c9   Thumb Code    10  stm32f4xx_it.o(i.CAN1_RX0_IRQHandler)
    CAN1_TX_IRQHandler                       0x080013d9   Thumb Code    10  stm32f4xx_it.o(i.CAN1_TX_IRQHandler)
    CAN_cmd_chassis                          0x080013e9   Thumb Code    68  can_receive.o(i.CAN_cmd_chassis)
    Chassis_init                             0x08001979   Thumb Code    26  bsp_chassis.o(i.Chassis_init)
    DWT_Delay                                0x08001aa5   Thumb Code    50  bsp_dwt.o(i.DWT_Delay)
    DWT_GetDeltaT                            0x08001ae1   Thumb Code    68  bsp_dwt.o(i.DWT_GetDeltaT)
    DWT_GetTimeline_s                        0x08001b2d   Thumb Code    72  bsp_dwt.o(i.DWT_GetTimeline_s)
    DWT_Init                                 0x08001b81   Thumb Code    74  bsp_dwt.o(i.DWT_Init)
    DWT_SysTimeUpdate                        0x08001be9   Thumb Code   168  bsp_dwt.o(i.DWT_SysTimeUpdate)
    DebugMon_Handler                         0x08001cb9   Thumb Code     2  stm32f4xx_it.o(i.DebugMon_Handler)
    EXTI3_IRQHandler                         0x08001cbb   Thumb Code    10  stm32f4xx_it.o(i.EXTI3_IRQHandler)
    EXTI4_IRQHandler                         0x08001cc5   Thumb Code    10  stm32f4xx_it.o(i.EXTI4_IRQHandler)
    EXTI9_5_IRQHandler                       0x08001ccf   Thumb Code    22  stm32f4xx_it.o(i.EXTI9_5_IRQHandler)
    EarthFrameToBodyFrame                    0x08001ce5   Thumb Code   346  ins_task.o(i.EarthFrameToBodyFrame)
    Error_Handler                            0x08001e3f   Thumb Code     2  main.o(i.Error_Handler)
    Get_Data                                 0x08001e41   Thumb Code   344  usart.o(i.Get_Data)
    HAL_CAN_ActivateNotification             0x08001fa9   Thumb Code    42  stm32f4xx_hal_can.o(i.HAL_CAN_ActivateNotification)
    HAL_CAN_AddTxMessage                     0x08001fd3   Thumb Code   342  stm32f4xx_hal_can.o(i.HAL_CAN_AddTxMessage)
    HAL_CAN_ConfigFilter                     0x08002129   Thumb Code   286  stm32f4xx_hal_can.o(i.HAL_CAN_ConfigFilter)
    HAL_CAN_ErrorCallback                    0x0800224d   Thumb Code     2  stm32f4xx_hal_can.o(i.HAL_CAN_ErrorCallback)
    HAL_CAN_GetRxMessage                     0x0800224f   Thumb Code   378  stm32f4xx_hal_can.o(i.HAL_CAN_GetRxMessage)
    HAL_CAN_IRQHandler                       0x080023c9   Thumb Code   590  stm32f4xx_hal_can.o(i.HAL_CAN_IRQHandler)
    HAL_CAN_Init                             0x08002617   Thumb Code   372  stm32f4xx_hal_can.o(i.HAL_CAN_Init)
    HAL_CAN_MspInit                          0x0800278d   Thumb Code   154  can.o(i.HAL_CAN_MspInit)
    HAL_CAN_RxFifo0FullCallback              0x08002835   Thumb Code     2  stm32f4xx_hal_can.o(i.HAL_CAN_RxFifo0FullCallback)
    HAL_CAN_RxFifo0MsgPendingCallback        0x08002839   Thumb Code   200  can_receive.o(i.HAL_CAN_RxFifo0MsgPendingCallback)
    HAL_CAN_RxFifo1FullCallback              0x08002909   Thumb Code     2  stm32f4xx_hal_can.o(i.HAL_CAN_RxFifo1FullCallback)
    HAL_CAN_RxFifo1MsgPendingCallback        0x0800290b   Thumb Code     2  stm32f4xx_hal_can.o(i.HAL_CAN_RxFifo1MsgPendingCallback)
    HAL_CAN_SleepCallback                    0x0800290d   Thumb Code     2  stm32f4xx_hal_can.o(i.HAL_CAN_SleepCallback)
    HAL_CAN_Start                            0x0800290f   Thumb Code    94  stm32f4xx_hal_can.o(i.HAL_CAN_Start)
    HAL_CAN_TxMailbox0AbortCallback          0x0800296d   Thumb Code     2  stm32f4xx_hal_can.o(i.HAL_CAN_TxMailbox0AbortCallback)
    HAL_CAN_TxMailbox0CompleteCallback       0x0800296f   Thumb Code     2  stm32f4xx_hal_can.o(i.HAL_CAN_TxMailbox0CompleteCallback)
    HAL_CAN_TxMailbox1AbortCallback          0x08002971   Thumb Code     2  stm32f4xx_hal_can.o(i.HAL_CAN_TxMailbox1AbortCallback)
    HAL_CAN_TxMailbox1CompleteCallback       0x08002973   Thumb Code     2  stm32f4xx_hal_can.o(i.HAL_CAN_TxMailbox1CompleteCallback)
    HAL_CAN_TxMailbox2AbortCallback          0x08002975   Thumb Code     2  stm32f4xx_hal_can.o(i.HAL_CAN_TxMailbox2AbortCallback)
    HAL_CAN_TxMailbox2CompleteCallback       0x08002977   Thumb Code     2  stm32f4xx_hal_can.o(i.HAL_CAN_TxMailbox2CompleteCallback)
    HAL_CAN_WakeUpFromRxMsgCallback          0x08002979   Thumb Code     2  stm32f4xx_hal_can.o(i.HAL_CAN_WakeUpFromRxMsgCallback)
    HAL_DMA_Abort                            0x0800297b   Thumb Code   172  stm32f4xx_hal_dma.o(i.HAL_DMA_Abort)
    HAL_DMA_Abort_IT                         0x08002a27   Thumb Code    40  stm32f4xx_hal_dma.o(i.HAL_DMA_Abort_IT)
    HAL_DMA_Init                             0x08002a51   Thumb Code   232  stm32f4xx_hal_dma.o(i.HAL_DMA_Init)
    HAL_Delay                                0x08002b3d   Thumb Code    36  stm32f4xx_hal.o(i.HAL_Delay)
    HAL_GPIO_EXTI_Callback                   0x08002b65   Thumb Code     2  stm32f4xx_hal_gpio.o(i.HAL_GPIO_EXTI_Callback)
    HAL_GPIO_EXTI_IRQHandler                 0x08002b69   Thumb Code    24  stm32f4xx_hal_gpio.o(i.HAL_GPIO_EXTI_IRQHandler)
    HAL_GPIO_Init                            0x08002b85   Thumb Code   452  stm32f4xx_hal_gpio.o(i.HAL_GPIO_Init)
    HAL_GPIO_WritePin                        0x08002d75   Thumb Code    12  stm32f4xx_hal_gpio.o(i.HAL_GPIO_WritePin)
    HAL_GetTick                              0x08002d81   Thumb Code     6  stm32f4xx_hal.o(i.HAL_GetTick)
    HAL_IncTick                              0x08002d8d   Thumb Code    16  stm32f4xx_hal.o(i.HAL_IncTick)
    HAL_Init                                 0x08002da5   Thumb Code    54  stm32f4xx_hal.o(i.HAL_Init)
    HAL_InitTick                             0x08002de1   Thumb Code   124  stm32f4xx_hal_timebase_tim.o(i.HAL_InitTick)
    HAL_MspInit                              0x08002e69   Thumb Code    78  stm32f4xx_hal_msp.o(i.HAL_MspInit)
    HAL_NVIC_EnableIRQ                       0x08002ebd   Thumb Code    32  stm32f4xx_hal_cortex.o(i.HAL_NVIC_EnableIRQ)
    HAL_NVIC_SetPriority                     0x08002edd   Thumb Code   124  stm32f4xx_hal_cortex.o(i.HAL_NVIC_SetPriority)
    HAL_NVIC_SetPriorityGrouping             0x08002f59   Thumb Code    32  stm32f4xx_hal_cortex.o(i.HAL_NVIC_SetPriorityGrouping)
    HAL_RCC_ClockConfig                      0x08002f81   Thumb Code   368  stm32f4xx_hal_rcc.o(i.HAL_RCC_ClockConfig)
    HAL_RCC_GetClockConfig                   0x08003105   Thumb Code    58  stm32f4xx_hal_rcc.o(i.HAL_RCC_GetClockConfig)
    HAL_RCC_GetHCLKFreq                      0x08003149   Thumb Code     6  stm32f4xx_hal_rcc.o(i.HAL_RCC_GetHCLKFreq)
    HAL_RCC_GetPCLK1Freq                     0x08003155   Thumb Code    22  stm32f4xx_hal_rcc.o(i.HAL_RCC_GetPCLK1Freq)
    HAL_RCC_GetPCLK2Freq                     0x08003175   Thumb Code    22  stm32f4xx_hal_rcc.o(i.HAL_RCC_GetPCLK2Freq)
    HAL_RCC_GetSysClockFreq                  0x08003195   Thumb Code   162  stm32f4xx_hal_rcc.o(i.HAL_RCC_GetSysClockFreq)
    HAL_RCC_OscConfig                        0x08003245   Thumb Code  1172  stm32f4xx_hal_rcc.o(i.HAL_RCC_OscConfig)
    HAL_SPI_Init                             0x080036e1   Thumb Code   200  stm32f4xx_hal_spi.o(i.HAL_SPI_Init)
    HAL_SPI_MspInit                          0x080037a9   Thumb Code   316  spi.o(i.HAL_SPI_MspInit)
    HAL_SPI_TransmitReceive                  0x08003901   Thumb Code   554  stm32f4xx_hal_spi.o(i.HAL_SPI_TransmitReceive)
    HAL_TIMEx_BreakCallback                  0x08003b2b   Thumb Code     2  stm32f4xx_hal_tim_ex.o(i.HAL_TIMEx_BreakCallback)
    HAL_TIMEx_CommutCallback                 0x08003b2d   Thumb Code     2  stm32f4xx_hal_tim_ex.o(i.HAL_TIMEx_CommutCallback)
    HAL_TIMEx_ConfigBreakDeadTime            0x08003b2f   Thumb Code   116  stm32f4xx_hal_tim_ex.o(i.HAL_TIMEx_ConfigBreakDeadTime)
    HAL_TIMEx_MasterConfigSynchronization    0x08003ba5   Thumb Code   150  stm32f4xx_hal_tim_ex.o(i.HAL_TIMEx_MasterConfigSynchronization)
    HAL_TIM_Base_Init                        0x08003c59   Thumb Code   102  stm32f4xx_hal_tim.o(i.HAL_TIM_Base_Init)
    HAL_TIM_Base_MspInit                     0x08003cc1   Thumb Code    84  tim.o(i.HAL_TIM_Base_MspInit)
    HAL_TIM_Base_Start_IT                    0x08003d21   Thumb Code   138  stm32f4xx_hal_tim.o(i.HAL_TIM_Base_Start_IT)
    HAL_TIM_ConfigClockSource                0x08003dc9   Thumb Code   268  stm32f4xx_hal_tim.o(i.HAL_TIM_ConfigClockSource)
    HAL_TIM_IC_CaptureCallback               0x08003ed5   Thumb Code     2  stm32f4xx_hal_tim.o(i.HAL_TIM_IC_CaptureCallback)
    HAL_TIM_IRQHandler                       0x08003ed7   Thumb Code   406  stm32f4xx_hal_tim.o(i.HAL_TIM_IRQHandler)
    HAL_TIM_MspPostInit                      0x0800406d   Thumb Code   212  tim.o(i.HAL_TIM_MspPostInit)
    HAL_TIM_OC_DelayElapsedCallback          0x08004159   Thumb Code     2  stm32f4xx_hal_tim.o(i.HAL_TIM_OC_DelayElapsedCallback)
    HAL_TIM_PWM_ConfigChannel                0x0800415b   Thumb Code   260  stm32f4xx_hal_tim.o(i.HAL_TIM_PWM_ConfigChannel)
    HAL_TIM_PWM_Init                         0x0800425f   Thumb Code   102  stm32f4xx_hal_tim.o(i.HAL_TIM_PWM_Init)
    HAL_TIM_PWM_MspInit                      0x080042c5   Thumb Code     2  stm32f4xx_hal_tim.o(i.HAL_TIM_PWM_MspInit)
    HAL_TIM_PWM_PulseFinishedCallback        0x080042c7   Thumb Code     2  stm32f4xx_hal_tim.o(i.HAL_TIM_PWM_PulseFinishedCallback)
    HAL_TIM_PWM_Start                        0x080042c9   Thumb Code   238  stm32f4xx_hal_tim.o(i.HAL_TIM_PWM_Start)
    HAL_TIM_PeriodElapsedCallback            0x080043d5   Thumb Code    18  main.o(i.HAL_TIM_PeriodElapsedCallback)
    HAL_TIM_TriggerCallback                  0x080043e7   Thumb Code     2  stm32f4xx_hal_tim.o(i.HAL_TIM_TriggerCallback)
    HAL_UARTEx_RxEventCallback               0x080043e9   Thumb Code     2  stm32f4xx_hal_uart.o(i.HAL_UARTEx_RxEventCallback)
    HAL_UART_ErrorCallback                   0x080043eb   Thumb Code     2  stm32f4xx_hal_uart.o(i.HAL_UART_ErrorCallback)
    HAL_UART_IRQHandler                      0x080043ed   Thumb Code   732  stm32f4xx_hal_uart.o(i.HAL_UART_IRQHandler)
    HAL_UART_Init                            0x080046cd   Thumb Code   114  stm32f4xx_hal_uart.o(i.HAL_UART_Init)
    HAL_UART_MspInit                         0x08004741   Thumb Code   322  usart.o(i.HAL_UART_MspInit)
    HAL_UART_Receive_IT                      0x0800489d   Thumb Code    66  stm32f4xx_hal_uart.o(i.HAL_UART_Receive_IT)
    HAL_UART_RxCpltCallback                  0x080048e1   Thumb Code   154  usart.o(i.HAL_UART_RxCpltCallback)
    HAL_UART_Transmit                        0x080049a5   Thumb Code   210  stm32f4xx_hal_uart.o(i.HAL_UART_Transmit)
    HAL_UART_TxCpltCallback                  0x08004a77   Thumb Code     2  stm32f4xx_hal_uart.o(i.HAL_UART_TxCpltCallback)
    HardFault_Handler                        0x08004ba9   Thumb Code     4  stm32f4xx_it.o(i.HardFault_Handler)
    IMU_QuaternionEKF_Init                   0x08005159   Thumb Code   264  quaternionekf.o(i.IMU_QuaternionEKF_Init)
    IMU_QuaternionEKF_Update                 0x080053e5   Thumb Code  1566  quaternionekf.o(i.IMU_QuaternionEKF_Update)
    IMU_Temperature_Ctrl                     0x08005f21   Thumb Code    90  ins_task.o(i.IMU_Temperature_Ctrl)
    INS_Init                                 0x08005f95   Thumb Code   152  ins_task.o(i.INS_Init)
    INS_Task                                 0x08006059   Thumb Code   566  ins_task.o(i.INS_Task)
    Kalman_Filter_Init                       0x080062cd   Thumb Code  1800  kalman_filter.o(i.Kalman_Filter_Init)
    Kalman_Filter_Measure                    0x080069d9   Thumb Code    74  kalman_filter.o(i.Kalman_Filter_Measure)
    Kalman_Filter_P_Update                   0x08006a29   Thumb Code   104  kalman_filter.o(i.Kalman_Filter_P_Update)
    Kalman_Filter_PminusUpdate               0x08006a91   Thumb Code   104  kalman_filter.o(i.Kalman_Filter_PminusUpdate)
    Kalman_Filter_SetK                       0x08006af9   Thumb Code   210  kalman_filter.o(i.Kalman_Filter_SetK)
    Kalman_Filter_Update                     0x08006bcd   Thumb Code   292  kalman_filter.o(i.Kalman_Filter_Update)
    Kalman_Filter_xhatMinusUpdate            0x08006cf5   Thumb Code   124  kalman_filter.o(i.Kalman_Filter_xhatMinusUpdate)
    Kalman_Filter_xhatUpdate                 0x08006d71   Thumb Code   134  kalman_filter.o(i.Kalman_Filter_xhatUpdate)
    MX_CAN1_Init                             0x08006df9   Thumb Code    58  can.o(i.MX_CAN1_Init)
    MX_DMA_Init                              0x08006e3d   Thumb Code    68  dma.o(i.MX_DMA_Init)
    MX_FREERTOS_Init                         0x08006e85   Thumb Code    78  freertos.o(i.MX_FREERTOS_Init)
    MX_GPIO_Init                             0x08006ee5   Thumb Code   630  gpio.o(i.MX_GPIO_Init)
    MX_SPI1_Init                             0x08007175   Thumb Code    62  spi.o(i.MX_SPI1_Init)
    MX_TIM10_Init                            0x080071bd   Thumb Code   100  tim.o(i.MX_TIM10_Init)
    MX_TIM1_Init                             0x08007229   Thumb Code   222  tim.o(i.MX_TIM1_Init)
    MX_USART1_UART_Init                      0x08007311   Thumb Code    72  usart.o(i.MX_USART1_UART_Init)
    MX_USART6_UART_Init                      0x08007365   Thumb Code    46  usart.o(i.MX_USART6_UART_Init)
    MemManage_Handler                        0x0800739d   Thumb Code     4  stm32f4xx_it.o(i.MemManage_Handler)
    Message_Init                             0x080073a1   Thumb Code    46  bsp_ros.o(i.Message_Init)
    NMI_Handler                              0x080073d9   Thumb Code     2  stm32f4xx_it.o(i.NMI_Handler)
    OLS_Derivative                           0x080073dd   Thumb Code   578  user_lib.o(i.OLS_Derivative)
    OLS_Init                                 0x08007629   Thumb Code    82  user_lib.o(i.OLS_Init)
    PID_Calculate                            0x08007681   Thumb Code   720  controller.o(i.PID_Calculate)
    PID_Init                                 0x08007951   Thumb Code   184  controller.o(i.PID_Init)
    PID_calc                                 0x08007a0d   Thumb Code   492  pid.o(i.PID_calc)
    PID_init                                 0x08007bfd   Thumb Code    92  pid.o(i.PID_init)
    ROS_DMA_TX                               0x08007c5d   Thumb Code    52  bsp_ros.o(i.ROS_DMA_TX)
    Ros_Recv                                 0x08007c9d   Thumb Code    28  bsp_ros.o(i.Ros_Recv)
    Ros_Transmit                             0x08007cbd   Thumb Code    22  bsp_ros.o(i.Ros_Transmit)
    Ros_Upload                               0x08007ce1   Thumb Code    52  bsp_ros.o(i.Ros_Upload)
    StartCANTask                             0x08007e61   Thumb Code    18  freertos.o(i.StartCANTask)
    StartINSTask                             0x08007e73   Thumb Code    18  freertos.o(i.StartINSTask)
    StartROSTask                             0x08007e85   Thumb Code    22  freertos.o(i.StartROSTask)
    SysTick_Handler                          0x08007e9d   Thumb Code    46  port.o(i.SysTick_Handler)
    SystemClock_Config                       0x08007ed1   Thumb Code   170  main.o(i.SystemClock_Config)
    SystemInit                               0x08007f85   Thumb Code    24  system_stm32f4xx.o(i.SystemInit)
    TIM2_IRQHandler                          0x08007fa1   Thumb Code    10  stm32f4xx_it.o(i.TIM2_IRQHandler)
    TIM_Base_SetConfig                       0x08007fb1   Thumb Code   170  stm32f4xx_hal_tim.o(i.TIM_Base_SetConfig)
    TIM_CCxChannelCmd                        0x08008089   Thumb Code    34  stm32f4xx_hal_tim.o(i.TIM_CCxChannelCmd)
    TIM_ETR_SetConfig                        0x080080ab   Thumb Code    22  stm32f4xx_hal_tim.o(i.TIM_ETR_SetConfig)
    TIM_OC2_SetConfig                        0x08008145   Thumb Code   114  stm32f4xx_hal_tim.o(i.TIM_OC2_SetConfig)
    TIM_Set_PWM                              0x0800828d   Thumb Code    58  bsp_pwm.o(i.TIM_Set_PWM)
    UART_Start_Receive_IT                    0x080086d9   Thumb Code    70  stm32f4xx_hal_uart.o(i.UART_Start_Receive_IT)
    USART1_IRQHandler                        0x08008811   Thumb Code    10  stm32f4xx_it.o(i.USART1_IRQHandler)
    USART6_IRQHandler                        0x08008821   Thumb Code    10  stm32f4xx_it.o(i.USART6_IRQHandler)
    USART_PID_Adjust                         0x08008831   Thumb Code   196  usart.o(i.USART_PID_Adjust)
    UsageFault_Handler                       0x080088f9   Thumb Code     4  stm32f4xx_it.o(i.UsageFault_Handler)
    __ARM_fpclassifyf                        0x080088fd   Thumb Code    38  fpclassifyf.o(i.__ARM_fpclassifyf)
    __hardfp_acosf                           0x0800895d   Thumb Code   234  acosf.o(i.__hardfp_acosf)
    __hardfp_asinf                           0x08008a75   Thumb Code   258  asinf.o(i.__hardfp_asinf)
    __hardfp_atan2f                          0x08008ba1   Thumb Code   594  atan2f.o(i.__hardfp_atan2f)
    __hardfp_sqrtf                           0x08008e4d   Thumb Code    58  sqrtf_full.o(i.__hardfp_sqrtf)
    __mathlib_flt_infnan                     0x08008e87   Thumb Code     6  funder.o(i.__mathlib_flt_infnan)
    __mathlib_flt_infnan2                    0x08008e8d   Thumb Code     6  funder.o(i.__mathlib_flt_infnan2)
    __mathlib_flt_invalid                    0x08008e95   Thumb Code    10  funder.o(i.__mathlib_flt_invalid)
    __mathlib_flt_underflow                  0x08008ea5   Thumb Code    10  funder.o(i.__mathlib_flt_underflow)
    __scatterload_copy                       0x08008eb5   Thumb Code    14  handlers.o(i.__scatterload_copy)
    __scatterload_null                       0x08008ec3   Thumb Code     2  handlers.o(i.__scatterload_null)
    __scatterload_zeroinit                   0x08008ec5   Thumb Code    14  handlers.o(i.__scatterload_zeroinit)
    __set_errno                              0x08008ed5   Thumb Code     6  errno.o(i.__set_errno)
    bmi088_accel_init                        0x08008ee1   Thumb Code   348  bmi088driver.o(i.bmi088_accel_init)
    bmi088_gyro_init                         0x0800904d   Thumb Code   284  bmi088driver.o(i.bmi088_gyro_init)
    can_filter_init                          0x0800917d   Thumb Code    62  bsp_can.o(i.can_filter_init)
    chassis_ctrl                             0x080092ad   Thumb Code    92  bsp_chassis.o(i.chassis_ctrl)
    float_constrain                          0x08009b8f   Thumb Code    42  user_lib.o(i.float_constrain)
    float_rounding                           0x08009bb9   Thumb Code    62  user_lib.o(i.float_rounding)
    get_Error_Angle                          0x08009c01   Thumb Code    68  bsp_chassis.o(i.get_Error_Angle)
    get_Recv_Data_Point                      0x08009c4d   Thumb Code     4  bsp_ros.o(i.get_Recv_Data_Point)
    get_chassisMove_point                    0x08009c55   Thumb Code     4  bsp_chassis.o(i.get_chassisMove_point)
    get_chassis_motor_measure_point          0x08009c5d   Thumb Code    18  can_receive.o(i.get_chassis_motor_measure_point)
    main                                     0x08009cb1   Thumb Code    96  main.o(i.main)
    malloc                                   0x08009d35   Thumb Code    92  malloc.o(i.malloc)
    osDelay                                  0x08009da1   Thumb Code    24  cmsis_os.o(i.osDelay)
    osKernelStart                            0x08009db9   Thumb Code    10  cmsis_os.o(i.osKernelStart)
    osThreadCreate                           0x08009dc3   Thumb Code    94  cmsis_os.o(i.osThreadCreate)
    pvPortMalloc                             0x0800a869   Thumb Code   306  heap_4.o(i.pvPortMalloc)
    pxPortInitialiseStack                    0x0800a9b5   Thumb Code    38  port.o(i.pxPortInitialiseStack)
    sqrtf                                    0x0800a9e1   Thumb Code    62  sqrtf_full.o(i.sqrtf)
    uxListRemove                             0x0800aa1f   Thumb Code    40  list.o(i.uxListRemove)
    vApplicationGetIdleTaskMemory            0x0800aa49   Thumb Code    14  freertos.o(i.vApplicationGetIdleTaskMemory)
    vApplicationGetTimerTaskMemory           0x0800aa61   Thumb Code    16  freertos.o(i.vApplicationGetTimerTaskMemory)
    vListInitialise                          0x0800aa79   Thumb Code    26  list.o(i.vListInitialise)
    vListInitialiseItem                      0x0800aa93   Thumb Code     6  list.o(i.vListInitialiseItem)
    vListInsert                              0x0800aa99   Thumb Code    52  list.o(i.vListInsert)
    vListInsertEnd                           0x0800aacd   Thumb Code    24  list.o(i.vListInsertEnd)
    vPortEnterCritical                       0x0800aae5   Thumb Code    76  port.o(i.vPortEnterCritical)
    vPortExitCritical                        0x0800ab39   Thumb Code    56  port.o(i.vPortExitCritical)
    vPortFree                                0x0800ab75   Thumb Code   150  heap_4.o(i.vPortFree)
    vPortSetupTimerInterrupt                 0x0800ac19   Thumb Code    36  port.o(i.vPortSetupTimerInterrupt)
    vPortValidateInterruptPriority           0x0800ac41   Thumb Code   106  port.o(i.vPortValidateInterruptPriority)
    vQueueAddToRegistry                      0x0800acb9   Thumb Code    38  queue.o(i.vQueueAddToRegistry)
    vQueueWaitForMessageRestricted           0x0800ace5   Thumb Code    74  queue.o(i.vQueueWaitForMessageRestricted)
    vTaskDelay                               0x0800ad31   Thumb Code    82  tasks.o(i.vTaskDelay)
    vTaskInternalSetTimeOutState             0x0800ad8d   Thumb Code    14  tasks.o(i.vTaskInternalSetTimeOutState)
    vTaskMissedYield                         0x0800ada5   Thumb Code     8  tasks.o(i.vTaskMissedYield)
    vTaskPlaceOnEventList                    0x0800adb1   Thumb Code    52  tasks.o(i.vTaskPlaceOnEventList)
    vTaskPlaceOnEventListRestricted          0x0800ade9   Thumb Code    60  tasks.o(i.vTaskPlaceOnEventListRestricted)
    vTaskStartScheduler                      0x0800ae29   Thumb Code   156  tasks.o(i.vTaskStartScheduler)
    vTaskSuspendAll                          0x0800aee1   Thumb Code    12  tasks.o(i.vTaskSuspendAll)
    vTaskSwitchContext                       0x0800aef1   Thumb Code   118  tasks.o(i.vTaskSwitchContext)
    xPortStartScheduler                      0x0800af7d   Thumb Code   330  port.o(i.xPortStartScheduler)
    xQueueGenericCreateStatic                0x0800b0e5   Thumb Code   224  queue.o(i.xQueueGenericCreateStatic)
    xQueueGenericReset                       0x0800b1c5   Thumb Code   146  queue.o(i.xQueueGenericReset)
    xQueueGenericSend                        0x0800b25d   Thumb Code   420  queue.o(i.xQueueGenericSend)
    xQueueGenericSendFromISR                 0x0800b405   Thumb Code   252  queue.o(i.xQueueGenericSendFromISR)
    xQueueReceive                            0x0800b501   Thumb Code   356  queue.o(i.xQueueReceive)
    xTaskCheckForTimeOut                     0x0800b669   Thumb Code   156  tasks.o(i.xTaskCheckForTimeOut)
    xTaskCreate                              0x0800b711   Thumb Code   100  tasks.o(i.xTaskCreate)
    xTaskCreateStatic                        0x0800b775   Thumb Code   186  tasks.o(i.xTaskCreateStatic)
    xTaskGetSchedulerState                   0x0800b831   Thumb Code    24  tasks.o(i.xTaskGetSchedulerState)
    xTaskGetTickCount                        0x0800b851   Thumb Code     6  tasks.o(i.xTaskGetTickCount)
    xTaskIncrementTick                       0x0800b85d   Thumb Code   282  tasks.o(i.xTaskIncrementTick)
    xTaskPriorityDisinherit                  0x0800b9a5   Thumb Code   188  tasks.o(i.xTaskPriorityDisinherit)
    xTaskRemoveFromEventList                 0x0800ba6d   Thumb Code   128  tasks.o(i.xTaskRemoveFromEventList)
    xTaskResumeAll                           0x0800bb05   Thumb Code   224  tasks.o(i.xTaskResumeAll)
    xTimerCreateTimerTask                    0x0800bc09   Thumb Code   100  timers.o(i.xTimerCreateTimerTask)
    xTimerGenericCommand                     0x0800bc81   Thumb Code   128  timers.o(i.xTimerGenericCommand)
    AHBPrescTable                            0x0800bd58   Data          16  system_stm32f4xx.o(.constdata)
    APBPrescTable                            0x0800bd68   Data           8  system_stm32f4xx.o(.constdata)
    xb                                       0x0800bd70   Data          12  ins_task.o(.constdata)
    yb                                       0x0800bd7c   Data          12  ins_task.o(.constdata)
    zb                                       0x0800bd88   Data          12  ins_task.o(.constdata)
    IMU_QuaternionEKF_F                      0x0800bdc4   Data         144  quaternionekf.o(.constdata)
    sinTable_f32                             0x0800be5c   Data        2052  arm_common_tables.o(.constdata)
    Region$$Table$$Base                      0x0800c678   Number         0  anon$$obj.o(Region$$Table)
    Region$$Table$$Limit                     0x0800c698   Number         0  anon$$obj.o(Region$$Table)
    INSTaskHandle                            0x20000000   Data           4  freertos.o(.data)
    ROSTaskHandle                            0x20000004   Data           4  freertos.o(.data)
    CANTaskHandle                            0x20000008   Data           4  freertos.o(.data)
    aRxBuffer                                0x2000000c   Data           1  usart.o(.data)
    RxBuffer                                 0x2000000d   Data           8  usart.o(.data)
    pidRxBuffer                              0x20000015   Data           1  usart.o(.data)
    Rxline1                                  0x20000016   Data           2  usart.o(.data)
    RxLine                                   0x20000018   Data           2  usart.o(.data)
    __stdout                                 0x2000001a   Data           4  usart.o(.data)
    SystemCoreClock                          0x20000020   Data           4  system_stm32f4xx.o(.data)
    INS_DWT_Count                            0x20000024   Data           4  ins_task.o(.data)
    ins_debug_mode                           0x20000030   Data           1  ins_task.o(.data)
    RefTemp                                  0x20000034   Data           4  ins_task.o(.data)
    SysTime                                  0x20000070   Data           8  bsp_dwt.o(.data)
    CYCCNT64                                 0x20000090   Data           8  bsp_dwt.o(.data)
    Tx_flag                                  0x200000b0   Data           1  bsp_ros.o(.data)
    Recv_Data                                0x200000b1   Data           8  bsp_ros.o(.data)
    BMI088_ACCEL_SEN                         0x200000cc   Data           4  bmi088driver.o(.data)
    BMI088_GYRO_SEN                          0x200000d0   Data           4  bmi088driver.o(.data)
    gNormDiff                                0x200000d8   Data           4  bmi088driver.o(.data)
    caliOffset                               0x200000dc   Data           1  bmi088driver.o(.data)
    caliCount                                0x200000de   Data           2  bmi088driver.o(.data)
    BMI088_SPI                               0x20000114   Data           4  bmi088middleware.o(.data)
    sizeof_float                             0x20000118   Data           2  kalman_filter.o(.data)
    sizeof_double                            0x2000011a   Data           2  kalman_filter.o(.data)
    GlobalDebugMode                          0x2000011c   Data           1  user_lib.o(.data)
    IMU_QuaternionEKF_P                      0x200003a4   Data         144  quaternionekf.o(.data)
    uwTick                                   0x20000478   Data           4  stm32f4xx_hal.o(.data)
    uwTickPrio                               0x2000047c   Data           4  stm32f4xx_hal.o(.data)
    uwTickFreq                               0x20000480   Data           1  stm32f4xx_hal.o(.data)
    pxCurrentTCB                             0x20000484   Data           4  tasks.o(.data)
    __microlib_freelist                      0x20000500   Data           4  mvars.o(.data)
    __microlib_freelist_initialised          0x20000504   Data           4  mvars.o(.data)
    hcan1                                    0x20000bb4   Data          40  can.o(.bss)
    hspi1                                    0x20000bdc   Data          88  spi.o(.bss)
    hdma_spi1_rx                             0x20000c34   Data          96  spi.o(.bss)
    hdma_spi1_tx                             0x20000c94   Data          96  spi.o(.bss)
    htim1                                    0x20000cf4   Data          72  tim.o(.bss)
    htim10                                   0x20000d3c   Data          72  tim.o(.bss)
    TxBuffer                                 0x20000d84   Data          15  usart.o(.bss)
    DataBuff                                 0x20000d93   Data         100  usart.o(.bss)
    huart1                                   0x20000df8   Data          68  usart.o(.bss)
    huart6                                   0x20000e3c   Data          68  usart.o(.bss)
    htim2                                    0x20000e80   Data          72  stm32f4xx_hal_timebase_tim.o(.bss)
    INS                                      0x20000ec8   Data         128  ins_task.o(.bss)
    IMU_Param                                0x20000f48   Data          28  ins_task.o(.bss)
    TempCtrl                                 0x20000f64   Data         170  ins_task.o(.bss)
    chassis_move                             0x20001010   Data         772  bsp_chassis.o(.bss)
    RecvTopic                                0x20001314   Data          12  bsp_ros.o(.bss)
    TxdTopic                                 0x20001320   Data          15  bsp_ros.o(.bss)
    rx1_buf                                  0x20001330   Data          76  bsp_ros.o(.bss)
    rx2_buf                                  0x2000137c   Data          76  bsp_ros.o(.bss)
    gyroDiff                                 0x20001440   Data          12  bmi088driver.o(.bss)
    BMI088                                   0x2000144c   Data          52  bmi088driver.o(.bss)
    QEKF_INS                                 0x20001480   Data         480  quaternionekf.o(.bss)
    IMU_QuaternionEKF_K                      0x20001660   Data          72  quaternionekf.o(.bss)
    IMU_QuaternionEKF_H                      0x200016a8   Data          72  quaternionekf.o(.bss)
    xQueueRegistry                           0x200016f0   Data          64  queue.o(.bss)
    __heap_base                              0x20007930   Data           0  startup_stm32f407xx.o(HEAP)
    __heap_limit                             0x20009930   Data           0  startup_stm32f407xx.o(HEAP)
    __initial_sp                             0x2000b930   Data           0  startup_stm32f407xx.o(STACK)



==============================================================================

Memory Map of the image

  Image Entry point : 0x08000189

  Load Region LR_IROM1 (Base: 0x08000000, Size: 0x0000cba4, Max: 0x00100000, ABSOLUTE, COMPRESSED[0x0000c754])

    Execution Region ER_IROM1 (Exec base: 0x08000000, Load base: 0x08000000, Size: 0x0000c698, Max: 0x00100000, ABSOLUTE)

    Exec Addr    Load Addr    Size         Type   Attr      Idx    E Section Name        Object

    0x08000000   0x08000000   0x00000188   Data   RO            3    RESET               startup_stm32f407xx.o
    0x08000188   0x08000188   0x00000000   Code   RO         6862  * .ARM.Collect$$$$00000000  mc_w.l(entry.o)
    0x08000188   0x08000188   0x00000004   Code   RO         6929    .ARM.Collect$$$$00000001  mc_w.l(entry2.o)
    0x0800018c   0x0800018c   0x00000004   Code   RO         6932    .ARM.Collect$$$$00000004  mc_w.l(entry5.o)
    0x08000190   0x08000190   0x00000000   Code   RO         6934    .ARM.Collect$$$$00000008  mc_w.l(entry7b.o)
    0x08000190   0x08000190   0x00000000   Code   RO         6936    .ARM.Collect$$$$0000000A  mc_w.l(entry8b.o)
    0x08000190   0x08000190   0x00000008   Code   RO         6937    .ARM.Collect$$$$0000000B  mc_w.l(entry9a.o)
    0x08000198   0x08000198   0x00000004   Code   RO         6944    .ARM.Collect$$$$0000000E  mc_w.l(entry12b.o)
    0x0800019c   0x0800019c   0x00000000   Code   RO         6939    .ARM.Collect$$$$0000000F  mc_w.l(entry10a.o)
    0x0800019c   0x0800019c   0x00000000   Code   RO         6941    .ARM.Collect$$$$00000011  mc_w.l(entry11a.o)
    0x0800019c   0x0800019c   0x00000004   Code   RO         6930    .ARM.Collect$$$$00002712  mc_w.l(entry2.o)
    0x080001a0   0x080001a0   0x000000be   Code   RO         6425    .emb_text           port.o
    0x0800025e   0x0800025e   0x00000002   PAD
    0x08000260   0x08000260   0x00000024   Code   RO            4    .text               startup_stm32f407xx.o
    0x08000284   0x08000284   0x00000078   Code   RO         6505    .text               arm_cortexM4lf_math.lib(arm_cos_f32.o)
    0x080002fc   0x080002fc   0x00000094   Code   RO         6555    .text               arm_cortexM4lf_math.lib(arm_sin_f32.o)
    0x08000390   0x08000390   0x00000108   Code   RO         6579    .text               arm_cortexM4lf_math.lib(arm_mat_add_f32.o)
    0x08000498   0x08000498   0x00000008   Code   RO         6603    .text               arm_cortexM4lf_math.lib(arm_mat_init_f32.o)
    0x080004a0   0x080004a0   0x00000530   Code   RO         6627    .text               arm_cortexM4lf_math.lib(arm_mat_inverse_f32.o)
    0x080009d0   0x080009d0   0x0000013c   Code   RO         6651    .text               arm_cortexM4lf_math.lib(arm_mat_mult_f32.o)
    0x08000b0c   0x08000b0c   0x00000108   Code   RO         6675    .text               arm_cortexM4lf_math.lib(arm_mat_sub_f32.o)
    0x08000c14   0x08000c14   0x00000114   Code   RO         6699    .text               arm_cortexM4lf_math.lib(arm_mat_trans_f32.o)
    0x08000d28   0x08000d28   0x00000062   Code   RO         6865    .text               mc_w.l(uldiv.o)
    0x08000d8a   0x08000d8a   0x00000024   Code   RO         6867    .text               mc_w.l(memcpya.o)
    0x08000dae   0x08000dae   0x00000024   Code   RO         6871    .text               mc_w.l(memseta.o)
    0x08000dd2   0x08000dd2   0x0000001e   Code   RO         6945    .text               mc_w.l(llshl.o)
    0x08000df0   0x08000df0   0x00000020   Code   RO         6947    .text               mc_w.l(llushr.o)
    0x08000e10   0x08000e10   0x00000000   Code   RO         6958    .text               mc_w.l(iusefp.o)
    0x08000e10   0x08000e10   0x00000024   Code   RO         6967    .text               mc_w.l(init.o)
    0x08000e34   0x08000e34   0x00000056   Code   RO         6977    .text               mc_w.l(__dczerorl2.o)
    0x08000e8a   0x08000e8a   0x00000002   PAD
    0x08000e8c   0x08000e8c   0x00000014   Code   RO         1408    i.BMI088_ACCEL_NS_H  bmi088middleware.o
    0x08000ea0   0x08000ea0   0x00000014   Code   RO         1409    i.BMI088_ACCEL_NS_L  bmi088middleware.o
    0x08000eb4   0x08000eb4   0x00000014   Code   RO         1410    i.BMI088_GYRO_NS_H  bmi088middleware.o
    0x08000ec8   0x08000ec8   0x00000014   Code   RO         1411    i.BMI088_GYRO_NS_L  bmi088middleware.o
    0x08000edc   0x08000edc   0x0000027c   Code   RO         1327    i.BMI088_Read       bmi088driver.o
    0x08001158   0x08001158   0x00000098   Code   RO         1328    i.BMI088_init       bmi088driver.o
    0x080011f0   0x080011f0   0x00000026   Code   RO         1329    i.BMI088_read_muli_reg  bmi088driver.o
    0x08001216   0x08001216   0x00000018   Code   RO         1330    i.BMI088_read_single_reg  bmi088driver.o
    0x0800122e   0x0800122e   0x00000002   PAD
    0x08001230   0x08001230   0x00000024   Code   RO         1412    i.BMI088_read_write_byte  bmi088middleware.o
    0x08001254   0x08001254   0x00000014   Code   RO         1331    i.BMI088_write_single_reg  bmi088driver.o
    0x08001268   0x08001268   0x0000015a   Code   RO          823    i.BodyFrameToEarthFrame  ins_task.o
    0x080013c2   0x080013c2   0x00000004   Code   RO          617    i.BusFault_Handler  stm32f4xx_it.o
    0x080013c6   0x080013c6   0x00000002   PAD
    0x080013c8   0x080013c8   0x00000010   Code   RO          618    i.CAN1_RX0_IRQHandler  stm32f4xx_it.o
    0x080013d8   0x080013d8   0x00000010   Code   RO          619    i.CAN1_TX_IRQHandler  stm32f4xx_it.o
    0x080013e8   0x080013e8   0x00000050   Code   RO         1220    i.CAN_cmd_chassis   can_receive.o
    0x08001438   0x08001438   0x00000540   Code   RO         1332    i.Calibrate_MPU_Offset  bmi088driver.o
    0x08001978   0x08001978   0x0000001a   Code   RO         1059    i.Chassis_init      bsp_chassis.o
    0x08001992   0x08001992   0x00000002   PAD
    0x08001994   0x08001994   0x00000034   Code   RO         2632    i.DMA_CalcBaseAndBitshift  stm32f4xx_hal_dma.o
    0x080019c8   0x080019c8   0x000000aa   Code   RO         2633    i.DMA_CheckFifoParam  stm32f4xx_hal_dma.o
    0x08001a72   0x08001a72   0x00000002   PAD
    0x08001a74   0x08001a74   0x00000030   Code   RO          933    i.DWT_CNT_Update    bsp_dwt.o
    0x08001aa4   0x08001aa4   0x0000003c   Code   RO          934    i.DWT_Delay         bsp_dwt.o
    0x08001ae0   0x08001ae0   0x0000004c   Code   RO          935    i.DWT_GetDeltaT     bsp_dwt.o
    0x08001b2c   0x08001b2c   0x00000054   Code   RO          938    i.DWT_GetTimeline_s  bsp_dwt.o
    0x08001b80   0x08001b80   0x00000068   Code   RO          940    i.DWT_Init          bsp_dwt.o
    0x08001be8   0x08001be8   0x000000d0   Code   RO          941    i.DWT_SysTimeUpdate  bsp_dwt.o
    0x08001cb8   0x08001cb8   0x00000002   Code   RO          620    i.DebugMon_Handler  stm32f4xx_it.o
    0x08001cba   0x08001cba   0x0000000a   Code   RO          621    i.EXTI3_IRQHandler  stm32f4xx_it.o
    0x08001cc4   0x08001cc4   0x0000000a   Code   RO          622    i.EXTI4_IRQHandler  stm32f4xx_it.o
    0x08001cce   0x08001cce   0x00000016   Code   RO          623    i.EXTI9_5_IRQHandler  stm32f4xx_it.o
    0x08001ce4   0x08001ce4   0x0000015a   Code   RO          824    i.EarthFrameToBodyFrame  ins_task.o
    0x08001e3e   0x08001e3e   0x00000002   Code   RO           13    i.Error_Handler     main.o
    0x08001e40   0x08001e40   0x00000168   Code   RO          533    i.Get_Data          usart.o
    0x08001fa8   0x08001fa8   0x0000002a   Code   RO         1895    i.HAL_CAN_ActivateNotification  stm32f4xx_hal_can.o
    0x08001fd2   0x08001fd2   0x00000156   Code   RO         1896    i.HAL_CAN_AddTxMessage  stm32f4xx_hal_can.o
    0x08002128   0x08002128   0x00000124   Code   RO         1897    i.HAL_CAN_ConfigFilter  stm32f4xx_hal_can.o
    0x0800224c   0x0800224c   0x00000002   Code   RO         1900    i.HAL_CAN_ErrorCallback  stm32f4xx_hal_can.o
    0x0800224e   0x0800224e   0x0000017a   Code   RO         1903    i.HAL_CAN_GetRxMessage  stm32f4xx_hal_can.o
    0x080023c8   0x080023c8   0x0000024e   Code   RO         1907    i.HAL_CAN_IRQHandler  stm32f4xx_hal_can.o
    0x08002616   0x08002616   0x00000174   Code   RO         1908    i.HAL_CAN_Init      stm32f4xx_hal_can.o
    0x0800278a   0x0800278a   0x00000002   PAD
    0x0800278c   0x0800278c   0x000000a8   Code   RO          372    i.HAL_CAN_MspInit   can.o
    0x08002834   0x08002834   0x00000002   Code   RO         1915    i.HAL_CAN_RxFifo0FullCallback  stm32f4xx_hal_can.o
    0x08002836   0x08002836   0x00000002   PAD
    0x08002838   0x08002838   0x000000d0   Code   RO         1223    i.HAL_CAN_RxFifo0MsgPendingCallback  can_receive.o
    0x08002908   0x08002908   0x00000002   Code   RO         1917    i.HAL_CAN_RxFifo1FullCallback  stm32f4xx_hal_can.o
    0x0800290a   0x0800290a   0x00000002   Code   RO         1918    i.HAL_CAN_RxFifo1MsgPendingCallback  stm32f4xx_hal_can.o
    0x0800290c   0x0800290c   0x00000002   Code   RO         1919    i.HAL_CAN_SleepCallback  stm32f4xx_hal_can.o
    0x0800290e   0x0800290e   0x0000005e   Code   RO         1920    i.HAL_CAN_Start     stm32f4xx_hal_can.o
    0x0800296c   0x0800296c   0x00000002   Code   RO         1922    i.HAL_CAN_TxMailbox0AbortCallback  stm32f4xx_hal_can.o
    0x0800296e   0x0800296e   0x00000002   Code   RO         1923    i.HAL_CAN_TxMailbox0CompleteCallback  stm32f4xx_hal_can.o
    0x08002970   0x08002970   0x00000002   Code   RO         1924    i.HAL_CAN_TxMailbox1AbortCallback  stm32f4xx_hal_can.o
    0x08002972   0x08002972   0x00000002   Code   RO         1925    i.HAL_CAN_TxMailbox1CompleteCallback  stm32f4xx_hal_can.o
    0x08002974   0x08002974   0x00000002   Code   RO         1926    i.HAL_CAN_TxMailbox2AbortCallback  stm32f4xx_hal_can.o
    0x08002976   0x08002976   0x00000002   Code   RO         1927    i.HAL_CAN_TxMailbox2CompleteCallback  stm32f4xx_hal_can.o
    0x08002978   0x08002978   0x00000002   Code   RO         1929    i.HAL_CAN_WakeUpFromRxMsgCallback  stm32f4xx_hal_can.o
    0x0800297a   0x0800297a   0x000000ac   Code   RO         2635    i.HAL_DMA_Abort     stm32f4xx_hal_dma.o
    0x08002a26   0x08002a26   0x00000028   Code   RO         2636    i.HAL_DMA_Abort_IT  stm32f4xx_hal_dma.o
    0x08002a4e   0x08002a4e   0x00000002   PAD
    0x08002a50   0x08002a50   0x000000ec   Code   RO         2641    i.HAL_DMA_Init      stm32f4xx_hal_dma.o
    0x08002b3c   0x08002b3c   0x00000028   Code   RO         3059    i.HAL_Delay         stm32f4xx_hal.o
    0x08002b64   0x08002b64   0x00000002   Code   RO         2526    i.HAL_GPIO_EXTI_Callback  stm32f4xx_hal_gpio.o
    0x08002b66   0x08002b66   0x00000002   PAD
    0x08002b68   0x08002b68   0x0000001c   Code   RO         2527    i.HAL_GPIO_EXTI_IRQHandler  stm32f4xx_hal_gpio.o
    0x08002b84   0x08002b84   0x000001f0   Code   RO         2528    i.HAL_GPIO_Init     stm32f4xx_hal_gpio.o
    0x08002d74   0x08002d74   0x0000000c   Code   RO         2532    i.HAL_GPIO_WritePin  stm32f4xx_hal_gpio.o
    0x08002d80   0x08002d80   0x0000000c   Code   RO         3065    i.HAL_GetTick       stm32f4xx_hal.o
    0x08002d8c   0x08002d8c   0x00000018   Code   RO         3071    i.HAL_IncTick       stm32f4xx_hal.o
    0x08002da4   0x08002da4   0x0000003c   Code   RO         3072    i.HAL_Init          stm32f4xx_hal.o
    0x08002de0   0x08002de0   0x00000088   Code   RO          747    i.HAL_InitTick      stm32f4xx_hal_timebase_tim.o
    0x08002e68   0x08002e68   0x00000054   Code   RO          723    i.HAL_MspInit       stm32f4xx_hal_msp.o
    0x08002ebc   0x08002ebc   0x00000020   Code   RO         2917    i.HAL_NVIC_EnableIRQ  stm32f4xx_hal_cortex.o
    0x08002edc   0x08002edc   0x0000007c   Code   RO         2923    i.HAL_NVIC_SetPriority  stm32f4xx_hal_cortex.o
    0x08002f58   0x08002f58   0x00000028   Code   RO         2924    i.HAL_NVIC_SetPriorityGrouping  stm32f4xx_hal_cortex.o
    0x08002f80   0x08002f80   0x00000184   Code   RO         2129    i.HAL_RCC_ClockConfig  stm32f4xx_hal_rcc.o
    0x08003104   0x08003104   0x00000044   Code   RO         2133    i.HAL_RCC_GetClockConfig  stm32f4xx_hal_rcc.o
    0x08003148   0x08003148   0x0000000c   Code   RO         2134    i.HAL_RCC_GetHCLKFreq  stm32f4xx_hal_rcc.o
    0x08003154   0x08003154   0x00000020   Code   RO         2136    i.HAL_RCC_GetPCLK1Freq  stm32f4xx_hal_rcc.o
    0x08003174   0x08003174   0x00000020   Code   RO         2137    i.HAL_RCC_GetPCLK2Freq  stm32f4xx_hal_rcc.o
    0x08003194   0x08003194   0x000000b0   Code   RO         2138    i.HAL_RCC_GetSysClockFreq  stm32f4xx_hal_rcc.o
    0x08003244   0x08003244   0x0000049c   Code   RO         2141    i.HAL_RCC_OscConfig  stm32f4xx_hal_rcc.o
    0x080036e0   0x080036e0   0x000000c8   Code   RO         3321    i.HAL_SPI_Init      stm32f4xx_hal_spi.o
    0x080037a8   0x080037a8   0x00000158   Code   RO          438    i.HAL_SPI_MspInit   spi.o
    0x08003900   0x08003900   0x0000022a   Code   RO         3330    i.HAL_SPI_TransmitReceive  stm32f4xx_hal_spi.o
    0x08003b2a   0x08003b2a   0x00000002   Code   RO         4349    i.HAL_TIMEx_BreakCallback  stm32f4xx_hal_tim_ex.o
    0x08003b2c   0x08003b2c   0x00000002   Code   RO         4350    i.HAL_TIMEx_CommutCallback  stm32f4xx_hal_tim_ex.o
    0x08003b2e   0x08003b2e   0x00000074   Code   RO         4352    i.HAL_TIMEx_ConfigBreakDeadTime  stm32f4xx_hal_tim_ex.o
    0x08003ba2   0x08003ba2   0x00000002   PAD
    0x08003ba4   0x08003ba4   0x000000b4   Code   RO         4368    i.HAL_TIMEx_MasterConfigSynchronization  stm32f4xx_hal_tim_ex.o
    0x08003c58   0x08003c58   0x00000066   Code   RO         3634    i.HAL_TIM_Base_Init  stm32f4xx_hal_tim.o
    0x08003cbe   0x08003cbe   0x00000002   PAD
    0x08003cc0   0x08003cc0   0x00000060   Code   RO          480    i.HAL_TIM_Base_MspInit  tim.o
    0x08003d20   0x08003d20   0x000000a8   Code   RO         3639    i.HAL_TIM_Base_Start_IT  stm32f4xx_hal_tim.o
    0x08003dc8   0x08003dc8   0x0000010c   Code   RO         3643    i.HAL_TIM_ConfigClockSource  stm32f4xx_hal_tim.o
    0x08003ed4   0x08003ed4   0x00000002   Code   RO         3668    i.HAL_TIM_IC_CaptureCallback  stm32f4xx_hal_tim.o
    0x08003ed6   0x08003ed6   0x00000196   Code   RO         3682    i.HAL_TIM_IRQHandler  stm32f4xx_hal_tim.o
    0x0800406c   0x0800406c   0x000000ec   Code   RO          481    i.HAL_TIM_MspPostInit  tim.o
    0x08004158   0x08004158   0x00000002   Code   RO         3685    i.HAL_TIM_OC_DelayElapsedCallback  stm32f4xx_hal_tim.o
    0x0800415a   0x0800415a   0x00000104   Code   RO         3706    i.HAL_TIM_PWM_ConfigChannel  stm32f4xx_hal_tim.o
    0x0800425e   0x0800425e   0x00000066   Code   RO         3709    i.HAL_TIM_PWM_Init  stm32f4xx_hal_tim.o
    0x080042c4   0x080042c4   0x00000002   Code   RO         3711    i.HAL_TIM_PWM_MspInit  stm32f4xx_hal_tim.o
    0x080042c6   0x080042c6   0x00000002   Code   RO         3712    i.HAL_TIM_PWM_PulseFinishedCallback  stm32f4xx_hal_tim.o
    0x080042c8   0x080042c8   0x0000010c   Code   RO         3714    i.HAL_TIM_PWM_Start  stm32f4xx_hal_tim.o
    0x080043d4   0x080043d4   0x00000012   Code   RO           14    i.HAL_TIM_PeriodElapsedCallback  main.o
    0x080043e6   0x080043e6   0x00000002   Code   RO         3725    i.HAL_TIM_TriggerCallback  stm32f4xx_hal_tim.o
    0x080043e8   0x080043e8   0x00000002   Code   RO         4627    i.HAL_UARTEx_RxEventCallback  stm32f4xx_hal_uart.o
    0x080043ea   0x080043ea   0x00000002   Code   RO         4641    i.HAL_UART_ErrorCallback  stm32f4xx_hal_uart.o
    0x080043ec   0x080043ec   0x000002e0   Code   RO         4644    i.HAL_UART_IRQHandler  stm32f4xx_hal_uart.o
    0x080046cc   0x080046cc   0x00000072   Code   RO         4645    i.HAL_UART_Init     stm32f4xx_hal_uart.o
    0x0800473e   0x0800473e   0x00000002   PAD
    0x08004740   0x08004740   0x0000015c   Code   RO          535    i.HAL_UART_MspInit  usart.o
    0x0800489c   0x0800489c   0x00000042   Code   RO         4650    i.HAL_UART_Receive_IT  stm32f4xx_hal_uart.o
    0x080048de   0x080048de   0x00000002   PAD
    0x080048e0   0x080048e0   0x000000c4   Code   RO          536    i.HAL_UART_RxCpltCallback  usart.o
    0x080049a4   0x080049a4   0x000000d2   Code   RO         4653    i.HAL_UART_Transmit  stm32f4xx_hal_uart.o
    0x08004a76   0x08004a76   0x00000002   Code   RO         4656    i.HAL_UART_TxCpltCallback  stm32f4xx_hal_uart.o
    0x08004a78   0x08004a78   0x00000130   Code   RO         1462    i.H_K_R_Adjustment  kalman_filter.o
    0x08004ba8   0x08004ba8   0x00000004   Code   RO          624    i.HardFault_Handler  stm32f4xx_it.o
    0x08004bac   0x08004bac   0x00000374   Code   RO          826    i.IMU_Param_Correction  ins_task.o
    0x08004f20   0x08004f20   0x00000238   Code   RO         1830    i.IMU_QuaternionEKF_F_Linearization_P_Fading  quaternionekf.o
    0x08005158   0x08005158   0x00000130   Code   RO         1831    i.IMU_QuaternionEKF_Init  quaternionekf.o
    0x08005288   0x08005288   0x00000034   Code   RO         1832    i.IMU_QuaternionEKF_Observe  quaternionekf.o
    0x080052bc   0x080052bc   0x00000128   Code   RO         1833    i.IMU_QuaternionEKF_SetH  quaternionekf.o
    0x080053e4   0x080053e4   0x00000634   Code   RO         1834    i.IMU_QuaternionEKF_Update  quaternionekf.o
    0x08005a18   0x08005a18   0x00000508   Code   RO         1835    i.IMU_QuaternionEKF_xhatUpdate  quaternionekf.o
    0x08005f20   0x08005f20   0x00000074   Code   RO          827    i.IMU_Temperature_Ctrl  ins_task.o
    0x08005f94   0x08005f94   0x000000c4   Code   RO          828    i.INS_Init          ins_task.o
    0x08006058   0x08006058   0x00000274   Code   RO          829    i.INS_Task          ins_task.o
    0x080062cc   0x080062cc   0x0000070c   Code   RO         1463    i.Kalman_Filter_Init  kalman_filter.o
    0x080069d8   0x080069d8   0x00000050   Code   RO         1464    i.Kalman_Filter_Measure  kalman_filter.o
    0x08006a28   0x08006a28   0x00000068   Code   RO         1465    i.Kalman_Filter_P_Update  kalman_filter.o
    0x08006a90   0x08006a90   0x00000068   Code   RO         1466    i.Kalman_Filter_PminusUpdate  kalman_filter.o
    0x08006af8   0x08006af8   0x000000d2   Code   RO         1467    i.Kalman_Filter_SetK  kalman_filter.o
    0x08006bca   0x08006bca   0x00000002   PAD
    0x08006bcc   0x08006bcc   0x00000128   Code   RO         1468    i.Kalman_Filter_Update  kalman_filter.o
    0x08006cf4   0x08006cf4   0x0000007c   Code   RO         1469    i.Kalman_Filter_xhatMinusUpdate  kalman_filter.o
    0x08006d70   0x08006d70   0x00000086   Code   RO         1470    i.Kalman_Filter_xhatUpdate  kalman_filter.o
    0x08006df6   0x08006df6   0x00000002   PAD
    0x08006df8   0x08006df8   0x00000044   Code   RO          373    i.MX_CAN1_Init      can.o
    0x08006e3c   0x08006e3c   0x00000048   Code   RO          413    i.MX_DMA_Init       dma.o
    0x08006e84   0x08006e84   0x00000060   Code   RO          273    i.MX_FREERTOS_Init  freertos.o
    0x08006ee4   0x08006ee4   0x00000290   Code   RO          249    i.MX_GPIO_Init      gpio.o
    0x08007174   0x08007174   0x00000048   Code   RO          439    i.MX_SPI1_Init      spi.o
    0x080071bc   0x080071bc   0x0000006c   Code   RO          482    i.MX_TIM10_Init     tim.o
    0x08007228   0x08007228   0x000000e8   Code   RO          483    i.MX_TIM1_Init      tim.o
    0x08007310   0x08007310   0x00000054   Code   RO          537    i.MX_USART1_UART_Init  usart.o
    0x08007364   0x08007364   0x00000038   Code   RO          538    i.MX_USART6_UART_Init  usart.o
    0x0800739c   0x0800739c   0x00000004   Code   RO          625    i.MemManage_Handler  stm32f4xx_it.o
    0x080073a0   0x080073a0   0x00000038   Code   RO         1155    i.Message_Init      bsp_ros.o
    0x080073d8   0x080073d8   0x00000002   Code   RO          626    i.NMI_Handler       stm32f4xx_it.o
    0x080073da   0x080073da   0x00000002   PAD
    0x080073dc   0x080073dc   0x0000024c   Code   RO         1547    i.OLS_Derivative    user_lib.o
    0x08007628   0x08007628   0x00000058   Code   RO         1548    i.OLS_Init          user_lib.o
    0x08007680   0x08007680   0x000002d0   Code   RO         1701    i.PID_Calculate     controller.o
    0x08007950   0x08007950   0x000000bc   Code   RO         1702    i.PID_Init          controller.o
    0x08007a0c   0x08007a0c   0x000001f0   Code   RO         1290    i.PID_calc          pid.o
    0x08007bfc   0x08007bfc   0x00000060   Code   RO         1292    i.PID_init          pid.o
    0x08007c5c   0x08007c5c   0x00000040   Code   RO         1156    i.ROS_DMA_TX        bsp_ros.o
    0x08007c9c   0x08007c9c   0x00000020   Code   RO         1157    i.Ros_Recv          bsp_ros.o
    0x08007cbc   0x08007cbc   0x00000024   Code   RO         1158    i.Ros_Transmit      bsp_ros.o
    0x08007ce0   0x08007ce0   0x0000003c   Code   RO         1159    i.Ros_Upload        bsp_ros.o
    0x08007d1c   0x08007d1c   0x0000006c   Code   RO         3359    i.SPI_EndRxTxTransaction  stm32f4xx_hal_spi.o
    0x08007d88   0x08007d88   0x000000d8   Code   RO         3364    i.SPI_WaitFlagStateUntilTimeout  stm32f4xx_hal_spi.o
    0x08007e60   0x08007e60   0x00000012   Code   RO          274    i.StartCANTask      freertos.o
    0x08007e72   0x08007e72   0x00000012   Code   RO          275    i.StartINSTask      freertos.o
    0x08007e84   0x08007e84   0x00000016   Code   RO          276    i.StartROSTask      freertos.o
    0x08007e9a   0x08007e9a   0x00000002   PAD
    0x08007e9c   0x08007e9c   0x00000034   Code   RO         6426    i.SysTick_Handler   port.o
    0x08007ed0   0x08007ed0   0x000000b4   Code   RO           15    i.SystemClock_Config  main.o
    0x08007f84   0x08007f84   0x0000001c   Code   RO          787    i.SystemInit        system_stm32f4xx.o
    0x08007fa0   0x08007fa0   0x00000010   Code   RO          627    i.TIM2_IRQHandler   stm32f4xx_it.o
    0x08007fb0   0x08007fb0   0x000000d8   Code   RO         3727    i.TIM_Base_SetConfig  stm32f4xx_hal_tim.o
    0x08008088   0x08008088   0x00000022   Code   RO         3728    i.TIM_CCxChannelCmd  stm32f4xx_hal_tim.o
    0x080080aa   0x080080aa   0x00000016   Code   RO         3738    i.TIM_ETR_SetConfig  stm32f4xx_hal_tim.o
    0x080080c0   0x080080c0   0x00000012   Code   RO         3739    i.TIM_ITRx_SetConfig  stm32f4xx_hal_tim.o
    0x080080d2   0x080080d2   0x00000002   PAD
    0x080080d4   0x080080d4   0x00000070   Code   RO         3740    i.TIM_OC1_SetConfig  stm32f4xx_hal_tim.o
    0x08008144   0x08008144   0x0000007c   Code   RO         3741    i.TIM_OC2_SetConfig  stm32f4xx_hal_tim.o
    0x080081c0   0x080081c0   0x00000078   Code   RO         3742    i.TIM_OC3_SetConfig  stm32f4xx_hal_tim.o
    0x08008238   0x08008238   0x00000054   Code   RO         3743    i.TIM_OC4_SetConfig  stm32f4xx_hal_tim.o
    0x0800828c   0x0800828c   0x0000003a   Code   RO         1010    i.TIM_Set_PWM       bsp_pwm.o
    0x080082c6   0x080082c6   0x00000026   Code   RO         3745    i.TIM_TI1_ConfigInputStage  stm32f4xx_hal_tim.o
    0x080082ec   0x080082ec   0x00000028   Code   RO         3747    i.TIM_TI2_ConfigInputStage  stm32f4xx_hal_tim.o
    0x08008314   0x08008314   0x00000014   Code   RO         4658    i.UART_DMAAbortOnError  stm32f4xx_hal_uart.o
    0x08008328   0x08008328   0x0000006c   Code   RO         4668    i.UART_EndRxTransfer  stm32f4xx_hal_uart.o
    0x08008394   0x08008394   0x00000020   Code   RO         4669    i.UART_EndTransmit_IT  stm32f4xx_hal_uart.o
    0x080083b4   0x080083b4   0x000000f8   Code   RO         4671    i.UART_Receive_IT   stm32f4xx_hal_uart.o
    0x080084ac   0x080084ac   0x0000022c   Code   RO         4672    i.UART_SetConfig    stm32f4xx_hal_uart.o
    0x080086d8   0x080086d8   0x00000046   Code   RO         4674    i.UART_Start_Receive_IT  stm32f4xx_hal_uart.o
    0x0800871e   0x0800871e   0x00000060   Code   RO         4675    i.UART_Transmit_IT  stm32f4xx_hal_uart.o
    0x0800877e   0x0800877e   0x00000092   Code   RO         4676    i.UART_WaitOnFlagUntilTimeout  stm32f4xx_hal_uart.o
    0x08008810   0x08008810   0x00000010   Code   RO          628    i.USART1_IRQHandler  stm32f4xx_it.o
    0x08008820   0x08008820   0x00000010   Code   RO          629    i.USART6_IRQHandler  stm32f4xx_it.o
    0x08008830   0x08008830   0x000000c8   Code   RO          539    i.USART_PID_Adjust  usart.o
    0x080088f8   0x080088f8   0x00000004   Code   RO          630    i.UsageFault_Handler  stm32f4xx_it.o
    0x080088fc   0x080088fc   0x00000026   Code   RO         6913    i.__ARM_fpclassifyf  m_wm.l(fpclassifyf.o)
    0x08008922   0x08008922   0x00000002   PAD
    0x08008924   0x08008924   0x00000010   Code   RO         2930    i.__NVIC_GetPriorityGrouping  stm32f4xx_hal_cortex.o
    0x08008934   0x08008934   0x00000028   Code   RO         2931    i.__NVIC_SetPriority  stm32f4xx_hal_cortex.o
    0x0800895c   0x0800895c   0x00000118   Code   RO         6802    i.__hardfp_acosf    m_wm.l(acosf.o)
    0x08008a74   0x08008a74   0x0000012c   Code   RO         6814    i.__hardfp_asinf    m_wm.l(asinf.o)
    0x08008ba0   0x08008ba0   0x000002ac   Code   RO         6826    i.__hardfp_atan2f   m_wm.l(atan2f.o)
    0x08008e4c   0x08008e4c   0x0000003a   Code   RO         6844    i.__hardfp_sqrtf    m_wm.l(sqrtf_full.o)
    0x08008e86   0x08008e86   0x00000006   Code   RO         6916    i.__mathlib_flt_infnan  m_wm.l(funder.o)
    0x08008e8c   0x08008e8c   0x00000006   Code   RO         6917    i.__mathlib_flt_infnan2  m_wm.l(funder.o)
    0x08008e92   0x08008e92   0x00000002   PAD
    0x08008e94   0x08008e94   0x00000010   Code   RO         6918    i.__mathlib_flt_invalid  m_wm.l(funder.o)
    0x08008ea4   0x08008ea4   0x00000010   Code   RO         6921    i.__mathlib_flt_underflow  m_wm.l(funder.o)
    0x08008eb4   0x08008eb4   0x0000000e   Code   RO         6971    i.__scatterload_copy  mc_w.l(handlers.o)
    0x08008ec2   0x08008ec2   0x00000002   Code   RO         6972    i.__scatterload_null  mc_w.l(handlers.o)
    0x08008ec4   0x08008ec4   0x0000000e   Code   RO         6973    i.__scatterload_zeroinit  mc_w.l(handlers.o)
    0x08008ed2   0x08008ed2   0x00000002   PAD
    0x08008ed4   0x08008ed4   0x0000000c   Code   RO         6953    i.__set_errno       mc_w.l(errno.o)
    0x08008ee0   0x08008ee0   0x0000016c   Code   RO         1333    i.bmi088_accel_init  bmi088driver.o
    0x0800904c   0x0800904c   0x00000130   Code   RO         1334    i.bmi088_gyro_init  bmi088driver.o
    0x0800917c   0x0800917c   0x00000044   Code   RO         1034    i.can_filter_init   bsp_can.o
    0x080091c0   0x080091c0   0x000000ec   Code   RO         1060    i.chassis_control_loop  bsp_chassis.o
    0x080092ac   0x080092ac   0x00000060   Code   RO         1061    i.chassis_ctrl      bsp_chassis.o
    0x0800930c   0x0800930c   0x0000013c   Code   RO         1062    i.chassis_feedback_update  bsp_chassis.o
    0x08009448   0x08009448   0x00000034   Code   RO         1063    i.chassis_get_data_init  bsp_chassis.o
    0x0800947c   0x0800947c   0x00000084   Code   RO         1064    i.chassis_pid_init  bsp_chassis.o
    0x08009500   0x08009500   0x0000003c   Code   RO         1065    i.chassis_set_contorl  bsp_chassis.o
    0x0800953c   0x0800953c   0x000000c0   Code   RO         1066    i.chassis_speed_control  bsp_chassis.o
    0x080095fc   0x080095fc   0x00000050   Code   RO         1067    i.chassis_vector_to_mecanum_wheel_speed  bsp_chassis.o
    0x0800964c   0x0800964c   0x000000f0   Code   RO         1705    i.f_Changing_Integration_Rate  controller.o
    0x0800973c   0x0800973c   0x00000056   Code   RO         1706    i.f_Derivative_Filter  controller.o
    0x08009792   0x08009792   0x000000f4   Code   RO         1707    i.f_Derivative_On_Measurement  controller.o
    0x08009886   0x08009886   0x00000002   PAD
    0x08009888   0x08009888   0x000000f0   Code   RO         1708    i.f_Integral_Limit  controller.o
    0x08009978   0x08009978   0x00000056   Code   RO         1709    i.f_Output_Filter   controller.o
    0x080099ce   0x080099ce   0x00000046   Code   RO         1710    i.f_Output_Limit    controller.o
    0x08009a14   0x08009a14   0x000000b4   Code   RO         1711    i.f_PID_ErrorHandle  controller.o
    0x08009ac8   0x08009ac8   0x00000046   Code   RO         1712    i.f_Proportion_Limit  controller.o
    0x08009b0e   0x08009b0e   0x00000080   Code   RO         1713    i.f_Trapezoid_Intergral  controller.o
    0x08009b8e   0x08009b8e   0x0000002a   Code   RO         1553    i.float_constrain   user_lib.o
    0x08009bb8   0x08009bb8   0x00000048   Code   RO         1555    i.float_rounding    user_lib.o
    0x08009c00   0x08009c00   0x0000004c   Code   RO         1068    i.get_Error_Angle   bsp_chassis.o
    0x08009c4c   0x08009c4c   0x00000008   Code   RO         1160    i.get_Recv_Data_Point  bsp_ros.o
    0x08009c54   0x08009c54   0x00000008   Code   RO         1069    i.get_chassisMove_point  bsp_chassis.o
    0x08009c5c   0x08009c5c   0x00000018   Code   RO         1224    i.get_chassis_motor_measure_point  can_receive.o
    0x08009c74   0x08009c74   0x0000003c   Code   RO         1836    i.invSqrt           quaternionekf.o
    0x08009cb0   0x08009cb0   0x00000074   Code   RO           16    i.main              main.o
    0x08009d24   0x08009d24   0x0000000e   Code   RO         5991    i.makeFreeRtosPriority  cmsis_os.o
    0x08009d32   0x08009d32   0x00000002   PAD
    0x08009d34   0x08009d34   0x0000006c   Code   RO         6878    i.malloc            mc_w.l(malloc.o)
    0x08009da0   0x08009da0   0x00000018   Code   RO         5993    i.osDelay           cmsis_os.o
    0x08009db8   0x08009db8   0x0000000a   Code   RO         5996    i.osKernelStart     cmsis_os.o
    0x08009dc2   0x08009dc2   0x0000005e   Code   RO         6030    i.osThreadCreate    cmsis_os.o
    0x08009e20   0x08009e20   0x000000a4   Code   RO         5459    i.prvAddCurrentTaskToDelayedList  tasks.o
    0x08009ec4   0x08009ec4   0x000000b4   Code   RO         5460    i.prvAddNewTaskToReadyList  tasks.o
    0x08009f78   0x08009f78   0x00000074   Code   RO         5823    i.prvCheckForValidListAndQueue  timers.o
    0x08009fec   0x08009fec   0x00000048   Code   RO         5461    i.prvCheckTasksWaitingTermination  tasks.o
    0x0800a034   0x0800a034   0x0000002a   Code   RO         5112    i.prvCopyDataFromQueue  queue.o
    0x0800a05e   0x0800a05e   0x0000007e   Code   RO         5113    i.prvCopyDataToQueue  queue.o
    0x0800a0dc   0x0800a0dc   0x00000050   Code   RO         5462    i.prvDeleteTCB      tasks.o
    0x0800a12c   0x0800a12c   0x00000028   Code   RO         5824    i.prvGetNextExpireTime  timers.o
    0x0800a154   0x0800a154   0x0000007c   Code   RO         6370    i.prvHeapInit       heap_4.o
    0x0800a1d0   0x0800a1d0   0x00000028   Code   RO         5463    i.prvIdleTask       tasks.o
    0x0800a1f8   0x0800a1f8   0x00000026   Code   RO         5116    i.prvInitialiseNewQueue  queue.o
    0x0800a21e   0x0800a21e   0x000000c2   Code   RO         5464    i.prvInitialiseNewTask  tasks.o
    0x0800a2e0   0x0800a2e0   0x00000068   Code   RO         5465    i.prvInitialiseTaskLists  tasks.o
    0x0800a348   0x0800a348   0x00000068   Code   RO         6371    i.prvInsertBlockIntoFreeList  heap_4.o
    0x0800a3b0   0x0800a3b0   0x00000058   Code   RO         5826    i.prvInsertTimerInActiveList  timers.o
    0x0800a408   0x0800a408   0x0000001a   Code   RO         5117    i.prvIsQueueEmpty   queue.o
    0x0800a422   0x0800a422   0x0000001e   Code   RO         5118    i.prvIsQueueFull    queue.o
    0x0800a440   0x0800a440   0x00000074   Code   RO         5827    i.prvProcessExpiredTimer  timers.o
    0x0800a4b4   0x0800a4b4   0x00000164   Code   RO         5828    i.prvProcessReceivedCommands  timers.o
    0x0800a618   0x0800a618   0x00000074   Code   RO         5829    i.prvProcessTimerOrBlockTask  timers.o
    0x0800a68c   0x0800a68c   0x00000034   Code   RO         5466    i.prvResetNextTaskUnblockTime  tasks.o
    0x0800a6c0   0x0800a6c0   0x0000002c   Code   RO         5830    i.prvSampleTimeNow  timers.o
    0x0800a6ec   0x0800a6ec   0x000000a4   Code   RO         5831    i.prvSwitchTimerLists  timers.o
    0x0800a790   0x0800a790   0x00000040   Code   RO         6427    i.prvTaskExitError  port.o
    0x0800a7d0   0x0800a7d0   0x0000001a   Code   RO         5832    i.prvTimerTask      timers.o
    0x0800a7ea   0x0800a7ea   0x0000007e   Code   RO         5119    i.prvUnlockQueue    queue.o
    0x0800a868   0x0800a868   0x0000014c   Code   RO         6372    i.pvPortMalloc      heap_4.o
    0x0800a9b4   0x0800a9b4   0x0000002c   Code   RO         6428    i.pxPortInitialiseStack  port.o
    0x0800a9e0   0x0800a9e0   0x0000003e   Code   RO         6846    i.sqrtf             m_wm.l(sqrtf_full.o)
    0x0800aa1e   0x0800aa1e   0x00000028   Code   RO         5075    i.uxListRemove      list.o
    0x0800aa46   0x0800aa46   0x00000002   PAD
    0x0800aa48   0x0800aa48   0x00000018   Code   RO          277    i.vApplicationGetIdleTaskMemory  freertos.o
    0x0800aa60   0x0800aa60   0x00000018   Code   RO          278    i.vApplicationGetTimerTaskMemory  freertos.o
    0x0800aa78   0x0800aa78   0x0000001a   Code   RO         5076    i.vListInitialise   list.o
    0x0800aa92   0x0800aa92   0x00000006   Code   RO         5077    i.vListInitialiseItem  list.o
    0x0800aa98   0x0800aa98   0x00000034   Code   RO         5078    i.vListInsert       list.o
    0x0800aacc   0x0800aacc   0x00000018   Code   RO         5079    i.vListInsertEnd    list.o
    0x0800aae4   0x0800aae4   0x00000054   Code   RO         6430    i.vPortEnterCritical  port.o
    0x0800ab38   0x0800ab38   0x0000003c   Code   RO         6431    i.vPortExitCritical  port.o
    0x0800ab74   0x0800ab74   0x000000a4   Code   RO         6373    i.vPortFree         heap_4.o
    0x0800ac18   0x0800ac18   0x00000028   Code   RO         6432    i.vPortSetupTimerInterrupt  port.o
    0x0800ac40   0x0800ac40   0x00000078   Code   RO         6433    i.vPortValidateInterruptPriority  port.o
    0x0800acb8   0x0800acb8   0x0000002c   Code   RO         5123    i.vQueueAddToRegistry  queue.o
    0x0800ace4   0x0800ace4   0x0000004a   Code   RO         5126    i.vQueueWaitForMessageRestricted  queue.o
    0x0800ad2e   0x0800ad2e   0x00000002   PAD
    0x0800ad30   0x0800ad30   0x0000005c   Code   RO         5478    i.vTaskDelay        tasks.o
    0x0800ad8c   0x0800ad8c   0x00000018   Code   RO         5482    i.vTaskInternalSetTimeOutState  tasks.o
    0x0800ada4   0x0800ada4   0x0000000c   Code   RO         5483    i.vTaskMissedYield  tasks.o
    0x0800adb0   0x0800adb0   0x00000038   Code   RO         5485    i.vTaskPlaceOnEventList  tasks.o
    0x0800ade8   0x0800ade8   0x00000040   Code   RO         5486    i.vTaskPlaceOnEventListRestricted  tasks.o
    0x0800ae28   0x0800ae28   0x000000b8   Code   RO         5493    i.vTaskStartScheduler  tasks.o
    0x0800aee0   0x0800aee0   0x00000010   Code   RO         5495    i.vTaskSuspendAll   tasks.o
    0x0800aef0   0x0800aef0   0x0000008c   Code   RO         5496    i.vTaskSwitchContext  tasks.o
    0x0800af7c   0x0800af7c   0x00000168   Code   RO         6434    i.xPortStartScheduler  port.o
    0x0800b0e4   0x0800b0e4   0x000000e0   Code   RO         5130    i.xQueueGenericCreateStatic  queue.o
    0x0800b1c4   0x0800b1c4   0x00000098   Code   RO         5131    i.xQueueGenericReset  queue.o
    0x0800b25c   0x0800b25c   0x000001a8   Code   RO         5132    i.xQueueGenericSend  queue.o
    0x0800b404   0x0800b404   0x000000fc   Code   RO         5133    i.xQueueGenericSendFromISR  queue.o
    0x0800b500   0x0800b500   0x00000168   Code   RO         5141    i.xQueueReceive     queue.o
    0x0800b668   0x0800b668   0x000000a8   Code   RO         5499    i.xTaskCheckForTimeOut  tasks.o
    0x0800b710   0x0800b710   0x00000064   Code   RO         5500    i.xTaskCreate       tasks.o
    0x0800b774   0x0800b774   0x000000ba   Code   RO         5501    i.xTaskCreateStatic  tasks.o
    0x0800b82e   0x0800b82e   0x00000002   PAD
    0x0800b830   0x0800b830   0x00000020   Code   RO         5506    i.xTaskGetSchedulerState  tasks.o
    0x0800b850   0x0800b850   0x0000000c   Code   RO         5507    i.xTaskGetTickCount  tasks.o
    0x0800b85c   0x0800b85c   0x00000148   Code   RO         5509    i.xTaskIncrementTick  tasks.o
    0x0800b9a4   0x0800b9a4   0x000000c8   Code   RO         5512    i.xTaskPriorityDisinherit  tasks.o
    0x0800ba6c   0x0800ba6c   0x00000098   Code   RO         5514    i.xTaskRemoveFromEventList  tasks.o
    0x0800bb04   0x0800bb04   0x00000104   Code   RO         5515    i.xTaskResumeAll    tasks.o
    0x0800bc08   0x0800bc08   0x00000078   Code   RO         5839    i.xTimerCreateTimerTask  timers.o
    0x0800bc80   0x0800bc80   0x00000084   Code   RO         5840    i.xTimerGenericCommand  timers.o
    0x0800bd04   0x0800bd04   0x00000054   Data   RO          280    .constdata          freertos.o
    0x0800bd58   0x0800bd58   0x00000018   Data   RO          788    .constdata          system_stm32f4xx.o
    0x0800bd70   0x0800bd70   0x00000030   Data   RO          833    .constdata          ins_task.o
    0x0800bda0   0x0800bda0   0x00000024   Data   RO         1071    .constdata          bsp_chassis.o
    0x0800bdc4   0x0800bdc4   0x00000090   Data   RO         1838    .constdata          quaternionekf.o
    0x0800be54   0x0800be54   0x00000008   Data   RO         2647    .constdata          stm32f4xx_hal_dma.o
    0x0800be5c   0x0800be5c   0x00000804   Data   RO         6779    .constdata          arm_cortexM4lf_math.lib(arm_common_tables.o)
    0x0800c660   0x0800c660   0x00000018   Data   RO          281    .conststring        freertos.o
    0x0800c678   0x0800c678   0x00000020   Data   RO         6969    Region$$Table       anon$$obj.o


    Execution Region RW_IRAM2 (Exec base: 0x10000000, Load base: 0x0800c754, Size: 0x00000000, Max: 0x00010000, ABSOLUTE)

    **** No section assigned to this execution region ****


    Execution Region RW_IRAM1 (Exec base: 0x20000000, Load base: 0x0800c698, Size: 0x0000b930, Max: 0x00020000, ABSOLUTE, COMPRESSED[0x000000bc])

    Exec Addr    Load Addr    Size         Type   Attr      Idx    E Section Name        Object

    0x20000000   COMPRESSED   0x0000000c   Data   RW          282    .data               freertos.o
    0x2000000c   COMPRESSED   0x00000012   Data   RW          543    .data               usart.o
    0x2000001e   COMPRESSED   0x00000002   PAD
    0x20000020   COMPRESSED   0x00000004   Data   RW          789    .data               system_stm32f4xx.o
    0x20000024   COMPRESSED   0x00000048   Data   RW          834    .data               ins_task.o
    0x2000006c   COMPRESSED   0x00000004   PAD
    0x20000070   COMPRESSED   0x00000040   Data   RW          942    .data               bsp_dwt.o
    0x200000b0   COMPRESSED   0x00000009   Data   RW         1162    .data               bsp_ros.o
    0x200000b9   COMPRESSED   0x00000011   Data   RW         1229    .data               can_receive.o
    0x200000ca   COMPRESSED   0x00000002   PAD
    0x200000cc   COMPRESSED   0x00000048   Data   RW         1336    .data               bmi088driver.o
    0x20000114   COMPRESSED   0x00000004   Data   RW         1413    .data               bmi088middleware.o
    0x20000118   COMPRESSED   0x00000004   Data   RW         1471    .data               kalman_filter.o
    0x2000011c   COMPRESSED   0x00000018   Data   RW         1563    .data               user_lib.o
    0x20000134   COMPRESSED   0x00000270   Data   RW         1714    .data               controller.o
    0x200003a4   COMPRESSED   0x000000d4   Data   RW         1839    .data               quaternionekf.o
    0x20000478   COMPRESSED   0x00000009   Data   RW         3079    .data               stm32f4xx_hal.o
    0x20000481   COMPRESSED   0x00000003   PAD
    0x20000484   COMPRESSED   0x0000003c   Data   RW         5518    .data               tasks.o
    0x200004c0   COMPRESSED   0x00000014   Data   RW         5848    .data               timers.o
    0x200004d4   COMPRESSED   0x00000020   Data   RW         6379    .data               heap_4.o
    0x200004f4   COMPRESSED   0x0000000c   Data   RW         6435    .data               port.o
    0x20000500   COMPRESSED   0x00000004   Data   RW         6949    .data               mc_w.l(mvars.o)
    0x20000504   COMPRESSED   0x00000004   Data   RW         6950    .data               mc_w.l(mvars.o)
    0x20000508   COMPRESSED   0x00000004   Data   RW         6954    .data               mc_w.l(errno.o)
    0x2000050c        -       0x000006a8   Zero   RW          279    .bss                freertos.o
    0x20000bb4        -       0x00000028   Zero   RW          374    .bss                can.o
    0x20000bdc        -       0x00000118   Zero   RW          440    .bss                spi.o
    0x20000cf4        -       0x00000090   Zero   RW          484    .bss                tim.o
    0x20000d84        -       0x000000fc   Zero   RW          542    .bss                usart.o
    0x20000e80        -       0x00000048   Zero   RW          750    .bss                stm32f4xx_hal_timebase_tim.o
    0x20000ec8        -       0x00000146   Zero   RW          832    .bss                ins_task.o
    0x2000100e   COMPRESSED   0x00000002   PAD
    0x20001010        -       0x00000304   Zero   RW         1070    .bss                bsp_chassis.o
    0x20001314        -       0x000000b4   Zero   RW         1161    .bss                bsp_ros.o
    0x200013c8        -       0x00000078   Zero   RW         1228    .bss                can_receive.o
    0x20001440        -       0x00000040   Zero   RW         1335    .bss                bmi088driver.o
    0x20001480        -       0x00000270   Zero   RW         1837    .bss                quaternionekf.o
    0x200016f0        -       0x00000040   Zero   RW         5144    .bss                queue.o
    0x20001730        -       0x000000f0   Zero   RW         5517    .bss                tasks.o
    0x20001820        -       0x00000110   Zero   RW         5847    .bss                timers.o
    0x20001930        -       0x00006000   Zero   RW         6378    .bss                heap_4.o
    0x20007930        -       0x00002000   Zero   RW            2    HEAP                startup_stm32f407xx.o
    0x20009930        -       0x00002000   Zero   RW            1    STACK               startup_stm32f407xx.o


==============================================================================

Image component sizes


      Code (inc. data)   RO Data    RW Data    ZI Data      Debug   Object Name

      2882        174          0         72         64      10337   bmi088driver.o
       116         30          0          4          0       3384   bmi088middleware.o
        68          6          0          0          0        574   bsp_can.o
      1274        118         36          0        772       7079   bsp_chassis.o
       580        112          0         64          0       4506   bsp_dwt.o
        58          0          0          0          0        882   bsp_pwm.o
       256         52          0          9        180       4928   bsp_ros.o
       236         24          0          0         40       1701   can.o
       312         34          0         17        120       3032   can_receive.o
       142          0          0          0          0      22975   cmsis_os.o
      2252         38          0        624          0      12872   controller.o
        72          4          0          0          0        778   dma.o
         0          0          0          0          0      17288   event_groups.o
       202         36        108         12       1704      17969   freertos.o
       656         26          0          0          0       1387   gpio.o
       724         74          0         32      24576       4955   heap_4.o
      2516        190         48         72        326      12507   ins_task.o
      3160         26          0          4          0       9367   kalman_filter.o
       148          0          0          0          0       3654   list.o
       316         30          0          0          0     747380   main.o
       592          8          0          0          0       1826   pid.o
      1014         92          0         12          0      12617   port.o
      4156        234        144        212        624       8438   quaternionekf.o
      1918         20          0          0         64      17580   queue.o
       416         38          0          0        280       1955   spi.o
        36          8        392          0      16384        852   startup_stm32f407xx.o
       136         24          0          9          0       8814   stm32f4xx_hal.o
      2134          6          0          0          0      14603   stm32f4xx_hal_can.o
       252         22          0          0          0      33762   stm32f4xx_hal_cortex.o
       670         10          8          0          0       4334   stm32f4xx_hal_dma.o
       538         48          0          0          0       3396   stm32f4xx_hal_gpio.o
        84          6          0          0          0        862   stm32f4xx_hal_msp.o
      1888         94          0          0          0       6385   stm32f4xx_hal_rcc.o
      1078         14          0          0          0       4737   stm32f4xx_hal_spi.o
      2392        142          0          0          0      16736   stm32f4xx_hal_tim.o
       300         30          0          0          0       3389   stm32f4xx_hal_tim_ex.o
       136         12          0          0         72       1491   stm32f4xx_hal_timebase_tim.o
      2408         14          0          0          0      12772   stm32f4xx_hal_uart.o
       142         30          0          0          0       6845   stm32f4xx_it.o
        28          4         24          4          0       1175   system_stm32f4xx.o
      2912        354          0         60        240      27854   tasks.o
       672         54          0          0        144       3319   tim.o
      1318        124          0         20        272      30827   timers.o
      1244        110          0         18        252       6467   usart.o
       790         26          0         24          0       9159   user_lib.o

    ----------------------------------------------------------------------
     43270       2498        792       1280      46116    1127750   Object Totals
         0          0         32          0          0          0   (incl. Generated)
        46          0          0         11          2          0   (incl. Padding)

    ----------------------------------------------------------------------

      Code (inc. data)   RO Data    RW Data    ZI Data      Debug   Library Member Name

         0          0       2052          0          0       4704   arm_common_tables.o
       120         12          0          0          0      17170   arm_cos_f32.o
       264          0          0          0          0       1826   arm_mat_add_f32.o
         8          0          0          0          0        999   arm_mat_init_f32.o
      1328          4          0          0          0       4782   arm_mat_inverse_f32.o
       316          4          0          0          0       2375   arm_mat_mult_f32.o
       264          0          0          0          0       1826   arm_mat_sub_f32.o
       276          0          0          0          0       2240   arm_mat_trans_f32.o
       148         18          0          0          0        814   arm_sin_f32.o
       280         46          0          0          0        176   acosf.o
       300         42          0          0          0        176   asinf.o
       684         90          0          0          0        208   atan2f.o
        38          0          0          0          0        116   fpclassifyf.o
        44         12          0          0          0        464   funder.o
       120          0          0          0          0        272   sqrtf_full.o
        86          0          0          0          0          0   __dczerorl2.o
         0          0          0          0          0          0   entry.o
         0          0          0          0          0          0   entry10a.o
         0          0          0          0          0          0   entry11a.o
         4          0          0          0          0          0   entry12b.o
         8          4          0          0          0          0   entry2.o
         4          0          0          0          0          0   entry5.o
         0          0          0          0          0          0   entry7b.o
         0          0          0          0          0          0   entry8b.o
         8          4          0          0          0          0   entry9a.o
        12          6          0          4          0         68   errno.o
        30          0          0          0          0          0   handlers.o
        36          8          0          0          0         68   init.o
         0          0          0          0          0          0   iusefp.o
        30          0          0          0          0         68   llshl.o
        32          0          0          0          0         68   llushr.o
       108         16          0          0          0         84   malloc.o
        36          0          0          0          0         68   memcpya.o
        36          0          0          0          0        108   memseta.o
         0          0          0          8          0          0   mvars.o
        98          0          0          0          0         92   uldiv.o

    ----------------------------------------------------------------------
      4726        266       2052         12          0      38772   Library Totals
         8          0          0          0          0          0   (incl. Padding)

    ----------------------------------------------------------------------

      Code (inc. data)   RO Data    RW Data    ZI Data      Debug   Library Name

      2724         38       2052          0          0      36736   arm_cortexM4lf_math.lib
      1466        190          0          0          0       1412   m_wm.l
       528         38          0         12          0        624   mc_w.l

    ----------------------------------------------------------------------
      4726        266       2052         12          0      38772   Library Totals

    ----------------------------------------------------------------------

==============================================================================


      Code (inc. data)   RO Data    RW Data    ZI Data      Debug   

     47996       2764       2844       1292      46116    1137998   Grand Totals
     47996       2764       2844        188      46116    1137998   ELF Image Totals (compressed)
     47996       2764       2844        188          0          0   ROM Totals

==============================================================================

    Total RO  Size (Code + RO Data)                50840 (  49.65kB)
    Total RW  Size (RW Data + ZI Data)             47408 (  46.30kB)
    Total ROM Size (Code + RO Data + RW Data)      51028 (  49.83kB)

==============================================================================

